--------- beginning of system
01-04 11:47:41.046   239   239 I vold    : Vold 3.0 (the awakening) firing up
01-04 11:47:41.047   239   239 V vold    : Detected support for: ext4 vfat
01-04 11:47:43.549   342   342 I irsc_util: Starting irsc tool
01-04 11:47:43.580   342   342 I irsc_util: Num of entries:284
01-04 11:47:43.678   342   342 I irsc_util: Ending irsc tool
--------- beginning of crash
01-04 11:47:44.123   402   402 F libc    : page record for 0xb6d3202c was not found (block_size=16)
05-26 14:57:04.731  1228  1228 I InstallerConnection: connecting...
05-26 14:57:04.763  1228  1228 I InstallerConnection: disconnecting...
05-26 14:57:04.871  1228  1228 I SystemServer: Entered the Android system server!
05-26 14:57:04.967  1228  1228 I SystemServiceManager: Starting com.android.server.pm.Installer
05-26 14:57:04.981  1228  1228 I Installer: Waiting for installd to be ready.
05-26 14:57:04.981  1228  1228 I InstallerConnection: connecting...
05-26 14:57:04.982  1228  1228 I SystemServiceManager: Starting com.android.server.am.ActivityManagerService$Lifecycle
05-26 14:57:05.014  1228  1228 I XXXXXX  : choosing minFree values for 32 Bit
05-26 14:57:05.014  1228  1228 I XXXXXX  : choosing minFree values for 32 Bit
05-26 14:57:05.015  1228  1228 I XXXXXX  : choosing minFree values for 32 Bit
05-26 14:57:05.015  1228  1228 I XXXXXX  : choosing minFree values for 32 Bit
05-26 14:57:05.015  1228  1228 I XXXXXX  : choosing minFree values for 32 Bit
05-26 14:57:05.015  1228  1228 I XXXXXX  : choosing minFree values for 32 Bit
05-26 14:57:05.034  1228  1228 I ActivityManager: Memory class: 128
05-26 14:57:05.045  1228  1263 I ServiceThread: Enabled StrictMode logging for ActivityManager looper.
05-26 14:57:05.050  1228  1264 I ServiceThread: Enabled StrictMode logging for android.ui looper.
05-26 14:57:05.083  1228  1228 D BatteryStatsImpl: Reading daily items from /data/system/batterystats-daily.xml
05-26 14:57:05.265  1228  1228 W ProcessCpuTracker: Skipping unknown process pid 1270
05-26 14:57:05.266  1228  1228 W ProcessCpuTracker: Skipping unknown process pid 1271
05-26 14:57:05.289  1228  1228 I IntentFirewall: Read new rules (A:0 B:0 S:0)
05-26 14:57:05.309  1228  1284 I ServiceThread: Enabled StrictMode logging for android.display looper.
05-26 14:57:05.318  1228  1228 D AppOps  : AppOpsService published
05-26 14:57:05.319  1228  1228 I SystemServiceManager: Starting com.android.server.power.PowerManagerService
05-26 14:57:05.327  1228  1288 I ServiceThread: Enabled StrictMode logging for PowerManagerService looper.
05-26 14:57:05.357  1228  1228 I SystemServiceManager: Starting com.android.server.lights.LightsService
05-26 14:57:05.365  1228  1228 I SystemServiceManager: Starting com.android.server.display.DisplayManagerService
05-26 14:57:05.382  1228  1228 I SystemServiceManager: Starting phase 100
05-26 14:57:05.443  1228  1284 I DisplayManagerService: Display device added: DisplayDeviceInfo{"内置屏幕": uniqueId="local:0", 240 x 240, modeId 1, defaultModeId 1, supportedModes [{id=1, width=240, height=240, fps=20.0}], colorTransformId 1, defaultColorTransformId 1, supportedColorTransforms [{id=1, colorTransform=4}], density 160, 160.421 x 160.421 dpi, appVsyncOff 0, presDeadline 51000000, touch INTERNAL, rotation 0, type BUILT_IN, state UNKNOWN, FLAG_DEFAULT_DISPLAY, FLAG_ROTATES_WITH_CONTENT, FLAG_SECURE, FLAG_SUPPORTS_PROTECTED_BUFFERS}
05-26 14:57:05.447  1228  1284 I DisplayManagerService: Display device changed state: "内置屏幕", ON
05-26 14:57:05.447  1228  1228 I SystemServer: Regionalization Service
05-26 14:57:05.448  1228  1228 I SystemServer: Package Manager
05-26 14:57:05.538  1228  1228 W SystemConfig: No directory /system/etc/sysconfig, skipping
05-26 14:57:05.675  1228  1228 D SELinuxMMAC: Using policy file /system/etc/security/mac_permissions.xml
05-26 14:57:06.064  1228  1228 W PackageManager: Library not found: /system/framework/smartsearch.jar
05-26 14:57:06.119  1228  1228 W PackageManager: Library not found: /system/framework/com.qrd.wappush.jar
05-26 14:57:06.202  1228  1228 W PackageManager: Library not found: /system/framework/org.apache.http.legacy.jar
05-26 14:57:06.394  1228  1228 W PackageManager: Failed to parse /system/framework/arm: Missing base APK in /system/framework/arm
05-26 14:57:06.504  1228  1228 W PackageManager: Failed to parse /system/framework/oat: Missing base APK in /system/framework/oat
05-26 14:57:06.872  1228  1228 W PackageParser: Ignoring duplicate uses-permissions/uses-permissions-sdk-m: android.permission.INTERNET in package: com.android.dialer at: Binary XML file line #71
05-26 14:57:06.882  1228  1228 W PackageParser: No actions in intent filter at /system/priv-app/Dialer/Dialer.apk Binary XML file line #190
05-26 14:57:06.963  1228  1228 W PackageManager: Permission android.permission.DOWNLOAD_WITHOUT_NOTIFICATION from package com.android.providers.downloads in an unknown group android.permission-group.NETWORK
--------- beginning of main
05-26 14:57:06.991   452   516 E slim_daemon: [NDK] bindNDKSensors: Sensor server is unavailable.
05-26 14:57:06.994   520  1501 I chatty  : uid=0(root) /system/bin/netmgrd expire 1 line
05-26 14:57:07.005   520  1510 I chatty  : uid=0(root) /system/bin/netmgrd expire 1 line
05-26 14:57:07.014   520  1516 I chatty  : uid=0(root) /system/bin/netmgrd expire 1 line
05-26 14:57:07.077  1228  1228 W PackageParser: Unknown element under <application>: permission at /system/priv-app/Gallery2/Gallery2.apk Binary XML file line #275
05-26 14:57:07.077  1228  1228 W PackageParser: Unknown element under <application>: permission at /system/priv-app/Gallery2/Gallery2.apk Binary XML file line #278
05-26 14:57:07.134   520  1534 I chatty  : uid=0(root) /system/bin/netmgrd expire 1 line
05-26 14:57:07.163   520  1542 I chatty  : uid=0(root) /system/bin/netmgrd expire 1 line
05-26 14:57:07.165   317  1553 I chatty  : uid=0(root) /system/bin/netd expire 2 lines
05-26 14:57:07.173   520  1558 I chatty  : uid=0(root) /system/bin/netmgrd expire 1 line
05-26 14:57:07.188   520  1565 I chatty  : uid=0(root) /system/bin/netmgrd expire 1 line
05-26 14:57:07.200   520  1573 I chatty  : uid=0(root) /system/bin/netmgrd expire 1 line
05-26 14:57:07.210   520  1581 I chatty  : uid=0(root) /system/bin/netmgrd expire 1 line
05-26 14:57:07.227   520  1588 I chatty  : uid=0(root) /system/bin/netmgrd expire 1 line
05-26 14:57:07.238   520  1597 I chatty  : uid=0(root) /system/bin/netmgrd expire 1 line
05-26 14:57:07.253   520  1603 I chatty  : uid=0(root) /system/bin/netmgrd expire 1 line
05-26 14:57:07.285   520  1611 I chatty  : uid=0(root) /system/bin/netmgrd expire 1 line
05-26 14:57:07.297   520  1619 I chatty  : uid=0(root) /system/bin/netmgrd expire 1 line
05-26 14:57:07.307   520  1626 I chatty  : uid=0(root) /system/bin/netmgrd expire 1 line
05-26 14:57:07.359   520  1636 I chatty  : uid=0(root) /system/bin/netmgrd expire 1 line
05-26 14:57:07.374   520  1644 I chatty  : uid=0(root) /system/bin/netmgrd expire 1 line
05-26 14:57:07.385   520  1651 I chatty  : uid=0(root) /system/bin/netmgrd expire 1 line
05-26 14:57:07.405   520  1660 I chatty  : uid=0(root) /system/bin/netmgrd expire 1 line
05-26 14:57:07.415   520  1667 I chatty  : uid=0(root) /system/bin/netmgrd expire 1 line
05-26 14:57:07.428   520  1674 I chatty  : uid=0(root) /system/bin/netmgrd expire 1 line
05-26 14:57:07.444   520  1681 I chatty  : uid=0(root) /system/bin/netmgrd expire 1 line
05-26 14:57:07.453   520  1689 I chatty  : uid=0(root) /system/bin/netmgrd expire 1 line
05-26 14:57:07.467   520  1696 I chatty  : uid=0(root) /system/bin/netmgrd expire 1 line
05-26 14:57:07.482   520  1704 I chatty  : uid=0(root) /system/bin/netmgrd expire 1 line
05-26 14:57:07.491   520  1712 I chatty  : uid=0(root) /system/bin/netmgrd expire 1 line
05-26 14:57:07.502   520  1719 I chatty  : uid=0(root) /system/bin/netmgrd expire 1 line
05-26 14:57:07.503   393   448 E QCALOG  : [MessageQ] ProcessNewMessage: [XTWiFi-PE] unknown deliver target [OS-Agent]
05-26 14:57:07.552   520  1740 I chatty  : uid=0(root) /system/bin/netmgrd expire 1 line
05-26 14:57:07.563   451   541 E LocSvc_api_v02: E/loc_sync_wait_for_ind:458]: slot 0, timed out for ind_id QMI_LOC_INJECT_APDONOTCACHE_DATA_REQ_V02
05-26 14:57:07.563   451   541 E LocSvc_api_v02: E/loc_sync_send_req:530]: loc_api_wait_for_ind failed, err -110, select id 0, status eLOC_CLIENT_FAILURE_TIMEOUT
05-26 14:57:07.563   520  1749 I chatty  : uid=0(root) /system/bin/netmgrd expire 1 line
05-26 14:57:07.563   451   541 E LocSvc_IzatApiV02: E/virtual int izat_core::IzatApiV02::injectApCacheBlacklist(APCacheBlacklistData):773]: Error : st = 6, ind.status = -1226267633
05-26 14:57:07.563   451   541 E LocSvc_IzatApiV02: E/virtual int izat_core::IzatApiV02::injectApCacheBlacklist(APCacheBlacklistData):785]: inject AP Cache - blacklistto modem failed. 
05-26 14:57:07.563   451   541 E LocSvc_api_v02: I/---> locClientSendReq line 2021 QMI_LOC_INJECT_APDONOTCACHE_DATA_REQ_V02
05-26 14:57:07.574   520  1755 I chatty  : uid=0(root) /system/bin/netmgrd expire 1 line
05-26 14:57:07.589   520  1763 I chatty  : uid=0(root) /system/bin/netmgrd expire 1 line
05-26 14:57:07.598   520  1771 I chatty  : uid=0(root) /system/bin/netmgrd expire 1 line
05-26 14:57:07.610   520  1777 I chatty  : uid=0(root) /system/bin/netmgrd expire 1 line
05-26 14:57:07.622  1228  1228 W PackageParser: Ignoring duplicate uses-permissions/uses-permissions-sdk-m: android.permission.USE_CREDENTIALS in package: com.android.settings at: Binary XML file line #55
05-26 14:57:07.622  1228  1228 W PackageParser: Ignoring duplicate uses-permissions/uses-permissions-sdk-m: android.permission.READ_SYNC_SETTINGS in package: com.android.settings at: Binary XML file line #60
05-26 14:57:07.622  1228  1228 W PackageParser: Ignoring duplicate uses-permissions/uses-permissions-sdk-m: android.permission.WRITE_SYNC_SETTINGS in package: com.android.settings at: Binary XML file line #61
05-26 14:57:07.632   520  1786 I chatty  : uid=0(root) /system/bin/netmgrd expire 1 line
05-26 14:57:07.643   520  1794 I chatty  : uid=0(root) /system/bin/netmgrd expire 1 line
05-26 14:57:07.656   520  1801 I chatty  : uid=0(root) /system/bin/netmgrd expire 1 line
05-26 14:57:07.671   520  1808 I chatty  : uid=0(root) /system/bin/netmgrd expire 1 line
05-26 14:57:07.682   520  1815 I chatty  : uid=0(root) /system/bin/netmgrd expire 1 line
05-26 14:57:07.695   520  1823 I chatty  : uid=0(root) /system/bin/netmgrd expire 1 line
05-26 14:57:07.745   451   555 W XTCC-5.1.0.13: [CS-RIL-LISTENER] timerCallback fired for ril update registering, re-register
05-26 14:57:07.745   393   448 E QCALOG  : [MessageQ] ProcessNewMessage: [XT-CS] unknown deliver target [OS-Agent]
05-26 14:57:07.745   393   448 E QCALOG  : [MessageQ] ProcessNewMessage: [XT-CS] unknown deliver target [OS-Agent]
05-26 14:57:07.747   520  1832 I chatty  : uid=0(root) /system/bin/netmgrd expire 1 line
05-26 14:57:07.761   520  1840 I chatty  : uid=0(root) /system/bin/netmgrd expire 1 line
05-26 14:57:07.770   520  1846 I chatty  : uid=0(root) /system/bin/netmgrd expire 1 line
05-26 14:57:07.783   520  1853 I chatty  : uid=0(root) /system/bin/netmgrd expire 1 line
05-26 14:57:07.791  1228  1228 W PackageParser: Ignoring duplicate uses-permissions/uses-permissions-sdk-m: android.permission.INSTALL_GRANT_RUNTIME_PERMISSIONS in package: com.android.shell at: Binary XML file line #101
05-26 14:57:07.793   520  1861 I chatty  : uid=0(root) /system/bin/netmgrd expire 1 line
05-26 14:57:07.803   520  1869 I chatty  : uid=0(root) /system/bin/netmgrd expire 1 line
05-26 14:57:07.818   520  1876 I chatty  : uid=0(root) /system/bin/netmgrd expire 1 line
05-26 14:57:07.832   520  1884 I chatty  : uid=0(root) /system/bin/netmgrd expire 1 line
05-26 14:57:07.842   520  1892 I chatty  : uid=0(root) /system/bin/netmgrd expire 1 line
05-26 14:57:07.862   520  1899 I chatty  : uid=0(root) /system/bin/netmgrd expire 1 line
05-26 14:57:07.879   520  1908 I chatty  : uid=0(root) /system/bin/netmgrd expire 1 line
05-26 14:57:07.889   520  1915 I chatty  : uid=0(root) /system/bin/netmgrd expire 1 line
05-26 14:57:07.908  1228  1228 W PackageParser: Ignoring duplicate uses-permissions/uses-permissions-sdk-m: android.permission.CONFIGURE_WIFI_DISPLAY in package: com.android.systemui at: Binary XML file line #121
05-26 14:57:07.950   520  1925 I chatty  : uid=0(root) /system/bin/netmgrd expire 1 line
05-26 14:57:07.952   332   332 I chatty  : uid=1013(media) /system/bin/mediaserver expire 16 lines
05-26 14:57:07.965   520  1933 I chatty  : uid=0(root) /system/bin/netmgrd expire 1 line
05-26 14:57:07.976   520  1941 I chatty  : uid=0(root) /system/bin/netmgrd expire 1 line
05-26 14:57:07.989   520  1948 I chatty  : uid=0(root) /system/bin/netmgrd expire 1 line
05-26 14:57:07.991   452   516 E slim_daemon: [NDK] bindNDKSensors: Sensor server is unavailable.
05-26 14:57:07.998   520  1955 I chatty  : uid=0(root) /system/bin/netmgrd expire 1 line
05-26 14:57:08.011   520  1963 I chatty  : uid=0(root) /system/bin/netmgrd expire 1 line
05-26 14:57:08.024   520  1969 I chatty  : uid=0(root) /system/bin/netmgrd expire 1 line
05-26 14:57:08.034   520  1976 I chatty  : uid=0(root) /system/bin/netmgrd expire 1 line
05-26 14:57:08.046   520  1984 I chatty  : uid=0(root) /system/bin/netmgrd expire 1 line
05-26 14:57:08.058   520  1991 I chatty  : uid=0(root) /system/bin/netmgrd expire 1 line
05-26 14:57:08.066   520  1999 I chatty  : uid=0(root) /system/bin/netmgrd expire 1 line
05-26 14:57:08.076   520  2005 I chatty  : uid=0(root) /system/bin/netmgrd expire 1 line
05-26 14:57:08.124   520  2016 I chatty  : uid=0(root) /system/bin/netmgrd expire 1 line
05-26 14:57:08.132   520  2023 I chatty  : uid=0(root) /system/bin/netmgrd expire 1 line
05-26 14:57:08.145   520  2029 I chatty  : uid=0(root) /system/bin/netmgrd expire 1 line
05-26 14:57:08.159   520  2036 I chatty  : uid=0(root) /system/bin/netmgrd expire 1 line
05-26 14:57:08.171   520  2043 I chatty  : uid=0(root) /system/bin/netmgrd expire 1 line
05-26 14:57:08.183   520  2051 I chatty  : uid=0(root) /system/bin/netmgrd expire 1 line
05-26 14:57:08.185  1228  1228 W PackageParser: Ignoring duplicate uses-permissions/uses-permissions-sdk-m: android.permission.READ_PHONE_STATE in package: com.ctyon.watch at: Binary XML file line #18
05-26 14:57:08.196   520  2058 I chatty  : uid=0(root) /system/bin/netmgrd expire 1 line
05-26 14:57:08.206   520  2065 I chatty  : uid=0(root) /system/bin/netmgrd expire 1 line
05-26 14:57:08.218   520  2073 I chatty  : uid=0(root) /system/bin/netmgrd expire 1 line
05-26 14:57:08.231   520  2080 I chatty  : uid=0(root) /system/bin/netmgrd expire 1 line
05-26 14:57:08.242   520  2087 I chatty  : uid=0(root) /system/bin/netmgrd expire 1 line
05-26 14:57:08.255   520  2094 I chatty  : uid=0(root) /system/bin/netmgrd expire 1 line
05-26 14:57:08.276  1228  1228 W PackageParser: Unknown element under <manifest>: meta-data at /system/priv-app/socket-release/socket-release.apk Binary XML file line #35
05-26 14:57:08.301   520  2105 I chatty  : uid=0(root) /system/bin/netmgrd expire 1 line
05-26 14:57:08.313   520  2112 I chatty  : uid=0(root) /system/bin/netmgrd expire 1 line
05-26 14:57:08.322   520  2119 I chatty  : uid=0(root) /system/bin/netmgrd expire 1 line
05-26 14:57:08.330  1228  1228 W PackageParser: Unknown element under <manifest>: meta-data at /system/priv-app/weather-release/weather-release.apk Binary XML file line #20
05-26 14:57:08.336   520  2126 I chatty  : uid=0(root) /system/bin/netmgrd expire 1 line
05-26 14:57:08.346   520  2133 I chatty  : uid=0(root) /system/bin/netmgrd expire 1 line
05-26 14:57:08.357   520  2140 I chatty  : uid=0(root) /system/bin/netmgrd expire 1 line
05-26 14:57:08.375   520  2148 I chatty  : uid=0(root) /system/bin/netmgrd expire 1 line
05-26 14:57:08.394   520  2155 I chatty  : uid=0(root) /system/bin/netmgrd expire 1 line
05-26 14:57:08.404   520  2163 I chatty  : uid=0(root) /system/bin/netmgrd expire 1 line
05-26 14:57:08.422   520  2170 I chatty  : uid=0(root) /system/bin/netmgrd expire 1 line
05-26 14:57:08.432   520  2179 I chatty  : uid=0(root) /system/bin/netmgrd expire 1 line
05-26 14:57:08.442   520  2185 I chatty  : uid=0(root) /system/bin/netmgrd expire 1 line
05-26 14:57:08.452  1228  1228 W PackageParser: Ignoring duplicate uses-permissions/uses-permissions-sdk-m: android.permission.READ_CONTACTS in package: com.android.bluetooth at: Binary XML file line #64
05-26 14:57:08.457  1228  1228 W PackageParser: No actions in intent filter at /system/app/Bluetooth/Bluetooth.apk Binary XML file line #235
05-26 14:57:08.486  1228  1228 W PackageParser: Unknown element under <application>: uses-feature at /system/app/BluetoothExt/BluetoothExt.apk Binary XML file line #57
05-26 14:57:08.487  1228  1228 W PackageParser: No actions in intent filter at /system/app/BluetoothExt/BluetoothExt.apk Binary XML file line #137
05-26 14:57:08.487  1228  1228 W PackageParser: No actions in intent filter at /system/app/BluetoothExt/BluetoothExt.apk Binary XML file line #161
05-26 14:57:08.495   520  2195 I chatty  : uid=0(root) /system/bin/netmgrd expire 1 line
05-26 14:57:08.513   520  2203 I chatty  : uid=0(root) /system/bin/netmgrd expire 1 line
05-26 14:57:08.529   520  2210 I chatty  : uid=0(root) /system/bin/netmgrd expire 1 line
05-26 14:57:08.543   520  2218 I chatty  : uid=0(root) /system/bin/netmgrd expire 1 line
05-26 14:57:08.553   520  2226 I chatty  : uid=0(root) /system/bin/netmgrd expire 1 line
05-26 14:57:08.563   520  2233 I chatty  : uid=0(root) /system/bin/netmgrd expire 1 line
05-26 14:57:08.565   451   541 E LocSvc_api_v02: E/loc_sync_wait_for_ind:458]: slot 0, timed out for ind_id QMI_LOC_INJECT_APDONOTCACHE_DATA_REQ_V02
05-26 14:57:08.565   451   541 E LocSvc_api_v02: E/loc_sync_send_req:530]: loc_api_wait_for_ind failed, err -110, select id 0, status eLOC_CLIENT_FAILURE_TIMEOUT
05-26 14:57:08.565   451   541 E LocSvc_IzatApiV02: E/virtual int izat_core::IzatApiV02::injectApCacheBlacklist(APCacheBlacklistData):773]: Error : st = 6, ind.status = -1226267633
05-26 14:57:08.565   451   541 E LocSvc_IzatApiV02: E/virtual int izat_core::IzatApiV02::injectApCacheBlacklist(APCacheBlacklistData):785]: inject AP Cache - blacklistto modem failed. 
05-26 14:57:08.565   451   541 E LocSvc_api_v02: I/---> locClientSendReq line 2021 QMI_LOC_INJECT_APDONOTCACHE_DATA_REQ_V02
05-26 14:57:08.576  1228  1228 W PackageParser: No actions in intent filter at /system/app/CMFileManager/CMFileManager.apk Binary XML file line #150
05-26 14:57:08.583   520  2242 I chatty  : uid=0(root) /system/bin/netmgrd expire 1 line
05-26 14:57:08.592   520  2250 I chatty  : uid=0(root) /system/bin/netmgrd expire 1 line
05-26 14:57:08.605   520  2256 I chatty  : uid=0(root) /system/bin/netmgrd expire 1 line
05-26 14:57:08.619   520  2263 I chatty  : uid=0(root) /system/bin/netmgrd expire 1 line
05-26 14:57:08.631   520  2270 I chatty  : uid=0(root) /system/bin/netmgrd expire 1 line
05-26 14:57:08.644   520  2279 I chatty  : uid=0(root) /system/bin/netmgrd expire 1 line
05-26 14:57:08.693   520  2288 I chatty  : uid=0(root) /system/bin/netmgrd expire 1 line
05-26 14:57:08.707   520  2296 I chatty  : uid=0(root) /system/bin/netmgrd expire 1 line
05-26 14:57:08.718   520  2303 I chatty  : uid=0(root) /system/bin/netmgrd expire 1 line
05-26 14:57:08.731   520  2310 I chatty  : uid=0(root) /system/bin/netmgrd expire 1 line
05-26 14:57:08.744   451   557 W XTCC-5.1.0.13: [FDAL_ZPP_MGR] RequestNewZppFix: Getting ZPP
05-26 14:57:08.745   451   557 E LocSvc_api_v02: I/---> locClientSendReq line 2021 QMI_LOC_GET_BEST_AVAILABLE_POSITION_REQ_V02
05-26 14:57:08.745   520  2317 I chatty  : uid=0(root) /system/bin/netmgrd expire 1 line
05-26 14:57:08.749   451  1063 E LocSvc_ApiV02: I/<--- void globalRespCb(locClientHandleType, uint32_t, locClientRespIndUnionType, uint32_t, void*) line 117 QMI_LOC_GET_BEST_AVAILABLE_POSITION_REQ_V02
05-26 14:57:08.749   451   557 W XTCC-5.1.0.13: [FDAL_ZPP_MGR] RequestNewZppFix 0.000000 0.000000 0.000000: ZPP Return Flag 0x0
05-26 14:57:08.749   451   557 W XTCC-5.1.0.13: [FDAL_ZPP_MGR] RequestNewZppFix Expand the HEPE of previous ZPP fix. Not done
05-26 14:57:08.755   520  2325 I chatty  : uid=0(root) /system/bin/netmgrd expire 1 line
05-26 14:57:08.772   520  2332 I chatty  : uid=0(root) /system/bin/netmgrd expire 1 line
05-26 14:57:08.784   520  2341 I chatty  : uid=0(root) /system/bin/netmgrd expire 1 line
05-26 14:57:08.795   520  2347 I chatty  : uid=0(root) /system/bin/netmgrd expire 1 line
05-26 14:57:08.807   520  2354 I chatty  : uid=0(root) /system/bin/netmgrd expire 1 line
05-26 14:57:08.822   520  2364 I chatty  : uid=0(root) /system/bin/netmgrd expire 1 line
05-26 14:57:08.831   520  2370 I chatty  : uid=0(root) /system/bin/netmgrd expire 1 line
05-26 14:57:08.880   520  2380 I chatty  : uid=0(root) /system/bin/netmgrd expire 1 line
05-26 14:57:08.894   520  2388 I chatty  : uid=0(root) /system/bin/netmgrd expire 1 line
05-26 14:57:08.908   520  2394 I chatty  : uid=0(root) /system/bin/netmgrd expire 1 line
05-26 14:57:08.924   520  2401 I chatty  : uid=0(root) /system/bin/netmgrd expire 1 line
05-26 14:57:08.940   520  2410 I chatty  : uid=0(root) /system/bin/netmgrd expire 1 line
05-26 14:57:08.957   520  2417 I chatty  : uid=0(root) /system/bin/netmgrd expire 1 line
05-26 14:57:08.958  1228  1228 W PackageParser: Ignoring duplicate uses-permissions/uses-permissions-sdk-m: android.permission.WRITE_SETTINGS in package: com.android.factorymode at: Binary XML file line #415
05-26 14:57:08.973   520  2425 I chatty  : uid=0(root) /system/bin/netmgrd expire 1 line
05-26 14:57:08.982   520  2433 I chatty  : uid=0(root) /system/bin/netmgrd expire 1 line
05-26 14:57:08.992   452   516 E slim_daemon: [NDK] bindNDKSensors: Sensor server is unavailable.
05-26 14:57:08.994   520  2440 I chatty  : uid=0(root) /system/bin/netmgrd expire 1 line
05-26 14:57:09.010   520  2448 I chatty  : uid=0(root) /system/bin/netmgrd expire 1 line
05-26 14:57:09.020   520  2455 I chatty  : uid=0(root) /system/bin/netmgrd expire 1 line
05-26 14:57:09.029   520  2462 I chatty  : uid=0(root) /system/bin/netmgrd expire 1 line
05-26 14:57:09.087   520  2472 I chatty  : uid=0(root) /system/bin/netmgrd expire 1 line
05-26 14:57:09.100   520  2479 I chatty  : uid=0(root) /system/bin/netmgrd expire 1 line
05-26 14:57:09.114   520  2486 I chatty  : uid=0(root) /system/bin/netmgrd expire 1 line
05-26 14:57:09.129   520  2493 I chatty  : uid=0(root) /system/bin/netmgrd expire 1 line
05-26 14:57:09.143   520  2501 I chatty  : uid=0(root) /system/bin/netmgrd expire 1 line
05-26 14:57:09.149  1228  1228 W PackageParser: Ignoring duplicate uses-permissions/uses-permissions-sdk-m: android.permission.SYSTEM_ALERT_WINDOW in package: com.android.music at: Binary XML file line #34
05-26 14:57:09.152  1228  1228 W PackageParser: No actions in intent filter at /system/app/Music/Music.apk Binary XML file line #68
05-26 14:57:09.155  1228  1228 W PackageParser: No actions in intent filter at /system/app/Music/Music.apk Binary XML file line #174
05-26 14:57:09.158   520  2509 I chatty  : uid=0(root) /system/bin/netmgrd expire 1 line
05-26 14:57:09.176   520  2516 I chatty  : uid=0(root) /system/bin/netmgrd expire 1 line
05-26 14:57:09.185   520  2525 I chatty  : uid=0(root) /system/bin/netmgrd expire 1 line
05-26 14:57:09.193   520  2532 I chatty  : uid=0(root) /system/bin/netmgrd expire 1 line
05-26 14:57:09.204   520  2539 I chatty  : uid=0(root) /system/bin/netmgrd expire 1 line
05-26 14:57:09.214   520  2547 I chatty  : uid=0(root) /system/bin/netmgrd expire 1 line
05-26 14:57:09.222   520  2554 I chatty  : uid=0(root) /system/bin/netmgrd expire 1 line
05-26 14:57:09.268   520  2562 I chatty  : uid=0(root) /system/bin/netmgrd expire 1 line
05-26 14:57:09.277   520  2570 I chatty  : uid=0(root) /system/bin/netmgrd expire 1 line
05-26 14:57:09.286   520  2577 I chatty  : uid=0(root) /system/bin/netmgrd expire 1 line
05-26 14:57:09.298   520  2584 I chatty  : uid=0(root) /system/bin/netmgrd expire 1 line
05-26 14:57:09.307   520  2591 I chatty  : uid=0(root) /system/bin/netmgrd expire 1 line
05-26 14:57:09.317   520  2598 I chatty  : uid=0(root) /system/bin/netmgrd expire 1 line
05-26 14:57:09.331   520  2605 I chatty  : uid=0(root) /system/bin/netmgrd expire 1 line
05-26 14:57:09.340   520  2613 I chatty  : uid=0(root) /system/bin/netmgrd expire 1 line
05-26 14:57:09.349   520  2620 I chatty  : uid=0(root) /system/bin/netmgrd expire 1 line
05-26 14:57:09.362   520  2627 I chatty  : uid=0(root) /system/bin/netmgrd expire 1 line
05-26 14:57:09.371   520  2635 I chatty  : uid=0(root) /system/bin/netmgrd expire 1 line
05-26 14:57:09.380   520  2642 I chatty  : uid=0(root) /system/bin/netmgrd expire 1 line
05-26 14:57:09.428   520  2650 I chatty  : uid=0(root) /system/bin/netmgrd expire 1 line
05-26 14:57:09.438   520  2658 I chatty  : uid=0(root) /system/bin/netmgrd expire 1 line
05-26 14:57:09.447   520  2665 I chatty  : uid=0(root) /system/bin/netmgrd expire 1 line
05-26 14:57:09.452  1228  1228 W PackageParser: Service exported request ignored due to singleUser: com.qualcomm.qti.rcsservice.QRCSService at /system/app/RCSBootstraputil/RCSBootstraputil.apk Binary XML file line #28
05-26 14:57:09.459   520  2672 I chatty  : uid=0(root) /system/bin/netmgrd expire 1 line
05-26 14:57:09.468   520  2680 I chatty  : uid=0(root) /system/bin/netmgrd expire 1 line
05-26 14:57:09.477   520  2687 I chatty  : uid=0(root) /system/bin/netmgrd expire 1 line
05-26 14:57:09.492   520  2694 I chatty  : uid=0(root) /system/bin/netmgrd expire 1 line
05-26 14:57:09.501   520  2702 I chatty  : uid=0(root) /system/bin/netmgrd expire 1 line
05-26 14:57:09.510   520  2709 I chatty  : uid=0(root) /system/bin/netmgrd expire 1 line
05-26 14:57:09.521   520  2716 I chatty  : uid=0(root) /system/bin/netmgrd expire 1 line
05-26 14:57:09.530   520  2724 I chatty  : uid=0(root) /system/bin/netmgrd expire 1 line
05-26 14:57:09.536  1228  1228 W PackageParser: Ignoring duplicate uses-permissions/uses-permissions-sdk-m: android.permission.READ_SYNC_SETTINGS in package: com.qualcomm.simcontacts at: Binary XML file line #52
05-26 14:57:09.537  1228  1228 W PackageParser: Ignoring duplicate uses-permissions/uses-permissions-sdk-m: android.permission.WRITE_SYNC_SETTINGS in package: com.qualcomm.simcontacts at: Binary XML file line #54
05-26 14:57:09.539   520  2732 I chatty  : uid=0(root) /system/bin/netmgrd expire 1 line
05-26 14:57:09.566   451   541 E LocSvc_api_v02: E/loc_sync_wait_for_ind:458]: slot 0, timed out for ind_id QMI_LOC_INJECT_APDONOTCACHE_DATA_REQ_V02
05-26 14:57:09.566   451   541 E LocSvc_api_v02: E/loc_sync_send_req:530]: loc_api_wait_for_ind failed, err -110, select id 0, status eLOC_CLIENT_FAILURE_TIMEOUT
05-26 14:57:09.566   451   541 E LocSvc_IzatApiV02: E/virtual int izat_core::IzatApiV02::injectApCacheBlacklist(APCacheBlacklistData):773]: Error : st = 6, ind.status = -1226267633
05-26 14:57:09.566   451   541 E LocSvc_IzatApiV02: E/virtual int izat_core::IzatApiV02::injectApCacheBlacklist(APCacheBlacklistData):785]: inject AP Cache - blacklistto modem failed. 
05-26 14:57:09.566   451   541 W XTCC-5.1.0.13: [FDAL_LOC_API] retryIfNeeded: Max Injection Retry Count reached. Assuming LP is unsupported
05-26 14:57:09.569   451   557 E LocSvc_api_v02: I/---> locClientClose line 1933 loc client close
05-26 14:57:09.585   520  2751 I chatty  : uid=0(root) /system/bin/netmgrd expire 1 line
05-26 14:57:09.594   520  2759 I chatty  : uid=0(root) /system/bin/netmgrd expire 1 line
05-26 14:57:09.603   520  2766 E QC-DS-LIB: qmi_client [520] d1: failed to locate client data
05-26 14:57:09.618   520  2773 E QC-DS-LIB: qmi_client [520] d2: failed to locate client data
05-26 14:57:09.627   520  2781 E QC-DS-LIB: qmi_client [520] d3: failed to locate client data
05-26 14:57:09.636   520  2788 E QC-DS-LIB: qmi_client [520] d4: failed to locate client data
05-26 14:57:09.649   520  2795 E QC-DS-LIB: qmi_client [520] d5: failed to locate client data
05-26 14:57:09.657   520  2803 E QC-DS-LIB: qmi_client [520] d6: failed to locate client data
05-26 14:57:09.666   520  2810 E QC-DS-LIB: qmi_client [520] d7: failed to locate client data
05-26 14:57:09.677   520  2817 E QC-DS-LIB: qmi_client [520] d8: failed to locate client data
05-26 14:57:09.687   520  2825 E QC-DS-LIB: qmi_client [520] d9: failed to locate client data
05-26 14:57:09.695   520  2832 E QC-DS-LIB: qmi_client [520] da: failed to locate client data
05-26 14:57:09.737  1228  1228 W PackageManager: Permission com.qti.snapdragon.sdk.permission.DISPLAY_SETTINGS from package com.qti.service.colorservice in an unknown group android.permission-group.SYSTEM_TOOLS
05-26 14:57:09.741   520  2840 E QC-DS-LIB: qmi_client [520] db: failed to locate client data
05-26 14:57:09.750   520  2848 E QC-DS-LIB: qmi_client [520] dc: failed to locate client data
05-26 14:57:09.759   520  2855 E QC-DS-LIB: qmi_client [520] dd: failed to locate client data
05-26 14:57:09.772   520  2862 E QC-DS-LIB: qmi_client [520] de: failed to locate client data
05-26 14:57:09.781   520  2870 E QC-DS-LIB: qmi_client [520] df: failed to locate client data
05-26 14:57:09.790   520  2877 E QC-DS-LIB: qmi_client [520] e0: failed to locate client data
05-26 14:57:09.804   520  2884 E QC-DS-LIB: qmi_client [520] e1: failed to locate client data
05-26 14:57:09.813   520  2892 E QC-DS-LIB: qmi_client [520] e2: failed to locate client data
05-26 14:57:09.821   520  2899 E QC-DS-LIB: qmi_client [520] e3: failed to locate client data
05-26 14:57:09.835   520  2906 E QC-DS-LIB: qmi_client [520] e4: failed to locate client data
05-26 14:57:09.845   520  2914 E QC-DS-LIB: qmi_client [520] e5: failed to locate client data
05-26 14:57:09.854   520  2921 E QC-DS-LIB: qmi_client [520] e6: failed to locate client data
05-26 14:57:09.903   520  2929 E QC-DS-LIB: qmi_client [520] e7: failed to locate client data
05-26 14:57:09.912   520  2937 E QC-DS-LIB: qmi_client [520] e8: failed to locate client data
05-26 14:57:09.921   520  2944 E QC-DS-LIB: qmi_client [520] e9: failed to locate client data
05-26 14:57:09.935   520  2951 E QC-DS-LIB: qmi_client [520] ea: failed to locate client data
05-26 14:57:09.940  1228  1228 W PackageManager: Failed to parse /system/vendor/app/RIDLClient: /system/vendor/app/RIDLClient/RIDLClient.apk (at Binary XML file line #8): Requires newer sdk version #24 (current version is #23)
05-26 14:57:09.944   520  2959 E QC-DS-LIB: qmi_client [520] eb: failed to locate client data
05-26 14:57:09.953   520  2966 E QC-DS-LIB: qmi_client [520] ec: failed to locate client data
05-26 14:57:09.966   520  2973 E QC-DS-LIB: qmi_client [520] ed: failed to locate client data
05-26 14:57:09.975   520  2981 E QC-DS-LIB: qmi_client [520] ee: failed to locate client data
05-26 14:57:09.983   520  2988 E QC-DS-LIB: qmi_client [520] ef: failed to locate client data
05-26 14:57:09.993   452   516 E slim_daemon: [NDK] bindNDKSensors: Sensor server is unavailable.
05-26 14:57:09.994   520  2995 E QC-DS-LIB: qmi_client [520] f0: failed to locate client data
05-26 14:57:10.003   520  3003 E QC-DS-LIB: qmi_client [520] f1: failed to locate client data
05-26 14:57:10.015   520  3010 E QC-DS-LIB: qmi_client [520] f2: failed to locate client data
05-26 14:57:10.084   317  1557 E Netd    : duplicate netId 10
05-26 14:57:10.095  1228  1228 W PackageParser: Unknown element under <manifest>: receiver at /data/app/org.noear.h5-1/base.apk Binary XML file line #27
05-26 14:57:10.108  1228  1228 W PackageManager: Package org.codeaurora.bluetooth desires unavailable shared library com.quicinc.wbc; ignoring!
05-26 14:57:10.109  1228  1228 E PackageManager: updateAllSharedLibrariesLPw failed: Package org.codeaurora.ims requires unavailable shared library com.qti.vzw.ims.internal; failing!
05-26 14:57:10.109  1228  1228 W PackageManager: Package com.android.gallery3d desires unavailable shared library com.google.android.media.effects; ignoring!
05-26 14:57:10.109  1228  1228 W PackageManager: Package com.android.gallery3d desires unavailable shared library com.google.android.media.effects; ignoring!
05-26 14:57:10.109  1228  1228 E PackageManager: updateAllSharedLibrariesLPw failed: Package com.qti.vzw.ims.internal.tests requires unavailable shared library com.qti.vzw.ims.internal; failing!
05-26 14:57:10.109  1228  1228 I PackageManager: Adjusting ABI for : com.qualcomm.cabl to armeabi-v7a
05-26 14:57:10.112  1228  1228 I PackageManager: Adjusting ABI for : com.qualcomm.display to armeabi-v7a
05-26 14:57:10.113  1228  1228 I PackageManager: Adjusting ABI for : com.android.settings to armeabi-v7a
05-26 14:57:10.113  1228  1228 I PackageManager: Adjusting ABI for : com.qualcomm.timeservice to armeabi-v7a
05-26 14:57:10.114  1228  1228 I PackageManager: Adjusting ABI for : com.qualcomm.agpstestmode to armeabi-v7a
05-26 14:57:10.114  1228  1228 I PackageManager: Adjusting ABI for : com.quicinc.cne.CNEService to armeabi-v7a
05-26 14:57:10.115  1228  1228 I PackageManager: Adjusting ABI for : com.qualcomm.qti.auth.fidocryptoservice to armeabi-v7a
05-26 14:57:10.115  1228  1228 I PackageManager: Adjusting ABI for : com.qualcomm.location to armeabi-v7a
05-26 14:57:10.115  1228  1228 I PackageManager: Adjusting ABI for : org.codeaurora.btmultisim to armeabi-v7a
05-26 14:57:10.116  1228  1228 I PackageManager: Adjusting ABI for : com.android.inputdevices to armeabi-v7a
05-26 14:57:10.116  1228  1228 I PackageManager: Adjusting ABI for : com.android.providers.settings to armeabi-v7a
05-26 14:57:10.117  1228  1228 I PackageManager: Adjusting ABI for : com.qualcomm.qti.auth.sampleauthenticatorservice to armeabi-v7a
05-26 14:57:10.117  1228  1228 I PackageManager: Adjusting ABI for : com.android.server.telecom to armeabi-v7a
05-26 14:57:10.117  1228  1228 I PackageManager: Adjusting ABI for : com.android.location.fused to armeabi-v7a
05-26 14:57:10.118  1228  1228 I PackageManager: Adjusting ABI for : com.qualcomm.sta to armeabi-v7a
05-26 14:57:10.118  1228  1228 I PackageManager: Adjusting ABI for : com.qualcomm.atfwd to armeabi-v7a
05-26 14:57:10.118  1228  1228 I PackageManager: Adjusting ABI for : com.qualcomm.svi to armeabi-v7a
05-26 14:57:10.119  1228  1228 I PackageManager: Adjusting ABI for : com.leadcore.logspirit to armeabi-v7a
05-26 14:57:10.119  1228  1228 I PackageManager: Adjusting ABI for : com.qualcomm.location.XT to armeabi-v7a
05-26 14:57:10.119  1228  1228 I PackageManager: Adjusting ABI for : com.android.ota to armeabi-v7a
05-26 14:57:10.120  1228  1228 I PackageManager: Adjusting ABI for : com.qualcomm.qti.tetherservice to armeabi-v7a
05-26 14:57:10.120  1228  1228 I PackageManager: Adjusting ABI for : com.qti.service.colorservice to armeabi-v7a
05-26 14:57:10.120  1228  1228 I PackageManager: Adjusting ABI for : com.ctyon.watch to armeabi-v7a
05-26 14:57:10.121  1228  1228 I PackageManager: Adjusting ABI for : com.qualcomm.simcontacts to armeabi-v7a
05-26 14:57:10.122  1228  1228 I PackageManager: Adjusting ABI for : com.android.qrd.engineeringmode to armeabi-v7a
05-26 14:57:10.122  1228  1228 I PackageManager: Adjusting ABI for : com.qualcomm.fastdormancy to armeabi-v7a
05-26 14:57:10.123  1228  1228 I PackageManager: Adjusting ABI for : com.android.poweroffhandlerapp to armeabi-v7a
05-26 14:57:10.123  1228  1228 I PackageManager: Adjusting ABI for : com.qti.diagservices to armeabi-v7a
05-26 14:57:10.123  1228  1228 I PackageManager: Adjusting ABI for : com.dsi.ant.server to armeabi-v7a
05-26 14:57:10.124  1228  1228 I PackageManager: Adjusting ABI for : com.qualcomm.qti.auth.securesampleauthservice to armeabi-v7a
05-26 14:57:10.124  1228  1228 I PackageManager: Adjusting ABI for : com.qualcomm.qti.engineertool.operation to armeabi-v7a
05-26 14:57:10.125  1228  1228 I PackageManager: Adjusting ABI for : com.android.keychain to armeabi-v7a
05-26 14:57:10.125  1228  1228 I PackageManager: Adjusting ABI for : com.android.factorymode to armeabi-v7a
05-26 14:57:10.126  1228  1228 I PackageManager: Adjusting ABI for : com.qualcomm.qti.loadcarrier to armeabi-v7a
05-26 14:57:10.126  1228  1228 I PackageManager: Adjusting ABI for : com.qualcomm.qti.confdialer to armeabi-v7a
05-26 14:57:10.126  1228  1228 I PackageManager: Adjusting ABI for : com.qti.xdivert to armeabi-v7a
05-26 14:57:10.127  1228  1228 I PackageManager: Adjusting ABI for : com.qualcomm.uimremoteclient to armeabi-v7a
05-26 14:57:10.127  1228  1228 I PackageManager: Adjusting ABI for : com.android.stk to armeabi-v7a
05-26 14:57:10.128  1228  1228 I PackageManager: Adjusting ABI for : com.qualcomm.qti.embmstuneaway to armeabi-v7a
05-26 14:57:10.128  1228  1228 I PackageManager: Adjusting ABI for : com.qualcomm.qti.radioconfiginterface to armeabi-v7a
05-26 14:57:10.128  1228  1228 I PackageManager: Adjusting ABI for : com.qualcomm.uimremoteserver to armeabi-v7a
05-26 14:57:10.129  1228  1228 I PackageManager: Adjusting ABI for : com.qualcomm.qti.rcsbootstraputil to armeabi-v7a
05-26 14:57:10.129  1228  1228 I PackageManager: Adjusting ABI for : com.android.providers.telephony to armeabi-v7a
05-26 14:57:10.129  1228  1228 I PackageManager: Adjusting ABI for : com.android.mms.service to armeabi-v7a
05-26 14:57:10.130  1228  1228 I PackageManager: Adjusting ABI for : com.android.phone to armeabi-v7a
05-26 14:57:10.130  1228  1228 I PackageManager: Adjusting ABI for : com.qualcomm.qti.networksetting to armeabi-v7a
05-26 14:57:10.131  1228  1228 I PackageManager: Adjusting ABI for : com.qualcomm.qcrilmsgtunnel to armeabi-v7a
05-26 14:57:10.131  1228  1228 I PackageManager: Adjusting ABI for : com.qualcomm.qti.autoregistration to armeabi-v7a
05-26 14:57:10.132  1228  1228 I PackageManager: Adjusting ABI for : com.qti.qualcomm.datastatusnotification to armeabi-v7a
05-26 14:57:10.145  1228  1228 I PackageManager: Adjusting ABI for : com.qualcomm.qti.telephony.vodafonepack to armeabi-v7a
05-26 14:57:10.145  1228  1228 I PackageManager: Adjusting ABI for : com.qti.primarycardcontroller to armeabi-v7a
05-26 14:57:10.146  1228  1228 I PackageManager: Adjusting ABI for : com.qualcomm.qti.sam.service to armeabi-v7a
05-26 14:57:10.151  1228  1228 I PackageManager: Time to scan packages: 4.103 seconds
05-26 14:57:10.153  1228  1228 W PackageManager: Unknown permission android.permission.WRITE_OWNER_DATA in package com.android.factorymode
05-26 14:57:10.153  1228  1228 W PackageManager: Unknown permission android.permission.ACCESS_SYS_FILESYSTEM in package com.android.factorymode
05-26 14:57:10.154  1228  1228 W PackageManager: Unknown permission android.permission.READ_SETTINGS in package me.example.weather
05-26 14:57:10.155  1228  1228 W PackageManager: Unknown permission android.permission.MMS_PUSH in package org.codeaurora.bluetooth
05-26 14:57:10.155  1228  1228 W PackageManager: Unknown permission com.android.email.permission.ACCESS_PROVIDER in package org.codeaurora.bluetooth
05-26 14:57:10.155  1228  1228 W PackageManager: Unknown permission com.android.email.permission.READ_ATTACHMENT in package org.codeaurora.bluetooth
05-26 14:57:10.155  1228  1228 W PackageManager: Not granting permission android.permission.WRITE_EXTERNAL_STORAGE to package org.noear.h5 because it was previously installed without
05-26 14:57:10.155  1228  1228 W PackageManager: Not granting permission android.permission.ACCESS_FINE_LOCATION to package org.noear.h5 because it was previously installed without
05-26 14:57:10.155  1228  1228 W PackageManager: Not granting permission android.permission.ACCESS_COARSE_LOCATION to package org.noear.h5 because it was previously installed without
05-26 14:57:10.155  1228  1228 W PackageManager: Not granting permission android.permission.READ_EXTERNAL_STORAGE to package org.noear.h5 because it was previously installed without
05-26 14:57:10.156  1228  1228 W PackageManager: Unknown permission com.android.launcher.permission.READ_SETTINGS in package com.android.onetimeinitializer
05-26 14:57:10.156  1228  1228 W PackageManager: Unknown permission com.android.launcher.permission.WRITE_SETTINGS in package com.android.onetimeinitializer
05-26 14:57:10.156  1228  1228 W PackageManager: Unknown permission com.qualcomm.permission.USE_PHONE_SERVICE in package com.android.dialer
05-26 14:57:10.157  1228  1228 W PackageManager: Unknown permission com.android.firewall.READ_GRAVITY in package com.android.dialer
05-26 14:57:10.157  1228  1228 W PackageManager: Unknown permission com.android.firewall.WRITE_GRAVITY in package com.android.dialer
05-26 14:57:10.157  1228  1228 W PackageManager: Not granting permission android.permission.INTERACT_ACROSS_USERS_FULL to package com.android.dialer (protectionLevel=258 flags=0x3049be45)
05-26 14:57:10.157  1228  1228 W PackageManager: Unknown permission android.permission.READ_OWNER_DATA in package com.ctyon.watch
05-26 14:57:10.158  1228  1228 W PackageManager: Not granting permission android.permission.DELETE_PACKAGES to package com.svox.pico (protectionLevel=18 flags=0x3808be45)
05-26 14:57:10.158  1228  1228 W PackageManager: Unknown permission android.permission.ACCESS_SUPERUSER in package com.cyanogenmod.filemanager
05-26 14:57:10.158  1228  1228 W PackageManager: Unknown permission com.cyanogenmod.filemanager.permissions.READ_THEME in package com.cyanogenmod.filemanager
05-26 14:57:10.158  1228  1228 W PackageManager: Unknown permission com.google.android.gallery3d.permission.PICASA_STORE in package com.android.dreams.phototable
05-26 14:57:10.158  1228  1228 W PackageManager: Unknown permission android.permission.READ_SETTINGS in package com.ctyon.socketclient
05-26 14:57:10.159  1228  1228 W PackageManager: Unknown permission com.google.android.googleapps.permission.GOOGLE_AUTH in package com.android.settings
05-26 14:57:10.159  1228  1228 W PackageManager: Unknown permission com.android.launcher.permission.READ_SETTINGS in package com.android.settings
05-26 14:57:10.159  1228  1228 W PackageManager: Unknown permission com.android.launcher.permission.WRITE_SETTINGS in package com.android.settings
05-26 14:57:10.159  1228  1228 W PackageManager: Unknown permission com.qualcomm.permission.ACCESS_LOCATION_API in package com.qualcomm.location
05-26 14:57:10.160  1228  1228 W PackageManager: Unknown permission android.permission.BROADCAST_PACKAGE_ADDED in package com.iflytek.inputmethod
05-26 14:57:10.160  1228  1228 W PackageManager: Unknown permission android.permission.BROADCAST_PACKAGE_CHANGED in package com.iflytek.inputmethod
05-26 14:57:10.160  1228  1228 W PackageManager: Unknown permission android.permission.BROADCAST_PACKAGE_INSTALL in package com.iflytek.inputmethod
05-26 14:57:10.160  1228  1228 W PackageManager: Unknown permission android.permission.BROADCAST_PACKAGE_REPLACED in package com.iflytek.inputmethod
05-26 14:57:10.160  1228  1228 W PackageManager: Unknown permission com.android.firewall.READ_GRAVITY in package com.android.phone
05-26 14:57:10.160  1228  1228 W PackageManager: Unknown permission com.android.firewall.WRITE_GRAVITY in package com.android.phone
05-26 14:57:10.162  1228  1228 W PackageManager: Unknown permission com.android.email.permission.READ_ATTACHMENT in package com.android.exchange
05-26 14:57:10.162  1228  1228 W PackageManager: Unknown permission com.android.email.permission.ACCESS_PROVIDER in package com.android.exchange
05-26 14:57:10.162  1228  1228 W PackageManager: Unknown permission com.qualcomm.permission.USE_PHONE_SERVICE in package com.qualcomm.qti.confdialer
05-26 14:57:10.162  1228  1228 W PackageManager: Unknown permission com.google.android.gallery3d.permission.GALLERY_PROVIDER in package com.android.bluetooth
05-26 14:57:10.163  1228  1228 W PackageManager: Unknown permission com.android.email.permission.ACCESS_PROVIDER in package com.android.bluetooth
05-26 14:57:10.163  1228  1228 W PackageManager: Unknown permission com.android.email.permission.READ_ATTACHMENT in package com.android.bluetooth
05-26 14:57:10.380  1228  1228 I SystemServer: User Service
05-26 14:57:10.397   287   287 I lowmemorykiller: ActivityManager connected
05-26 14:57:10.399  1228  1228 I SystemServiceManager: Starting com.android.server.BatteryService
05-26 14:57:10.400  1228  3021 I chatty  : uid=1000 system_server expire 29 lines
05-26 14:57:10.419  1228  1228 I SystemServiceManager: Starting com.android.server.usage.UsageStatsService
05-26 14:57:10.438  1228  1228 I SystemServiceManager: Starting com.android.server.webkit.WebViewUpdateService
05-26 14:57:10.444  1228  1228 I SystemServer: Reading configuration...
05-26 14:57:10.444  1228  1228 I SystemServer: Scheduling Policy
05-26 14:57:10.447  1228  1228 I SystemServiceManager: Starting com.android.server.telecom.TelecomLoaderService
05-26 14:57:10.449  1228  1228 I SystemServer: Telephony Registry
05-26 14:57:10.457  1228  1228 I SystemServer: Entropy Mixer
05-26 14:57:10.462  1228  1228 I EntropyMixer: Writing entropy...
05-26 14:57:10.471  1228  1228 I SystemServer: Camera Service
05-26 14:57:10.471  1228  1228 I SystemServiceManager: Starting com.android.server.camera.CameraService
05-26 14:57:10.491  1228  3033 I ServiceThread: Enabled StrictMode logging for CameraService_proxy looper.
05-26 14:57:10.493  1228  1228 I SystemServer: Account Manager
05-26 14:57:10.501  1228  1228 I SystemServer: Content Manager
05-26 14:57:10.507  1228  1228 I SystemServer: System Content Providers
05-26 14:57:10.550  1228  1228 I SystemServer: Vibrator Service
05-26 14:57:10.554  1228  1228 I SystemServer: Consumer IR Service
05-26 14:57:10.556  1228  1228 I SystemServiceManager: Starting com.android.server.AlarmManagerService
05-26 14:57:10.568  1228  1228 I SystemServer: Init Watchdog
05-26 14:57:10.569  1228  1228 I SystemServer: Input Manager
05-26 14:57:10.570  1228  1228 I InputManager: Initializing input manager, mUseDevInputEventForAudioJack=true
05-26 14:57:10.573  1228  1228 I SystemServer: Window Manager
05-26 14:57:10.646  1228  1284 I WindowManager: No existing display settings /data/system/display_settings.xml; starting empty
05-26 14:57:10.713  1228  1228 I InputManager: Starting input manager
05-26 14:57:10.716  1228  1228 I SystemServer: Bluetooth Service
05-26 14:57:10.716  1228  1228 I SystemServiceManager: Starting com.android.server.BluetoothService
05-26 14:57:10.719  1228  3047 I chatty  : uid=1000(system) InputReader expire 29 lines
05-26 14:57:10.730  1228  1228 I SystemServer: Input Method Service
05-26 14:57:10.741   289   308 I chatty  : uid=1000(system) Binder_1 expire 2 lines
05-26 14:57:10.762  1228  1228 I SystemServer: Accessibility Manager
05-26 14:57:10.772  1228  1228 I XXXXXX  : choosing minFree values for 32 Bit
05-26 14:57:10.772  1228  1228 I XXXXXX  : choosing minFree values for 32 Bit
05-26 14:57:10.772  1228  1228 I XXXXXX  : choosing minFree values for 32 Bit
05-26 14:57:10.772  1228  1228 I XXXXXX  : choosing minFree values for 32 Bit
05-26 14:57:10.772  1228  1228 I XXXXXX  : choosing minFree values for 32 Bit
05-26 14:57:10.772  1228  1228 I XXXXXX  : choosing minFree values for 32 Bit
05-26 14:57:10.774  1228  1228 I ActivityManager: Config changes=1df8 {1.0 ?mcc?mnc zh_CN ldltr sw240dp w240dp h240dp 160dpi smll port ?uimode ?night -touch -keyb/v/h -nav/h s.2}
05-26 14:57:10.780  1228  1228 I ActivityManager: Config changes=400 {1.0 ?mcc?mnc zh_CN ldltr sw240dp w240dp h239dp 160dpi smll port ?uimode ?night -touch -keyb/v/h -nav/h s.3}
05-26 14:57:10.782   525   661 I chatty  : uid=1000(system) /system/bin/ims_rtp_daemon expire 13 lines
05-26 14:57:10.784  1228  1228 I SystemServiceManager: Starting com.android.server.MountService$Lifecycle
05-26 14:57:10.798  1228  1228 I SystemServiceManager: Starting com.android.server.UiModeManagerService
05-26 14:57:10.800  1228  1228 I ActivityManager: Config changes=200 {1.0 ?mcc?mnc zh_CN ldltr sw240dp w240dp h239dp 160dpi smll port -touch -keyb/v/h -nav/h s.4}
05-26 14:57:10.804  1228  3050 D MountService: Thinking about reset, mSystemReady=false, mDaemonConnected=true
05-26 14:57:10.805  1228  3050 D MountService: Thinking about reset, mSystemReady=false, mDaemonConnected=true
05-26 14:57:10.806  1228  3050 D CryptdConnector: SND -> {1 cryptfs getfield SystemLocale}
05-26 14:57:10.808   239   247 I Ext4Crypt: ext4 crypto complete called on /data
05-26 14:57:10.809   239   247 I Ext4Crypt: No master key, so not ext4enc
05-26 14:57:10.811   499  3049 I chatty  : uid=1013(media) /system/bin/bootanimation expire 6 lines
05-26 14:57:10.814  1228  1228 I SystemServer: LockSettingsService
05-26 14:57:10.818  1228  3052 D CryptdConnector: RCV <- {200 1 -1}
05-26 14:57:10.819  1228  1228 I SystemServiceManager: Starting com.android.server.PersistentDataBlockService
05-26 14:57:10.819  1228  3050 W MountService: No primary storage mounted!
05-26 14:57:10.819  1228  3050 D VoldConnector: SND -> {1 asec list}
05-26 14:57:10.821  1228  3046 I ActivityManager: Config changes=8 {1.0 ?mcc?mnc zh_CN ldltr sw240dp w240dp h239dp 160dpi smll port finger -keyb/v/h -nav/h s.5}
05-26 14:57:10.822  1228  3051 D VoldConnector: RCV <- {200 1 asec operation succeeded}
05-26 14:57:10.823  1228  3050 I chatty  : uid=1000(system) MountService expire 3 lines
05-26 14:57:10.823  1228  3050 W PackageManager: Unknown permission android.permission.WRITE_OWNER_DATA in package com.android.factorymode
05-26 14:57:10.823  1228  3050 W PackageManager: Unknown permission android.permission.ACCESS_SYS_FILESYSTEM in package com.android.factorymode
05-26 14:57:10.824  1228  3050 W PackageManager: Unknown permission android.permission.READ_SETTINGS in package me.example.weather
05-26 14:57:10.824  1228  3050 W PackageManager: Unknown permission android.permission.MMS_PUSH in package org.codeaurora.bluetooth
05-26 14:57:10.824  1228  3050 W PackageManager: Unknown permission com.android.email.permission.ACCESS_PROVIDER in package org.codeaurora.bluetooth
