05-26 14:57:37.251  3569  3569 D QcDataStatusNotification Service: getApnFound: Apn = default ctnet
05-26 14:57:37.252  4585  4585 D EmbmsBootReceiver: onReceive
05-26 14:57:37.252  4585  4585 I EmbmsBootReceiver: starting EmbmsService on Boot
05-26 14:57:37.253  3569  3569 D QcDataStatusNotification Service: Found preferred APN: default ctnet
05-26 14:57:37.253  3569  3569 D QcDataStatusNotification Service: getImsApnCount = 4
05-26 14:57:37.253  3569  3569 D QcDataStatusNotification Service: getApnFound: typesSupported = [default, hipri, ia] type requested=ims
05-26 14:57:37.253  3569  3569 D QcDataStatusNotification Service: getApnFound: typesSupported = [mms] type requested=ims
05-26 14:57:37.253  3569  3569 D QcDataStatusNotification Service: getApnFound: typesSupported = [supl] type requested=ims
05-26 14:57:37.253  3569  3569 D QcDataStatusNotification Service: getApnFound: typesSupported = [ims] type requested=ims
05-26 14:57:37.253  3569  3569 D QcDataStatusNotification Service: getApnFound: Apn = ims ims
05-26 14:57:37.270  1228  3596 I ActivityManager: Start proc 4600:com.qualcomm.embms:remote/u0a57 for service com.qualcomm.embms/.EmbmsService
05-26 14:57:37.311  3569  3569 V XDivert : Action intent recieved:Intent { act=android.intent.action.BOOT_COMPLETED flg=0x8000010 cmp=com.qti.xdivert/.XDivert (has extras) }
05-26 14:57:37.328  3569  4614 D SIP     : [SipSharedPreferences] isReceivingCallsEnabled, option not set; use default value, exception: android.provider.Settings$SettingNotFoundException: sip_receive_calls
05-26 14:57:37.354  3569  3569 D CarrierPackReceiver: onReceive vodafonePackEnabled=false, intent=org.codeaurora.wifibearer.WIFI_CONNECTION_STATE
05-26 14:57:37.363  4600  4600 W System  : ClassLoader referenced unknown path: /system/app/embms/lib/arm
05-26 14:57:37.374  1228  4238 I ActivityManager: Start proc 4617:com.qualcomm.qti.calendarwidget/u0a25 for broadcast com.qualcomm.qti.calendarwidget/.CalendarWidget
05-26 14:57:37.388  4600  4600 I eMBMS  Service: Service created. Version = 00.09.01
05-26 14:57:37.390  4600  4600 V EmbmsOemHook: EmbmsOemHook ()
05-26 14:57:37.392  4600  4600 D QC_RIL_OEM_HOOK: Starting QcrilMsgTunnel Service
05-26 14:57:37.396  4600  4600 D QC_RIL_OEM_HOOK: The QcrilMsgTunnelService will be connected soon 
05-26 14:57:37.397  4600  4600 D QC_RIL_OEM_HOOK: Registering for intent ACTION_UNSOL_RESPONSE_OEM_HOOK_RAW
05-26 14:57:37.398  4600  4600 V QMI_OEMHOOK: Registering Service Id = 2 h = Handler (com.qualcomm.qcrilhook.EmbmsOemHook) {52de24} what = 1
05-26 14:57:37.398  4600  4600 V QMI_OEMHOOK: Registering Service for OnQcRilHookReadyCb =  h = Handler (com.qualcomm.qcrilhook.EmbmsOemHook) {52de24} what = 2
05-26 14:57:37.398  4600  4600 D EmbmsOemHook: Singleton Instance of Embms created.
05-26 14:57:37.398  4600  4600 D eMBMS  Service: mEmbmsOemHook created successfully
05-26 14:57:37.404  4600  4600 D EmbmsSntpClient: Invalid Sntp server ; Using the default Sntp Server
05-26 14:57:37.407  4600  4600 I EmbmsSntpClient: registerforAlarms
05-26 14:57:37.408  4600  4600 I EmbmsSntpClient: creating EmbmsSntpClient using server = asia.pool.ntp.orgperiodicity = 86400000
05-26 14:57:37.408  4600  4600 D eMBMS  Service: mSntpClient created successfully
05-26 14:57:37.409  4600  4600 I EmbmsOemHook: Adding a registrant
05-26 14:57:37.410  4600  4600 D QC_RIL_OEM_HOOK: QcrilMsgTunnelService Connected Successfully (onServiceConnected)
05-26 14:57:37.410  4600  4600 D QC_RIL_OEM_HOOK: Calling onQcRilHookReady callback
05-26 14:57:37.410  4600  4600 I QMI_OEMHOOK: onQcRilHookReadyCb notifying registrants
05-26 14:57:37.410  4600  4600 I EmbmsOemHook: received message : 2
05-26 14:57:37.410  4600  4600 I EmbmsOemHook: Notifying registrants type = 4097
05-26 14:57:37.410  4600  4600 I eMBMS  Service: Message received: what = 1
05-26 14:57:37.410  4600  4600 I eMBMS  Service: Message  EVENT_UNSOL received
05-26 14:57:37.411  4600  4600 I eMBMS  Service: QcRilHook Ready Callback received
05-26 14:57:37.411  4600  4600 I eMBMS  Service: mIsEmbmsOemHookReady = true
05-26 14:57:37.411  4600  4600 I eMBMS  Service: Message received: what = 17
05-26 14:57:37.411  4600  4600 I eMBMS  Service: Message  EVENT_UPDATE_EMBMS_STATUS
05-26 14:57:37.411  4600  4600 I eMBMS  Service: getEmbmsStatus called for phone: 0
05-26 14:57:37.411  4600  4600 I EmbmsOemHook: getEmbmsStatus called on PhoneId: 0
05-26 14:57:37.412  4600  4600 W QMI_OEMHOOK: sendQmiMessageAsync phoneId: 0
05-26 14:57:37.412  4600  4600 V QMI_OEMHOOK: createPayload: serviceId= 2 messageId= 33
05-26 14:57:37.413  4600  4600 V QMI_OEMHOOK: val=1001
05-26 14:57:37.413  4600  4600 V QMI_OEMHOOK: Intermediate buf in QmiOemHook sendQmiMessage Sync or Async = 010400e9030000
05-26 14:57:37.413  4600  4600 V QMI_OEMHOOK: Byte buf in QmiOemHook createPayload = java.nio.ByteArrayBuffer[position=19,limit=19,capacity=19]
05-26 14:57:37.414  4600  4600 V QC_RIL_OEM_HOOK: sendRilOemHookMsgAsync: Outgoing Data is 514f454d484f4f4b6400080013000000000000000000000002002100010400e9030000
05-26 14:57:37.416  3823  3823 D QcrilMsgTunnelIfaceManager: handleMessage what = 3
05-26 14:57:37.416  3823  3823 D QcrilMsgTunnelSocket: [1012] > OEM_HOOK_RAW[514f454d484f4f4b6400080013000000000000000000000002002100010400e9030000]
05-26 14:57:37.417  4600  4600 I eMBMS  Service: getEmbmsStatus returned 0
05-26 14:57:37.417  4600  4600 I eMBMS  Service: Message received: what = 9
05-26 14:57:37.417  4600  4600 I eMBMS  Service: Message  EVENT_SIB16_COVERAGE_REQUEST
05-26 14:57:37.417  4600  4600 I eMBMS  Service: getSib16CoverageStatus called
05-26 14:57:37.417  4600  4600 I EmbmsOemHook: getSib16CoverageStatus called on PhoneId: 0
05-26 14:57:37.417  4600  4600 W QMI_OEMHOOK: sendQmiMessageAsync phoneId: 0
05-26 14:57:37.417  4600  4600 V QMI_OEMHOOK: This message has no payload
05-26 14:57:37.418  4600  4600 V QMI_OEMHOOK: createPayload: serviceId= 2 messageId= 24
05-26 14:57:37.418  4600  4600 V QMI_OEMHOOK: Byte buf in QmiOemHook createPayload = java.nio.ByteArrayBuffer[position=12,limit=12,capacity=12]
05-26 14:57:37.418  4600  4600 V QC_RIL_OEM_HOOK: sendRilOemHookMsgAsync: Outgoing Data is 514f454d484f4f4b640008000c000000000000000000000002001800
05-26 14:57:37.418  4600  4600 I eMBMS  Service: getSib16CoverageStatus returned 0
05-26 14:57:37.419  4600  4600 I eMBMS  Service: getSib16CoverageStatus() ret = 0
05-26 14:57:37.421  3823  3823 D QcrilMsgTunnelIfaceManager: handleMessage what = 3
05-26 14:57:37.421  3823  3823 D QcrilMsgTunnelSocket: [1013] > OEM_HOOK_RAW[514f454d484f4f4b640008000c000000000000000000000002001800]
05-26 14:57:37.422  3823  3894 D QcrilMsgTunnelSocket: readRilMessage: Buffer = [B@4ead9b6 HexData = [00000000f403000000000000190000006400080011000000020021000000010400e903000002010001]
05-26 14:57:37.423  3823  3894 D QcrilMsgTunnelSocket: Rcvd SOLICITED response with 40 bytes data for SUB0
05-26 14:57:37.423  3823  3894 D QcrilMsgTunnelSocket: [1012] < OEM_HOOK_RAW [6400080011000000020021000000010400e903000002010001]
05-26 14:57:37.423  3823  3823 D QcrilMsgTunnelIfaceManager: handleMessage what = 4
05-26 14:57:37.423  3823  3823 E QcrilMsgTunnelIfaceManager: OEM_RIL_REQUEST_ASYNC_DONE requestAsync.sub :0
05-26 14:57:37.424  4600  4611 W OemHookCallback: mPhoneId: 0
05-26 14:57:37.424  4600  4611 V QMI_OEMHOOK: receive responseData = 6400080011000000020021000000010400e903000002010001 message=null responseType= IS_ASYNC_RESPONSE
05-26 14:57:37.424  4600  4611 V QMI_OEMHOOK: receive respByteBuf after ByteBuffer.wrap(payload) = 6400080011000000020021000000010400e903000002010001
05-26 14:57:37.425  4600  4611 V QMI_OEMHOOK: receive respByteBuf = java.nio.ByteArrayBuffer[position=0,limit=25,capacity=25]
05-26 14:57:37.425  4600  4611 D QMI_OEMHOOK: receive requestId=524388 responseSize=17 responseTlvSize=11 serviceId=2 messageId=33 successStatus = 0 phoneId: 0
05-26 14:57:37.425  3823  3894 D QcrilMsgTunnelSocket: readRilMessage: Buffer = [B@4ead9b6 HexData = [00000000f50300000000000012000000640008000a00000002001800000001010000]
05-26 14:57:37.425  3823  3894 D QcrilMsgTunnelSocket: Rcvd SOLICITED response with 32 bytes data for SUB0
05-26 14:57:37.425  3823  3894 D QcrilMsgTunnelSocket: [1013] < OEM_HOOK_RAW [640008000a00000002001800000001010000]
05-26 14:57:37.425  4600  4611 V QMI_OEMHOOK: Notifying registrant for responseType = IS_ASYNC_RESPONSE
05-26 14:57:37.425  4600  4600 I EmbmsOemHook: received message : 1
05-26 14:57:37.425  4600  4600 D EmbmsOemHook:  responseSize=11 successStatus=0phoneId: 0
05-26 14:57:37.426  4600  4600 I EmbmsOemHook: traceId = 1001
05-26 14:57:37.426  4600  4600 I EmbmsOemHook: Unsol embmsStatus received = 1
05-26 14:57:37.426  4600  4600 I EmbmsOemHook: Unsol embmsStatus = true
05-26 14:57:37.426  4600  4600 I EmbmsOemHook: Notifying registrants type = 12
05-26 14:57:37.426  3823  3823 D QcrilMsgTunnelIfaceManager: handleMessage what = 4
05-26 14:57:37.426  3823  3823 E QcrilMsgTunnelIfaceManager: OEM_RIL_REQUEST_ASYNC_DONE requestAsync.sub :0
05-26 14:57:37.426  4600  4600 I eMBMS  Service: Message received: what = 1
05-26 14:57:37.426  4600  4600 I eMBMS  Service: Message  EVENT_UNSOL received
05-26 14:57:37.426  4600  4600 I eMBMS  Service: Embms status unsol received
05-26 14:57:37.426  4600  4600 I eMBMS  Service: handleEmbmsStatusUpdate phoneId: 0 mIsEmbmsAvailable: true
05-26 14:57:37.426  4600  4600 I eMBMS  Service: Embms Status is not available
05-26 14:57:37.426  4600  4600 I eMBMS  Service: update EMBMS status to clients
05-26 14:57:37.426  4600  4600 I eMBMS  Service: handleEmbmsStatusUpdate mIsCurrentlyAvailable: true mActivePhoneId: 0
05-26 14:57:37.427  4600  4612 W OemHookCallback: mPhoneId: 0
05-26 14:57:37.429  4600  4612 V QMI_OEMHOOK: receive responseData = 640008000a00000002001800000001010000 message={ when=-56s212ms what=10 target=com.qualcomm.embms.EmbmsService$1 } responseType= IS_ASYNC_RESPONSE
05-26 14:57:37.429  4600  4612 V QMI_OEMHOOK: receive respByteBuf after ByteBuffer.wrap(payload) = 640008000a00000002001800000001010000
05-26 14:57:37.429  4600  4612 V QMI_OEMHOOK: receive respByteBuf = java.nio.ByteArrayBuffer[position=0,limit=18,capacity=18]
05-26 14:57:37.429  4600  4612 D QMI_OEMHOOK: receive requestId=524388 responseSize=10 responseTlvSize=4 serviceId=2 messageId=24 successStatus = 0 phoneId: 0
05-26 14:57:37.429  4600  4612 V QMI_OEMHOOK: Notifying registrant for responseType = IS_ASYNC_RESPONSE
05-26 14:57:37.429  4600  4600 I EmbmsOemHook: received message : 1
05-26 14:57:37.429  4600  4600 D EmbmsOemHook:  responseSize=4 successStatus=0phoneId: 0
05-26 14:57:37.430  4600  4600 I EmbmsOemHook: Unsol SIB16 coverage status = false
05-26 14:57:37.430  4600  4600 I EmbmsOemHook: Notifying registrants type = 9
05-26 14:57:37.430  4600  4600 I eMBMS  Service: Message received: what = 1
05-26 14:57:37.430  4600  4600 I eMBMS  Service: Message  EVENT_UNSOL received
05-26 14:57:37.430  4600  4600 I eMBMS  Service: Sib16 Coverage unsol received
05-26 14:57:37.430  4600  4600 I eMBMS  Service: Sib16 Coverage unsol = false
05-26 14:57:37.430  4600  4600 V eMBMS  Service: getSNTPTime() called
05-26 14:57:37.430  4600  4600 I EmbmsSntpClient: startTimeReporting called
05-26 14:57:37.431  4600  4600 I EmbmsSntpClient: target = Handler (com.qualcomm.embms.EmbmsService$1) {4f1b890}what = 11
05-26 14:57:37.431  4600  4600 I EmbmsSntpClient: requestSNTPTime called 
05-26 14:57:37.455  4617  4617 W System  : ClassLoader referenced unknown path: /system/app/CalendarWidget/lib/arm
05-26 14:57:37.530  1228  3593 I ActivityManager: Start proc 4634:com.qualcomm.timeservice/1000 for broadcast com.qualcomm.timeservice/.TimeServiceBroadcastReceiver
05-26 14:57:37.535  4617  4632 E ActivityThread: Failed to find provider info for com.android.calendar
05-26 14:57:37.535  4617  4632 W EventLoader: get the event cursor is null or it's count is 0
05-26 14:57:37.554  1228  3596 I ActivityManager: Start proc 4646:com.qualcomm.qti.lunarinfo/u0a39 for content provider com.qualcomm.qti.lunarinfo/.LunarInfoProvider
05-26 14:57:37.599  4634  4634 I chatty  : uid=1000(system) com.qualcomm.timeservice expire 8 lines
05-26 14:57:37.614  1228  3237 I ActivityManager: Killing 3226:com.android.externalstorage/u0a8 (adj 15): empty #17
05-26 14:57:37.618  4600  4630 I EmbmsSntpClient: SntpClient: requestTime() = truegetNtpTime() = 1527317858349time stamp =56216
05-26 14:57:37.619  4600  4600 I EmbmsSntpClient: sntpTimeResponse called
05-26 14:57:37.620  4600  4600 I EmbmsSntpClient: Sntp Client ret: success = true sntp time in ms = 1527317858349 sntpTimeStamp = 56216
05-26 14:57:37.620  4600  4600 I EmbmsSntpClient: resetAlarm with interval = 86400000
05-26 14:57:37.623   353   416 I ThermalEngine: TM Id 'CPU3_HOTPLUG_MONITOR' Sensor 'cpu1-3' - alarm raised 1 at 85.0 degC
05-26 14:57:37.624   353   416 I ThermalEngine: hotplug_ktm_request: write out 8
05-26 14:57:37.624   353   416 I ThermalEngine: ACTION: Hotplugged OFF CPU[3]
05-26 14:57:37.628   408   460 I chatty  : uid=1000(system) /system/bin/time_daemon expire 6 lines
05-26 14:57:37.628   408  4660 I chatty  : uid=1000(system) /system/bin/time_daemon expire 16 lines
05-26 14:57:37.636   408   466 I chatty  : uid=1000(system) /system/bin/time_daemon expire 1 line
05-26 14:57:37.677  1228  1243 D ActivityManager: cleanUpApplicationRecord -- 3226
05-26 14:57:37.678  4600  4600 I eMBMS  Service: Message received: what = 11
05-26 14:57:37.678  4600  4600 I eMBMS  Service: Message  EVENT_EMBMS_SNTP_CLIENT_RESPONSE received: success= 0sntp time ms = 1527317858349sntp time stamp ms = 56216
05-26 14:57:37.678  4600  4600 I eMBMS  Service: setTime called 
05-26 14:57:37.679  4600  4600 I eMBMS  Service: setTime : sntpSuccess = truetimeMseconds = 1527317858349timeStamp = 56216msg = { when=-56s464ms what=12 target=com.qualcomm.embms.EmbmsService$1 }
05-26 14:57:37.679  4600  4600 I EmbmsOemHook: setTime called on PhoneId: 0
05-26 14:57:37.679  4600  4600 I EmbmsOemHook: setTime success = 1 timeMseconds = 1527317858349 timeStamp = 56216
05-26 14:57:37.682  4600  4600 W QMI_OEMHOOK: sendQmiMessageAsync phoneId: 0
05-26 14:57:37.682  4600  4600 V QMI_OEMHOOK: createPayload: serviceId= 2 messageId= 23
05-26 14:57:37.682  4600  4600 V QMI_OEMHOOK: val=1
05-26 14:57:37.682  4600  4600 V QMI_OEMHOOK: Intermediate buf in QmiOemHook sendQmiMessage Sync or Async = 01010001
05-26 14:57:37.682  4600  4600 V QMI_OEMHOOK: val=1527317858349
05-26 14:57:37.682  4600  4600 V QMI_OEMHOOK: Intermediate buf in QmiOemHook sendQmiMessage Sync or Async = 1008002d083d9b63010000
05-26 14:57:37.682  4600  4600 V QMI_OEMHOOK: val=56216
05-26 14:57:37.682  4600  4600 V QMI_OEMHOOK: Intermediate buf in QmiOemHook sendQmiMessage Sync or Async = 11080098db000000000000
05-26 14:57:37.682  4600  4600 V QMI_OEMHOOK: Byte buf in QmiOemHook createPayload = java.nio.ByteArrayBuffer[position=38,limit=38,capacity=38]
05-26 14:57:37.682  4600  4600 V QC_RIL_OEM_HOOK: sendRilOemHookMsgAsync: Outgoing Data is 514f454d484f4f4b6400080026000000000000000000000002001700010100011008002d083d9b6301000011080098db000000000000
05-26 14:57:37.683  1228  4238 I ActivityManager: Killing 4119:com.android.cellbroadcastreceiver/u0a3 (adj 15): empty #17
05-26 14:57:37.684  3823  3823 D QcrilMsgTunnelIfaceManager: handleMessage what = 3
05-26 14:57:37.684  3823  3823 D QcrilMsgTunnelSocket: [1014] > OEM_HOOK_RAW[514f454d484f4f4b6400080026000000000000000000000002001700010100011008002d083d9b6301000011080098db000000000000]
05-26 14:57:37.685  4600  4600 I eMBMS  Service: setTime returned0
05-26 14:57:37.685  4600  4600 I eMBMS  Service: setTime returned 0
05-26 14:57:37.687   326  1073 D QC-time-services: Lib:time_genoff_operation: pargs->base = 12
05-26 14:57:37.687   326  1073 D QC-time-services: Lib:time_genoff_operation: pargs->operation = 0
05-26 14:57:37.687   326  1073 D QC-time-services: Lib:time_genoff_operation: pargs->ts_val = 1527317858349
05-26 14:57:37.688   326  1073 D QC-time-services: Lib:time_genoff_operation: Send to server  passed!!
05-26 14:57:37.691   408  4661 I chatty  : uid=1000(system) /system/bin/time_daemon expire 9 lines
05-26 14:57:37.697   326  1073 E QC-time-services: Receive Passed == base = 12, unit = 1, operation = 0, result = 0
05-26 14:57:37.697   326  1073 D QC-time-services: Lib:time_genoff_operation: pargs->base = 13
05-26 14:57:37.697   326  1073 D QC-time-services: Lib:time_genoff_operation: pargs->operation = 0
05-26 14:57:37.697   326  1073 D QC-time-services: Lib:time_genoff_operation: pargs->ts_val = 1527317858349
05-26 14:57:37.697   326  1073 D QC-time-services: Lib:time_genoff_operation: Send to server  passed!!
05-26 14:57:37.698   408  4662 I chatty  : uid=1000(system) /system/bin/time_daemon expire 9 lines
05-26 14:57:37.702   326  1073 E QC-time-services: Receive Passed == base = 13, unit = 1, operation = 0, result = 0
05-26 14:57:37.703  3823  3894 D QcrilMsgTunnelSocket: readRilMessage: Buffer = [B@4ead9b6 HexData = [00000000f6030000000000000e0000006400080006000000020017000000]
05-26 14:57:37.703  3823  3894 D QcrilMsgTunnelSocket: Rcvd SOLICITED response with 28 bytes data for SUB0
05-26 14:57:37.703  3823  3894 D QcrilMsgTunnelSocket: [1014] < OEM_HOOK_RAW [6400080006000000020017000000]
05-26 14:57:37.704  3823  3823 D QcrilMsgTunnelIfaceManager: handleMessage what = 4
05-26 14:57:37.704  3823  3823 E QcrilMsgTunnelIfaceManager: OEM_RIL_REQUEST_ASYNC_DONE requestAsync.sub :0
05-26 14:57:37.705  4600  4611 W OemHookCallback: mPhoneId: 0
05-26 14:57:37.705  4600  4611 V QMI_OEMHOOK: receive responseData = 6400080006000000020017000000 message={ when=-56s490ms what=12 target=com.qualcomm.embms.EmbmsService$1 } responseType= IS_ASYNC_RESPONSE
05-26 14:57:37.705  4600  4611 V QMI_OEMHOOK: receive respByteBuf after ByteBuffer.wrap(payload) = 6400080006000000020017000000
05-26 14:57:37.705  4600  4611 V QMI_OEMHOOK: receive respByteBuf = java.nio.ByteArrayBuffer[position=0,limit=14,capacity=14]
05-26 14:57:37.705  4600  4611 D QMI_OEMHOOK: receive requestId=524388 responseSize=6 responseTlvSize=0 serviceId=2 messageId=23 successStatus = 0 phoneId: 0
05-26 14:57:37.705  4600  4611 V QMI_OEMHOOK: Notifying registrant for responseType = IS_ASYNC_RESPONSE
05-26 14:57:37.705  4600  4600 I EmbmsOemHook: received message : 1
05-26 14:57:37.705  4600  4600 D EmbmsOemHook:  responseSize=0 successStatus=0phoneId: 0
05-26 14:57:37.706  4600  4600 I eMBMS  Service: Message received: what = 12
05-26 14:57:37.706  4600  4600 I eMBMS  Service: Message  EVENT_SET_TIME_RESPONSE received: status= 0
05-26 14:57:37.706  4600  4600 I eMBMS  Service: stopSelfIfRequired: mIsBound = false
05-26 14:57:37.714  4646  4646 W System  : ClassLoader referenced unknown path: /system/app/LunarInfoProvider/lib/arm
05-26 14:57:37.735  1228  3621 D ActivityManager: cleanUpApplicationRecord -- 4119
05-26 14:57:37.737  4646  4659 I LunarInfoProvider: Get the lunar info for URI: content://com.qualcomm.qti.lunarinfo/one_month?year=2018&month=4
05-26 14:57:37.739  4600  4600 I eMBMS  Service: stopped self
05-26 14:57:37.739  4600  4600 I eMBMS  Service: onDestroy
05-26 14:57:37.739  4600  4600 I EmbmsOemHook: Removing a registrant
05-26 14:57:37.739  4600  4600 D EmbmsOemHook: dispose(): Unregistering receiver
05-26 14:57:37.739  4600  4600 V QMI_OEMHOOK: dispose(): Unregistering QcRilHook and calling QcRilHook dispose
05-26 14:57:37.739  4600  4600 V QC_RIL_OEM_HOOK: dispose(): Unbinding service
05-26 14:57:37.743  4600  4600 V QC_RIL_OEM_HOOK: dispose(): Unregistering receiver
05-26 14:57:37.743  3897  3897 D ImsService AutoBoot: org.codeaurora.ims.ImsService is already running. android.intent.action.SIM_STATE_CHANGED ignored. 
05-26 14:57:37.757  4057  4057 W ContextImpl: Calling a method in the system process without a qualified user: android.app.ContextImpl.startService:1221 android.content.ContextWrapper.startService:581 android.content.ContextWrapper.startService:581 com.qualcomm.simcontacts.SimStateReceiver.sendSimState:78 com.qualcomm.simcontacts.SimStateReceiver.onReceive:54 
05-26 14:57:37.758  1228  1244 I ActivityManager: Killing 4143:com.qti.cbwidget/u0a28 (adj 15): empty #17
05-26 14:57:37.794  1228  4238 D ActivityManager: cleanUpApplicationRecord -- 4143
05-26 14:57:37.828  1228  3588 I ActivityManager: Start proc 4663:com.android.cellbroadcastreceiver/u0a3 for broadcast com.android.cellbroadcastreceiver/.CellBroadcastReceiver
05-26 14:57:37.885  4663  4663 W System  : ClassLoader referenced unknown path: /system/priv-app/CellBroadcastReceiver/lib/arm
05-26 14:57:37.900  4663  4663 D CellBroadcastReceiver: onReceive Intent { act=android.intent.action.SERVICE_STATE flg=0x10 cmp=com.android.cellbroadcastreceiver/.CellBroadcastReceiver (has extras) }
05-26 14:57:37.901  4663  4663 D CellBroadcastReceiver: Intent ACTION_SERVICE_STATE_CHANGED
05-26 14:57:37.901  4663  4663 D CellBroadcastReceiver: subscriptionId = 2147483643
05-26 14:57:37.910  3569  3590 E OperatorSimInfo: Create Res Apk Failed
05-26 14:57:37.910  3569  3590 E OperatorSimInfo: Create Res Apk Failed
05-26 14:57:37.918  4663  4663 E CellBroadcastReceiver: subId is not active:2147483643
05-26 14:57:37.943  1228  3848 I ActivityManager: Start proc 4677:com.qti.cbwidget/u0a28 for broadcast com.qti.cbwidget/.CBWidgetProvider
05-26 14:57:37.946  1228  3848 I ActivityManager: Killing 4192:com.android.keychain/1000 (adj 15): empty #17
05-26 14:57:37.988  1228  1263 I ActivityManager: Waited long enough for: ServiceRecord{283caf6 u0 com.ctyon.socketclient/.app.server.SocketService}
05-26 14:57:37.992  1228  3593 D ActivityManager: cleanUpApplicationRecord -- 4192
05-26 14:57:38.011  4677  4677 W System  : ClassLoader referenced unknown path: /system/app/CellBroadcastWidget/lib/arm
05-26 14:57:38.019  1228  3596 I ActivityManager: Killing 3608:com.android.printspooler/u0a48 (adj 15): empty #17
05-26 14:57:38.095  1228  3546 D ActivityManager: cleanUpApplicationRecord -- 3608
05-26 14:57:38.100  3569  3569 V XDivert : Action intent recieved:Intent { act=android.intent.action.ACTION_SUBINFO_RECORD_UPDATED flg=0x10 cmp=com.qti.xdivert/.XDivert }
05-26 14:57:38.105  4663  4663 D CellBroadcastReceiver: onReceive Intent { act=android.intent.action.SERVICE_STATE flg=0x10 cmp=com.android.cellbroadcastreceiver/.CellBroadcastReceiver (has extras) }
05-26 14:57:38.105  4663  4663 D CellBroadcastReceiver: Intent ACTION_SERVICE_STATE_CHANGED
05-26 14:57:38.105  4663  4663 D CellBroadcastReceiver: subscriptionId = 2147483643
05-26 14:57:38.114  3569  3941 E OperatorSimInfo: Create Res Apk Failed
05-26 14:57:38.115  3569  3941 E OperatorSimInfo: Create Res Apk Failed
05-26 14:57:38.124  4663  4663 E CellBroadcastReceiver: subId is not active:2147483643
05-26 14:57:38.150  3897  3897 D ImsService AutoBoot: org.codeaurora.ims.ImsService is already running. android.intent.action.SIM_STATE_CHANGED ignored. 
05-26 14:57:38.161  4057  4057 W ContextImpl: Calling a method in the system process without a qualified user: android.app.ContextImpl.startService:1221 android.content.ContextWrapper.startService:581 android.content.ContextWrapper.startService:581 com.qualcomm.simcontacts.SimStateReceiver.sendSimState:78 com.qualcomm.simcontacts.SimStateReceiver.onReceive:54 
05-26 14:57:38.181  3569  3569 V XDivert : Action intent recieved:Intent { act=android.intent.action.ACTION_SUBINFO_RECORD_UPDATED flg=0x10 cmp=com.qti.xdivert/.XDivert }
05-26 14:57:38.198  4663  4663 D CellBroadcastReceiver: onReceive Intent { act=android.intent.action.SERVICE_STATE flg=0x10 cmp=com.android.cellbroadcastreceiver/.CellBroadcastReceiver (has extras) }
05-26 14:57:38.198  4663  4663 D CellBroadcastReceiver: Intent ACTION_SERVICE_STATE_CHANGED
05-26 14:57:38.199  4663  4663 D CellBroadcastReceiver: subscriptionId = 2147483643
05-26 14:57:38.208  3569  3941 E OperatorSimInfo: Create Res Apk Failed
05-26 14:57:38.209  3569  3941 E OperatorSimInfo: Create Res Apk Failed
05-26 14:57:38.216  4663  4663 E CellBroadcastReceiver: subId is not active:2147483643
05-26 14:57:38.225  4663  4663 D CellBroadcastReceiver: onReceive Intent { act=android.intent.action.internal_sim_state_changed flg=0x24000010 cmp=com.android.cellbroadcastreceiver/.CellBroadcastReceiver (has extras) }
05-26 14:57:38.232  3569  4247 E OperatorSimInfo: Create Res Apk Failed
05-26 14:57:38.233  3569  4247 E OperatorSimInfo: Create Res Apk Failed
05-26 14:57:38.252  3569  3569 V XDivert : Action intent recieved:Intent { act=android.intent.action.ACTION_SUBINFO_RECORD_UPDATED flg=0x10 cmp=com.qti.xdivert/.XDivert }
05-26 14:57:38.260  3569  3569 V XDivert : Action intent recieved:Intent { act=android.intent.action.ACTION_SUBINFO_RECORD_UPDATED flg=0x10 cmp=com.qti.xdivert/.XDivert }
05-26 14:57:38.266  3569  3569 V XDivert : Action intent recieved:Intent { act=android.intent.action.ACTION_SUBINFO_RECORD_UPDATED flg=0x10 cmp=com.qti.xdivert/.XDivert }
05-26 14:57:38.299  3897  3897 D ImsService AutoBoot: org.codeaurora.ims.ImsService is already running. android.intent.action.SIM_STATE_CHANGED ignored. 
05-26 14:57:38.312  4057  4057 W ContextImpl: Calling a method in the system process without a qualified user: android.app.ContextImpl.startService:1221 android.content.ContextWrapper.startService:581 android.content.ContextWrapper.startService:581 com.qualcomm.simcontacts.SimStateReceiver.sendSimState:78 com.qualcomm.simcontacts.SimStateReceiver.onReceive:54 
05-26 14:57:38.313  4057  4057 I chatty  : uid=1000(system) com.qualcomm.telephony expire 1 line
05-26 14:57:38.331  3569  3569 V XDivert : Action intent recieved:Intent { act=android.intent.action.ACTION_SUBINFO_RECORD_UPDATED flg=0x10 cmp=com.qti.xdivert/.XDivert }
05-26 14:57:38.349  4663  4663 D CellBroadcastReceiver: onReceive Intent { act=android.intent.action.SERVICE_STATE flg=0x10 cmp=com.android.cellbroadcastreceiver/.CellBroadcastReceiver (has extras) }
05-26 14:57:38.349  4663  4663 D CellBroadcastReceiver: Intent ACTION_SERVICE_STATE_CHANGED
05-26 14:57:38.349  4663  4663 D CellBroadcastReceiver: subscriptionId = 2
05-26 14:57:38.350  4663  4690 D CellBroadcastConfigService: enabling emergency cell broadcast channels
05-26 14:57:38.357  3569  3941 E OperatorSimInfo: Create Res Apk Failed
05-26 14:57:38.359  3569  3941 E OperatorSimInfo: Create Res Apk Failed
05-26 14:57:38.361  3569  3586 E OperatorSimInfo: Create Res Apk Failed
05-26 14:57:38.362  3569  3586 E OperatorSimInfo: Create Res Apk Failed
05-26 14:57:38.368  4663  4663 D CellBroadcastReceiver: Service state changed! 0 Full: 0 0 voice home data home 中国电信 CT 46011 中国电信 CT 46011  1xRTT LTE CSS not supported 2 13844 RoamInd=1 DefRoamInd=0 EmergOnly=false IsDataRoamingFromRegistration=false Current state=1
05-26 14:57:38.370  3569  3940 D IccSmsInterfaceManager: [IccSmsInterfaceManager] enableGsmBroadcastRange
05-26 14:57:38.372  3569  3940 D IccSmsInterfaceManager: [IccSmsInterfaceManager] Calling setGsmBroadcastConfig with 1 configurations
05-26 14:57:38.387  3569  3940 D IccSmsInterfaceManager: [IccSmsInterfaceManager] Added GSM cell broadcast subscription for MID range 4352 to 4354 from client com.android.cellbroadcastreceiver
05-26 14:57:38.387  3569  3940 D IccSmsInterfaceManager: [IccSmsInterfaceManager] Calling setCellBroadcastActivation(true)
05-26 14:57:38.409  3569  4247 E OperatorSimInfo: Create Res Apk Failed
05-26 14:57:38.410  3569  4247 E OperatorSimInfo: Create Res Apk Failed
05-26 14:57:38.419  3569  3590 D IccSmsInterfaceManager: [IccSmsInterfaceManager] enableGsmBroadcastRange
05-26 14:57:38.420  3569  3590 D IccSmsInterfaceManager: [IccSmsInterfaceManager] Calling setGsmBroadcastConfig with 2 configurations
05-26 14:57:38.422  4181  4181 I chatty  : uid=1000(system) com.ctyon.socketclient expire 6 lines
05-26 14:57:38.423  4181  4181 W ContextImpl: Calling a method in the system process without a qualified user: android.app.ContextImpl.startService:1221 android.content.ContextWrapper.startService:581 android.content.ContextWrapper.startService:581 com.ctyon.socketclient.app.receive.BootBroadcastReceiver.onReceive:33 android.app.ActivityThread.handleReceiver:2725 
05-26 14:57:38.429  3569  3590 D IccSmsInterfaceManager: [IccSmsInterfaceManager] Added GSM cell broadcast subscription for MID range 4356 to 4356 from client com.android.cellbroadcastreceiver
05-26 14:57:38.429  3569  3590 D IccSmsInterfaceManager: [IccSmsInterfaceManager] Calling setCellBroadcastActivation(true)
05-26 14:57:38.451  3569  3941 E OperatorSimInfo: Create Res Apk Failed
05-26 14:57:38.451  3569  3941 E OperatorSimInfo: Create Res Apk Failed
05-26 14:57:38.459  1228  3253 I ActivityManager: Start proc 4701:com.android.ota/1000 for broadcast com.android.ota/.UpdateCheckReceiver
05-26 14:57:38.468  3569  3586 D IccSmsInterfaceManager: [IccSmsInterfaceManager] enableGsmBroadcastRange
05-26 14:57:38.470  3569  3586 D IccSmsInterfaceManager: [IccSmsInterfaceManager] Calling setGsmBroadcastConfig with 3 configurations
05-26 14:57:38.480  3569  3586 D IccSmsInterfaceManager: [IccSmsInterfaceManager] Added GSM cell broadcast subscription for MID range 4371 to 4372 from client com.android.cellbroadcastreceiver
05-26 14:57:38.480  3569  3586 D IccSmsInterfaceManager: [IccSmsInterfaceManager] Calling setCellBroadcastActivation(true)
05-26 14:57:38.497  3569  3940 E OperatorSimInfo: Create Res Apk Failed
05-26 14:57:38.498  3569  3940 E OperatorSimInfo: Create Res Apk Failed
05-26 14:57:38.511  3569  3822 D IccSmsInterfaceManager: [IccSmsInterfaceManager] enableCdmaBroadcastRange
05-26 14:57:38.513  3569  3822 D IccSmsInterfaceManager: [IccSmsInterfaceManager] Calling setCdmaBroadcastConfig with 1 configurations
05-26 14:57:38.521  3569  3822 D IccSmsInterfaceManager: [IccSmsInterfaceManager] Added cdma broadcast subscription for MID range 4097 to 4097 from client com.android.cellbroadcastreceiver
05-26 14:57:38.521  3569  3822 D IccSmsInterfaceManager: [IccSmsInterfaceManager] Calling setCdmaBroadcastActivation(true)
05-26 14:57:38.538  3569  4247 E OperatorSimInfo: Create Res Apk Failed
05-26 14:57:38.539  3569  4247 E OperatorSimInfo: Create Res Apk Failed
05-26 14:57:38.541  4701  4701 I chatty  : uid=1000(system) com.android.ota expire 3 lines
05-26 14:57:38.546  3569  3590 D IccSmsInterfaceManager: [IccSmsInterfaceManager] enableGsmBroadcastRange
05-26 14:57:38.547  3569  3590 D IccSmsInterfaceManager: [IccSmsInterfaceManager] Calling setGsmBroadcastConfig with 4 configurations
05-26 14:57:38.554   353   417 I ThermalEngine: Mitigation:CPU[0]:998400 Khz
05-26 14:57:38.555   353   417 I ThermalEngine: Mitigation:CPU[1]:998400 Khz
05-26 14:57:38.555   353   417 I ThermalEngine: Mitigation:CPU[2]:998400 Khz
05-26 14:57:38.555   353   417 I ThermalEngine: Mitigation:CPU[3]:998400 Khz
05-26 14:57:38.556  3569  3590 D IccSmsInterfaceManager: [IccSmsInterfaceManager] Added GSM cell broadcast subscription for MID range 4373 to 4378 from client com.android.cellbroadcastreceiver
05-26 14:57:38.556  3569  3590 D IccSmsInterfaceManager: [IccSmsInterfaceManager] Calling setCellBroadcastActivation(true)
05-26 14:57:38.573  3569  3941 E OperatorSimInfo: Create Res Apk Failed
05-26 14:57:38.573  3569  3941 E OperatorSimInfo: Create Res Apk Failed
05-26 14:57:38.583  3569  3586 D IccSmsInterfaceManager: [IccSmsInterfaceManager] enableCdmaBroadcastRange
05-26 14:57:38.584  3569  3586 D IccSmsInterfaceManager: [IccSmsInterfaceManager] Calling setCdmaBroadcastConfig with 2 configurations
05-26 14:57:38.592  3569  3586 D IccSmsInterfaceManager: [IccSmsInterfaceManager] Added cdma broadcast subscription for MID range 4098 to 4098 from client com.android.cellbroadcastreceiver
05-26 14:57:38.592  3569  3586 D IccSmsInterfaceManager: [IccSmsInterfaceManager] Calling setCdmaBroadcastActivation(true)
05-26 14:57:38.606  3569  3940 E OperatorSimInfo: Create Res Apk Failed
05-26 14:57:38.607  3569  3940 E OperatorSimInfo: Create Res Apk Failed
05-26 14:57:38.611  3874  3874 I chatty  : uid=1000(system) com.android.settings expire 1 line
05-26 14:57:38.616  3569  3822 D IccSmsInterfaceManager: [IccSmsInterfaceManager] enableGsmBroadcastRange
05-26 14:57:38.617  3569  3822 D IccSmsInterfaceManager: [IccSmsInterfaceManager] Calling setGsmBroadcastConfig with 4 configurations
05-26 14:57:38.621   353   417 I ThermalEngine: Mitigation:CPU[0]:1094400 Khz
05-26 14:57:38.621   353   417 I ThermalEngine: Mitigation:CPU[1]:1094400 Khz
05-26 14:57:38.621   353   417 I ThermalEngine: Mitigation:CPU[2]:1094400 Khz
05-26 14:57:38.621   353   417 I ThermalEngine: Mitigation:CPU[3]:1094400 Khz
05-26 14:57:38.621  4663  4663 D CellBroadcastReceiver: onReceive Intent { act=android.intent.action.SERVICE_STATE flg=0x10 cmp=com.android.cellbroadcastreceiver/.CellBroadcastReceiver (has extras) }
05-26 14:57:38.621  4663  4663 D CellBroadcastReceiver: Intent ACTION_SERVICE_STATE_CHANGED
05-26 14:57:38.621  4663  4663 D CellBroadcastReceiver: subscriptionId = 2
05-26 14:57:38.629  3569  3822 D IccSmsInterfaceManager: [IccSmsInterfaceManager] Added GSM cell broadcast subscription for MID range 4379 to 4379 from client com.android.cellbroadcastreceiver
05-26 14:57:38.629  3569  3822 D IccSmsInterfaceManager: [IccSmsInterfaceManager] Calling setCellBroadcastActivation(true)
05-26 14:57:38.631  3569  4247 E OperatorSimInfo: Create Res Apk Failed
05-26 14:57:38.632  3569  4247 E OperatorSimInfo: Create Res Apk Failed
05-26 14:57:38.644  3569  3590 E OperatorSimInfo: Create Res Apk Failed
05-26 14:57:38.644  4663  4663 D CellBroadcastReceiver: Service state changed! 0 Full: 0 0 voice home data home 中国电信 CT 46011 中国电信 CT 46011  1xRTT LTE CSS not supported 2 13844 RoamInd=1 DefRoamInd=0 EmergOnly=false IsDataRoamingFromRegistration=false Current state=1
05-26 14:57:38.645  3569  3590 E OperatorSimInfo: Create Res Apk Failed
05-26 14:57:38.654  3569  3941 D IccSmsInterfaceManager: [IccSmsInterfaceManager] enableCdmaBroadcastRange
05-26 14:57:38.655  3569  3941 D IccSmsInterfaceManager: [IccSmsInterfaceManager] Calling setCdmaBroadcastConfig with 2 configurations
05-26 14:57:38.663  3569  3941 D IccSmsInterfaceManager: [IccSmsInterfaceManager] Added cdma broadcast subscription for MID range 4099 to 4099 from client com.android.cellbroadcastreceiver
05-26 14:57:38.663  3569  3941 D IccSmsInterfaceManager: [IccSmsInterfaceManager] Calling setCdmaBroadcastActivation(true)
05-26 14:57:38.675  3569  3586 E OperatorSimInfo: Create Res Apk Failed
05-26 14:57:38.675  3569  3586 E OperatorSimInfo: Create Res Apk Failed
05-26 14:57:38.680  3569  3940 D IccSmsInterfaceManager: [IccSmsInterfaceManager] enableGsmBroadcastRange
05-26 14:57:38.681  3569  3940 D IccSmsInterfaceManager: [IccSmsInterfaceManager] Calling setGsmBroadcastConfig with 4 configurations
05-26 14:57:38.687   353   417 I ThermalEngine: Mitigation:CPU[0]:998400 Khz
05-26 14:57:38.687   353   417 I ThermalEngine: Mitigation:CPU[1]:998400 Khz
05-26 14:57:38.687   353   417 I ThermalEngine: Mitigation:CPU[2]:998400 Khz
05-26 14:57:38.688   353   417 I ThermalEngine: Mitigation:CPU[3]:998400 Khz
05-26 14:57:38.692  3569  3940 D IccSmsInterfaceManager: [IccSmsInterfaceManager] Added GSM cell broadcast subscription for MID range 4380 to 4382 from client com.android.cellbroadcastreceiver
05-26 14:57:38.692  3569  3940 D IccSmsInterfaceManager: [IccSmsInterfaceManager] Calling setCellBroadcastActivation(true)
05-26 14:57:38.705  3569  3822 E OperatorSimInfo: Create Res Apk Failed
05-26 14:57:38.705  3569  3822 E OperatorSimInfo: Create Res Apk Failed
05-26 14:57:38.711  3569  4247 D IccSmsInterfaceManager: [IccSmsInterfaceManager] enableCdmaBroadcastRange
05-26 14:57:38.712  3569  4247 D IccSmsInterfaceManager: [IccSmsInterfaceManager] Calling setCdmaBroadcastConfig with 2 configurations
05-26 14:57:38.722  3569  4247 D IccSmsInterfaceManager: [IccSmsInterfaceManager] Added cdma broadcast subscription for MID range 4100 to 4100 from client com.android.cellbroadcastreceiver
05-26 14:57:38.722  3569  4247 D IccSmsInterfaceManager: [IccSmsInterfaceManager] Calling setCdmaBroadcastActivation(true)
05-26 14:57:38.737  3569  3590 E OperatorSimInfo: Create Res Apk Failed
05-26 14:57:38.737  3569  3590 E OperatorSimInfo: Create Res Apk Failed
05-26 14:57:38.743  3569  3941 D IccSmsInterfaceManager: [IccSmsInterfaceManager] enableGsmBroadcastRange
05-26 14:57:38.744  3569  3941 D IccSmsInterfaceManager: [IccSmsInterfaceManager] Calling setGsmBroadcastConfig with 4 configurations
05-26 14:57:38.753   353   417 I ThermalEngine: Mitigation:CPU[0]:1094400 Khz
05-26 14:57:38.753   353   417 I ThermalEngine: Mitigation:CPU[1]:1094400 Khz
05-26 14:57:38.753   353   417 I ThermalEngine: Mitigation:CPU[2]:1094400 Khz
05-26 14:57:38.753   353   417 I ThermalEngine: Mitigation:CPU[3]:1094400 Khz
05-26 14:57:38.755  3569  3941 D IccSmsInterfaceManager: [IccSmsInterfaceManager] Added GSM cell broadcast subscription for MID range 4393 to 4395 from client com.android.cellbroadcastreceiver
05-26 14:57:38.755  3569  3941 D IccSmsInterfaceManager: [IccSmsInterfaceManager] Calling setCellBroadcastActivation(true)
05-26 14:57:38.761  4663  4690 D CellBroadcastConfigService: enabled emergency cell broadcast channels
05-26 14:57:38.769  3569  3586 E OperatorSimInfo: Create Res Apk Failed
05-26 14:57:38.770  3569  3586 E OperatorSimInfo: Create Res Apk Failed
05-26 14:57:38.775  3569  3940 D IccSmsInterfaceManager: [IccSmsInterfaceManager] enableGsmBroadcastRange
05-26 14:57:38.776  3569  3940 D IccSmsInterfaceManager: [IccSmsInterfaceManager] Calling setGsmBroadcastConfig with 5 configurations
05-26 14:57:38.786  3569  3940 D IccSmsInterfaceManager: [IccSmsInterfaceManager] Added GSM cell broadcast subscription for MID range 4370 to 4370 from client com.android.cellbroadcastreceiver
05-26 14:57:38.786  3569  3940 D IccSmsInterfaceManager: [IccSmsInterfaceManager] Calling setCellBroadcastActivation(true)
05-26 14:57:38.801  3569  3822 E OperatorSimInfo: Create Res Apk Failed
05-26 14:57:38.801  3569  3822 E OperatorSimInfo: Create Res Apk Failed
05-26 14:57:38.807  3569  4247 D IccSmsInterfaceManager: [IccSmsInterfaceManager] enableCdmaBroadcastRange
05-26 14:57:38.808  3569  4247 D IccSmsInterfaceManager: [IccSmsInterfaceManager] Calling setCdmaBroadcastConfig with 2 configurations
05-26 14:57:38.819  3569  4247 D IccSmsInterfaceManager: [IccSmsInterfaceManager] Added cdma broadcast subscription for MID range 4096 to 4096 from client com.android.cellbroadcastreceiver
05-26 14:57:38.819  3569  4247 D IccSmsInterfaceManager: [IccSmsInterfaceManager] Calling setCdmaBroadcastActivation(true)
05-26 14:57:38.834  3569  3590 E OperatorSimInfo: Create Res Apk Failed
05-26 14:57:38.834  3569  3590 E OperatorSimInfo: Create Res Apk Failed
05-26 14:57:38.841  3569  3941 D IccSmsInterfaceManager: [IccSmsInterfaceManager] enableGsmBroadcastRange
05-26 14:57:38.842  3569  3941 D IccSmsInterfaceManager: [IccSmsInterfaceManager] Calling setGsmBroadcastConfig with 5 configurations
05-26 14:57:38.855  3569  3941 D IccSmsInterfaceManager: [IccSmsInterfaceManager] Added GSM cell broadcast subscription for MID range 4383 to 4383 from client com.android.cellbroadcastreceiver
05-26 14:57:38.855  3569  3941 D IccSmsInterfaceManager: [IccSmsInterfaceManager] Calling setCellBroadcastActivation(true)
05-26 14:57:38.864  4663  4690 D CellBroadcastConfigService: enabling cell broadcast channel 50
05-26 14:57:38.872  3569  3586 E OperatorSimInfo: Create Res Apk Failed
05-26 14:57:38.872  3569  3586 E OperatorSimInfo: Create Res Apk Failed
05-26 14:57:38.879  3569  3940 D IccSmsInterfaceManager: [IccSmsInterfaceManager] enableGsmBroadcastRange
05-26 14:57:38.880  3569  3940 D IccSmsInterfaceManager: [IccSmsInterfaceManager] Calling setGsmBroadcastConfig with 5 configurations
05-26 14:57:38.893  3569  3940 D IccSmsInterfaceManager: [IccSmsInterfaceManager] Added GSM cell broadcast subscription for MID range 50 to 50 from client com.android.cellbroadcastreceiver
05-26 14:57:38.893  3569  3940 D IccSmsInterfaceManager: [IccSmsInterfaceManager] Calling setCellBroadcastActivation(true)
05-26 14:57:38.901  4663  4690 D CellBroadcastConfigService: channel 60 is not applicable for cdma
05-26 14:57:38.906  4663  4690 D CellBroadcastConfigService: disabling channels 919-928
05-26 14:57:38.913  3569  3586 E OperatorSimInfo: Create Res Apk Failed
05-26 14:57:38.914  3569  3586 E OperatorSimInfo: Create Res Apk Failed
05-26 14:57:38.921  3569  3940 D IccSmsInterfaceManager: [IccSmsInterfaceManager] disableGsmBroadcastRange
05-26 14:57:38.922  3569  3940 D IccSmsInterfaceManager: [IccSmsInterfaceManager] Failed to remove GSM cell broadcast subscription for MID range 919 to 928 from client com.android.cellbroadcastreceiver
05-26 14:57:38.922  4663  4690 D CellBroadcastConfigService: disabling cell broadcast ETWS test messages
05-26 14:57:38.929  3569  3822 E OperatorSimInfo: Create Res Apk Failed
05-26 14:57:38.930  3569  3822 E OperatorSimInfo: Create Res Apk Failed
05-26 14:57:38.935  3569  4247 D IccSmsInterfaceManager: [IccSmsInterfaceManager] disableGsmBroadcastRange
05-26 14:57:38.936  3569  4247 D IccSmsInterfaceManager: [IccSmsInterfaceManager] Failed to remove GSM cell broadcast subscription for MID range 4355 to 4355 from client com.android.cellbroadcastreceiver
05-26 14:57:38.986  4663  4690 D CellBroadcastConfigService: enabling emergency cell broadcast channels
05-26 14:57:38.992  3569  4247 E OperatorSimInfo: Create Res Apk Failed
05-26 14:57:38.993  3569  4247 E OperatorSimInfo: Create Res Apk Failed
05-26 14:57:38.998  3569  3590 D IccSmsInterfaceManager: [IccSmsInterfaceManager] enableGsmBroadcastRange
05-26 14:57:38.999  3569  3590 D IccSmsInterfaceManager: [IccSmsInterfaceManager] Added GSM cell broadcast subscription for MID range 4352 to 4354 from client com.android.cellbroadcastreceiver
05-26 14:57:38.999  3569  3590 D IccSmsInterfaceManager: [IccSmsInterfaceManager] Calling setCellBroadcastActivation(true)
05-26 14:57:39.012  3569  3941 E OperatorSimInfo: Create Res Apk Failed
05-26 14:57:39.012  3569  3941 E OperatorSimInfo: Create Res Apk Failed
05-26 14:57:39.019  3569  3586 D IccSmsInterfaceManager: [IccSmsInterfaceManager] enableGsmBroadcastRange
05-26 14:57:39.019  3569  3586 D IccSmsInterfaceManager: [IccSmsInterfaceManager] Added GSM cell broadcast subscription for MID range 4356 to 4356 from client com.android.cellbroadcastreceiver
05-26 14:57:39.019  3569  3586 D IccSmsInterfaceManager: [IccSmsInterfaceManager] Calling setCellBroadcastActivation(true)
05-26 14:57:39.031  3569  3940 E OperatorSimInfo: Create Res Apk Failed
05-26 14:57:39.032  3569  3940 E OperatorSimInfo: Create Res Apk Failed
05-26 14:57:39.038  3569  3822 D IccSmsInterfaceManager: [IccSmsInterfaceManager] enableGsmBroadcastRange
05-26 14:57:39.039  3569  3822 D IccSmsInterfaceManager: [IccSmsInterfaceManager] Added GSM cell broadcast subscription for MID range 4371 to 4372 from client com.android.cellbroadcastreceiver
05-26 14:57:39.039  3569  3822 D IccSmsInterfaceManager: [IccSmsInterfaceManager] Calling setCellBroadcastActivation(true)
05-26 14:57:39.052  3569  4247 E OperatorSimInfo: Create Res Apk Failed
05-26 14:57:39.052  3569  4247 E OperatorSimInfo: Create Res Apk Failed
05-26 14:57:39.058  3569  3590 D IccSmsInterfaceManager: [IccSmsInterfaceManager] enableCdmaBroadcastRange
05-26 14:57:39.059  3569  3590 D IccSmsInterfaceManager: [IccSmsInterfaceManager] Added cdma broadcast subscription for MID range 4097 to 4097 from client com.android.cellbroadcastreceiver
05-26 14:57:39.059  3569  3590 D IccSmsInterfaceManager: [IccSmsInterfaceManager] Calling setCdmaBroadcastActivation(true)
05-26 14:57:39.072  3569  3941 E OperatorSimInfo: Create Res Apk Failed
05-26 14:57:39.072  3569  3941 E OperatorSimInfo: Create Res Apk Failed
05-26 14:57:39.078  3569  3586 D IccSmsInterfaceManager: [IccSmsInterfaceManager] enableGsmBroadcastRange
05-26 14:57:39.079  3569  3586 D IccSmsInterfaceManager: [IccSmsInterfaceManager] Added GSM cell broadcast subscription for MID range 4373 to 4378 from client com.android.cellbroadcastreceiver
05-26 14:57:39.079  3569  3586 D IccSmsInterfaceManager: [IccSmsInterfaceManager] Calling setCellBroadcastActivation(true)
05-26 14:57:39.091  3569  3940 E OperatorSimInfo: Create Res Apk Failed
05-26 14:57:39.092  3569  3940 E OperatorSimInfo: Create Res Apk Failed
05-26 14:57:39.098  3569  3822 D IccSmsInterfaceManager: [IccSmsInterfaceManager] enableCdmaBroadcastRange
05-26 14:57:39.098  3569  3822 D IccSmsInterfaceManager: [IccSmsInterfaceManager] Added cdma broadcast subscription for MID range 4098 to 4098 from client com.android.cellbroadcastreceiver
05-26 14:57:39.098  3569  3822 D IccSmsInterfaceManager: [IccSmsInterfaceManager] Calling setCdmaBroadcastActivation(true)
05-26 14:57:39.111  3569  4247 E OperatorSimInfo: Create Res Apk Failed
05-26 14:57:39.112  3569  4247 E OperatorSimInfo: Create Res Apk Failed
05-26 14:57:39.118  3569  3590 D IccSmsInterfaceManager: [IccSmsInterfaceManager] enableGsmBroadcastRange
05-26 14:57:39.119  3569  3590 D IccSmsInterfaceManager: [IccSmsInterfaceManager] Added GSM cell broadcast subscription for MID range 4379 to 4379 from client com.android.cellbroadcastreceiver
05-26 14:57:39.119  3569  3590 D IccSmsInterfaceManager: [IccSmsInterfaceManager] Calling setCellBroadcastActivation(true)
05-26 14:57:39.133  3569  3941 E OperatorSimInfo: Create Res Apk Failed
05-26 14:57:39.133  3569  3941 E OperatorSimInfo: Create Res Apk Failed
05-26 14:57:39.139  3569  3586 D IccSmsInterfaceManager: [IccSmsInterfaceManager] enableCdmaBroadcastRange
05-26 14:57:39.140  3569  3586 D IccSmsInterfaceManager: [IccSmsInterfaceManager] Added cdma broadcast subscription for MID range 4099 to 4099 from client com.android.cellbroadcastreceiver
05-26 14:57:39.140  3569  3586 D IccSmsInterfaceManager: [IccSmsInterfaceManager] Calling setCdmaBroadcastActivation(true)
05-26 14:57:39.151  3569  3940 E OperatorSimInfo: Create Res Apk Failed
05-26 14:57:39.152  3569  3940 E OperatorSimInfo: Create Res Apk Failed
05-26 14:57:39.158  3569  3822 D IccSmsInterfaceManager: [IccSmsInterfaceManager] enableGsmBroadcastRange
05-26 14:57:39.159  3569  3822 D IccSmsInterfaceManager: [IccSmsInterfaceManager] Added GSM cell broadcast subscription for MID range 4380 to 4382 from client com.android.cellbroadcastreceiver
05-26 14:57:39.159  3569  3822 D IccSmsInterfaceManager: [IccSmsInterfaceManager] Calling setCellBroadcastActivation(true)
05-26 14:57:39.172  3569  4247 E OperatorSimInfo: Create Res Apk Failed
05-26 14:57:39.173  3569  4247 E OperatorSimInfo: Create Res Apk Failed
05-26 14:57:39.179  3569  3590 D IccSmsInterfaceManager: [IccSmsInterfaceManager] enableCdmaBroadcastRange
05-26 14:57:39.179  3569  3590 D IccSmsInterfaceManager: [IccSmsInterfaceManager] Added cdma broadcast subscription for MID range 4100 to 4100 from client com.android.cellbroadcastreceiver
05-26 14:57:39.180  3569  3590 D IccSmsInterfaceManager: [IccSmsInterfaceManager] Calling setCdmaBroadcastActivation(true)
05-26 14:57:39.192  3569  3941 E OperatorSimInfo: Create Res Apk Failed
05-26 14:57:39.193  3569  3941 E OperatorSimInfo: Create Res Apk Failed
05-26 14:57:39.198  3569  3586 D IccSmsInterfaceManager: [IccSmsInterfaceManager] enableGsmBroadcastRange
05-26 14:57:39.199  3569  3586 D IccSmsInterfaceManager: [IccSmsInterfaceManager] Added GSM cell broadcast subscription for MID range 4393 to 4395 from client com.android.cellbroadcastreceiver
05-26 14:57:39.199  3569  3586 D IccSmsInterfaceManager: [IccSmsInterfaceManager] Calling setCellBroadcastActivation(true)
05-26 14:57:39.206  4663  4690 D CellBroadcastConfigService: enabled emergency cell broadcast channels
05-26 14:57:39.213  3569  3940 E OperatorSimInfo: Create Res Apk Failed
05-26 14:57:39.213  3569  3940 E OperatorSimInfo: Create Res Apk Failed
05-26 14:57:39.220  3569  3822 D IccSmsInterfaceManager: [IccSmsInterfaceManager] enableGsmBroadcastRange
05-26 14:57:39.221  3569  3822 D IccSmsInterfaceManager: [IccSmsInterfaceManager] Added GSM cell broadcast subscription for MID range 4370 to 4370 from client com.android.cellbroadcastreceiver
05-26 14:57:39.221  3569  3822 D IccSmsInterfaceManager: [IccSmsInterfaceManager] Calling setCellBroadcastActivation(true)
05-26 14:57:39.235  3569  4247 E OperatorSimInfo: Create Res Apk Failed
05-26 14:57:39.236  3569  4247 E OperatorSimInfo: Create Res Apk Failed
05-26 14:57:39.242  3569  3590 D IccSmsInterfaceManager: [IccSmsInterfaceManager] enableCdmaBroadcastRange
05-26 14:57:39.243  3569  3590 D IccSmsInterfaceManager: [IccSmsInterfaceManager] Added cdma broadcast subscription for MID range 4096 to 4096 from client com.android.cellbroadcastreceiver
05-26 14:57:39.243  3569  3590 D IccSmsInterfaceManager: [IccSmsInterfaceManager] Calling setCdmaBroadcastActivation(true)
05-26 14:57:39.259  3569  3941 E OperatorSimInfo: Create Res Apk Failed
05-26 14:57:39.259  3569  3941 E OperatorSimInfo: Create Res Apk Failed
05-26 14:57:39.266  3569  3586 D IccSmsInterfaceManager: [IccSmsInterfaceManager] enableGsmBroadcastRange
05-26 14:57:39.267  3569  3586 D IccSmsInterfaceManager: [IccSmsInterfaceManager] Added GSM cell broadcast subscription for MID range 4383 to 4383 from client com.android.cellbroadcastreceiver
05-26 14:57:39.267  3569  3586 D IccSmsInterfaceManager: [IccSmsInterfaceManager] Calling setCellBroadcastActivation(true)
05-26 14:57:39.275  4663  4690 D CellBroadcastConfigService: enabling cell broadcast channel 50
05-26 14:57:39.283  3569  3940 E OperatorSimInfo: Create Res Apk Failed
05-26 14:57:39.283  3569  3940 E OperatorSimInfo: Create Res Apk Failed
05-26 14:57:39.290  3569  3822 D IccSmsInterfaceManager: [IccSmsInterfaceManager] enableGsmBroadcastRange
05-26 14:57:39.291  3569  3822 D IccSmsInterfaceManager: [IccSmsInterfaceManager] Added GSM cell broadcast subscription for MID range 50 to 50 from client com.android.cellbroadcastreceiver
