05-26 14:57:21.798   353   417 I ThermalEngine: Mitigation:CPU[0]:998400 Khz
05-26 14:57:21.798   353   417 I ThermalEngine: Mitigation:CPU[1]:998400 Khz
05-26 14:57:21.798   353   417 I ThermalEngine: Mitigation:CPU[2]:998400 Khz
05-26 14:57:21.798   353   417 I ThermalEngine: Mitigation:CPU[3]:998400 Khz
05-26 14:57:21.799  3569  3586 I chatty  : uid=1001(radio) Binder_1 expire 10 lines
05-26 14:57:21.863   353   417 I ThermalEngine: Mitigation:CPU[0]:800000 Khz
05-26 14:57:21.864   353   417 I ThermalEngine: Mitigation:CPU[1]:800000 Khz
05-26 14:57:21.864   353   417 I ThermalEngine: Mitigation:CPU[2]:800000 Khz
05-26 14:57:21.864   353   417 I ThermalEngine: Mitigation:CPU[3]:800000 Khz
05-26 14:57:21.879  3965  3965 I chatty  : uid=1000(system) /system/bin/ATFWD-daemon expire 1 line
05-26 14:57:21.900  3200  3338 D TelephonyIcons: initStacked2SingleIconLookup: size=20
05-26 14:57:21.930   353   417 I ThermalEngine: Mitigation:CPU[0]:533333 Khz
05-26 14:57:21.930   353   417 I ThermalEngine: Mitigation:CPU[1]:533333 Khz
05-26 14:57:21.930   353   417 I ThermalEngine: Mitigation:CPU[2]:533333 Khz
05-26 14:57:21.931   353   417 I ThermalEngine: Mitigation:CPU[3]:533333 Khz
05-26 14:57:21.936  1228  1260 I chatty  : uid=1000(system) android.bg expire 6 lines
05-26 14:57:21.942  3200  3338 D TelephonyIcons: updateDataType slot=0, type=0, inetCondition=0 showAtLeast3G=false show4GforLte=true hspaDistinguishable=false
05-26 14:57:21.943  3200  3338 D TelephonyIcons: data type item name: array/telephony_data_type_sim1 id:2131230726
05-26 14:57:21.944  3200  3338 D TelephonyIcons: updateDataType mSelectedDataTypeIcon[0]=0, mSelectedDataActivityIndex=0
05-26 14:57:21.944  3200  3338 D TelephonyIcons: getSignalStrengthIcon: slot=0, inetCondition=0, level=0, roaming=false
05-26 14:57:21.992  1228  1239 I chatty  : uid=1000(system) HeapTaskDaemon expire 1 line
05-26 14:57:21.996   353   417 I ThermalEngine: Mitigation:CPU[0]:800000 Khz
05-26 14:57:21.997   353   417 I ThermalEngine: Mitigation:CPU[1]:800000 Khz
05-26 14:57:21.997   353   417 I ThermalEngine: Mitigation:CPU[2]:800000 Khz
05-26 14:57:21.997   353   417 I ThermalEngine: Mitigation:CPU[3]:800000 Khz
05-26 14:57:22.026  3200  3200 D PhoneStatusBar: disable: < expand ICONS alerts SYSTEM_INFO back HOME RECENT clock SEARCH quick_settings >
05-26 14:57:22.062   353   417 I ThermalEngine: Mitigation:CPU[0]:533333 Khz
05-26 14:57:22.062   353   417 I ThermalEngine: Mitigation:CPU[1]:533333 Khz
05-26 14:57:22.062   353   417 I ThermalEngine: Mitigation:CPU[2]:533333 Khz
05-26 14:57:22.062   353   417 I ThermalEngine: Mitigation:CPU[3]:533333 Khz
05-26 14:57:22.104  1228  3237 I chatty  : uid=1000(system) Binder_3 expire 1 line
05-26 14:57:22.128   353   417 I ThermalEngine: Mitigation:CPU[0]:800000 Khz
05-26 14:57:22.128   353   417 I ThermalEngine: Mitigation:CPU[1]:800000 Khz
05-26 14:57:22.128   353   417 I ThermalEngine: Mitigation:CPU[2]:800000 Khz
05-26 14:57:22.128   353   417 I ThermalEngine: Mitigation:CPU[3]:800000 Khz
05-26 14:57:22.177  1228  1260 I chatty  : uid=1000(system) android.bg expire 12 lines
05-26 14:57:22.193   353   417 I ThermalEngine: Mitigation:CPU[0]:533333 Khz
05-26 14:57:22.194   353   417 I ThermalEngine: Mitigation:CPU[1]:533333 Khz
05-26 14:57:22.194   353   417 I ThermalEngine: Mitigation:CPU[2]:533333 Khz
05-26 14:57:22.194   353   417 I ThermalEngine: Mitigation:CPU[3]:533333 Khz
05-26 14:57:22.256  3200  3338 D TelephonyIcons: signalStrengthArray.length=9
05-26 14:57:22.260   353   417 I ThermalEngine: Mitigation:CPU[0]:800000 Khz
05-26 14:57:22.260   353   417 I ThermalEngine: Mitigation:CPU[1]:800000 Khz
05-26 14:57:22.260   353   417 I ThermalEngine: Mitigation:CPU[2]:800000 Khz
05-26 14:57:22.260   353   417 I ThermalEngine: Mitigation:CPU[3]:800000 Khz
05-26 14:57:22.292  3200  3338 D TelephonyIcons: selectedTypeArray.length=2
05-26 14:57:22.293  3200  3338 D TelephonyIcons: inetArray.length=6
05-26 14:57:22.302  3200  3338 D TelephonyIcons: getSignalStrengthIcon: slot=0, inetCondition=0, level=0, roaming=false
05-26 14:57:22.303  3200  3338 D TelephonyIcons: signalStrengthArray.length=9
05-26 14:57:22.304  1228  3596 I Telecom : PhoneAccountRegistrar: New phone account registered: [[ ] PhoneAccount: ComponentInfo{com.android.phone/com.android.services.telephony.TelephonyConnectionService}, [da4b9237bacccdf19c0760cab7aec4a8359010b0], UserHandle{0} Capabilities: 54 Schemes: tel voicemail ]
05-26 14:57:22.304  3200  3338 D TelephonyIcons: selectedTypeArray.length=2
05-26 14:57:22.312  3200  3338 D TelephonyIcons: inetArray.length=6
05-26 14:57:22.326   353   417 I ThermalEngine: Mitigation:CPU[0]:533333 Khz
05-26 14:57:22.326   353   417 I ThermalEngine: Mitigation:CPU[1]:533333 Khz
05-26 14:57:22.326   353   417 I ThermalEngine: Mitigation:CPU[2]:533333 Khz
05-26 14:57:22.326   353   417 I ThermalEngine: Mitigation:CPU[3]:533333 Khz
05-26 14:57:22.339  1228  3596 I Telecom : : Sending phone-account intent as user
05-26 14:57:22.363  3200  3338 D TelephonyIcons: null signal icon name: drawable/stat_sys_signal_null
05-26 14:57:22.365  3200  3338 D TelephonyIcons: getDataTypeIcon sub=0
05-26 14:57:22.368  3200  3338 D TelephonyIcons: updateDataType slot=0, type=0, inetCondition=1 showAtLeast3G=false show4GforLte=true hspaDistinguishable=false
05-26 14:57:22.370  3200  3338 D TelephonyIcons: data type item name: array/telephony_data_type_sim1 id:2131230726
05-26 14:57:22.370  3200  3338 D TelephonyIcons: updateDataType mSelectedDataTypeIcon[0]=0, mSelectedDataActivityIndex=0
05-26 14:57:22.370  3200  3338 D TelephonyIcons: getSignalStrengthIcon: slot=0, inetCondition=1, level=0, roaming=false
05-26 14:57:22.371  3200  3338 D TelephonyIcons: signalStrengthArray.length=9
05-26 14:57:22.372  3200  3338 D TelephonyIcons: selectedTypeArray.length=2
05-26 14:57:22.374  3200  3338 D TelephonyIcons: inetArray.length=6
05-26 14:57:22.376  3200  3338 D TelephonyIcons: getSignalStrengthIcon: slot=0, inetCondition=1, level=0, roaming=false
05-26 14:57:22.377  3200  3338 D TelephonyIcons: signalStrengthArray.length=9
05-26 14:57:22.379  3200  3338 D TelephonyIcons: selectedTypeArray.length=2
05-26 14:57:22.380  3200  3338 D TelephonyIcons: inetArray.length=6
05-26 14:57:22.391   353   417 I ThermalEngine: Mitigation:CPU[0]:400000 Khz
05-26 14:57:22.392   353   417 I ThermalEngine: Mitigation:CPU[1]:400000 Khz
05-26 14:57:22.392   353   417 I ThermalEngine: Mitigation:CPU[2]:400000 Khz
05-26 14:57:22.392   353   417 I ThermalEngine: Mitigation:CPU[3]:400000 Khz
05-26 14:57:22.416  3200  3338 D TelephonyIcons: null signal icon name: drawable/stat_sys_signal_null
05-26 14:57:22.418  3200  3338 D TelephonyIcons: getDataTypeIcon sub=0
05-26 14:57:22.419  3200  3338 D TelephonyIcons: updateDataType slot=0, type=0, inetCondition=1 showAtLeast3G=false show4GforLte=true hspaDistinguishable=false
05-26 14:57:22.421  3200  3338 D TelephonyIcons: data type item name: array/telephony_data_type_sim1 id:2131230726
05-26 14:57:22.422  3200  3338 D TelephonyIcons: updateDataType mSelectedDataTypeIcon[0]=0, mSelectedDataActivityIndex=0
05-26 14:57:22.422  3200  3338 D TelephonyIcons: getSignalStrengthIcon: slot=0, inetCondition=1, level=0, roaming=false
05-26 14:57:22.423  3200  3338 D TelephonyIcons: signalStrengthArray.length=9
05-26 14:57:22.426  3200  3338 D TelephonyIcons: selectedTypeArray.length=2
05-26 14:57:22.428  3200  3338 D TelephonyIcons: inetArray.length=6
05-26 14:57:22.429  1228  3593 W Telecom : : No account found for the calling user
05-26 14:57:22.430  3200  3338 D TelephonyIcons: getSignalStrengthIcon: slot=0, inetCondition=1, level=0, roaming=false
05-26 14:57:22.431  3200  3338 D TelephonyIcons: signalStrengthArray.length=9
05-26 14:57:22.433  3200  3338 D TelephonyIcons: selectedTypeArray.length=2
05-26 14:57:22.435  3200  3338 D TelephonyIcons: inetArray.length=6
05-26 14:57:22.458   353   417 I ThermalEngine: Mitigation:CPU[0]:533333 Khz
05-26 14:57:22.458   353   417 I ThermalEngine: Mitigation:CPU[1]:533333 Khz
05-26 14:57:22.458   353   417 I ThermalEngine: Mitigation:CPU[2]:533333 Khz
05-26 14:57:22.458   353   417 I ThermalEngine: Mitigation:CPU[3]:533333 Khz
05-26 14:57:22.507  3200  3338 D TelephonyIcons: null signal icon name: drawable/stat_sys_signal_null
05-26 14:57:22.509  3200  3338 D TelephonyIcons: getDataTypeIcon sub=0
05-26 14:57:22.512  3200  3200 D TelephonyIcons: getDataTypeIcon sub=0
05-26 14:57:22.515  3200  3200 D TelephonyIcons: getDataTypeIcon sub=0
05-26 14:57:22.517  3200  3200 D TelephonyIcons: getDataTypeIcon sub=0
05-26 14:57:22.520  3200  3200 D TelephonyIcons: getDataTypeIcon sub=0
05-26 14:57:22.522  3200  3200 D TelephonyIcons: getDataTypeIcon sub=0
05-26 14:57:22.523   353   417 I ThermalEngine: Mitigation:CPU[0]:800000 Khz
05-26 14:57:22.524   353   417 I ThermalEngine: Mitigation:CPU[1]:800000 Khz
05-26 14:57:22.524   353   417 I ThermalEngine: Mitigation:CPU[2]:800000 Khz
05-26 14:57:22.524   353   417 I ThermalEngine: Mitigation:CPU[3]:800000 Khz
05-26 14:57:22.525  3200  3200 D TelephonyIcons: getDataTypeIcon sub=0
05-26 14:57:22.530  3200  3200 D TelephonyIcons: getDataTypeIcon sub=0
05-26 14:57:22.536  3200  3200 D TelephonyIcons: getDataTypeIcon sub=0
05-26 14:57:22.536  4181  4276 I chatty  : uid=1000(system) Stetho-Listener expire 1 line
05-26 14:57:22.537  3200  3200 D TelephonyIcons: getDataTypeIcon sub=0
05-26 14:57:22.539  3200  3200 D TelephonyIcons: getDataTypeIcon sub=0
05-26 14:57:22.546  3200  3200 D TelephonyIcons: getDataTypeIcon sub=0
05-26 14:57:22.550  3200  3200 D TelephonyIcons: getDataTypeIcon sub=0
05-26 14:57:22.552  3200  3200 D TelephonyIcons: getDataTypeIcon sub=0
05-26 14:57:22.569  3200  3200 D TelephonyIcons: getDataTypeIcon sub=0
05-26 14:57:22.574  3200  3200 D TelephonyIcons: getDataTypeIcon sub=0
05-26 14:57:22.579  3200  3200 D TelephonyIcons: getDataTypeIcon sub=0
05-26 14:57:22.583  3200  3200 D TelephonyIcons: getDataTypeIcon sub=0
05-26 14:57:22.589  3200  3200 D TelephonyIcons: getDataTypeIcon sub=0
05-26 14:57:22.589   353   417 I ThermalEngine: Mitigation:CPU[0]:998400 Khz
05-26 14:57:22.589   353   417 I ThermalEngine: Mitigation:CPU[1]:998400 Khz
05-26 14:57:22.589   353   417 I ThermalEngine: Mitigation:CPU[2]:998400 Khz
05-26 14:57:22.590   353   417 I ThermalEngine: Mitigation:CPU[3]:998400 Khz
05-26 14:57:22.591  3200  3200 D TelephonyIcons: getDataTypeIcon sub=0
05-26 14:57:22.597  3200  3200 D TelephonyIcons: getDataTypeIcon sub=0
05-26 14:57:22.599  3200  3200 D TelephonyIcons: getDataTypeIcon sub=0
05-26 14:57:22.601  3200  3200 D TelephonyIcons: getDataTypeIcon sub=0
05-26 14:57:22.604  3200  3200 D TelephonyIcons: getDataTypeIcon sub=0
05-26 14:57:22.607  3200  3200 D TelephonyIcons: getDataTypeIcon sub=0
05-26 14:57:22.609  3200  3200 D TelephonyIcons: getDataTypeIcon sub=0
05-26 14:57:22.610  3200  3200 D TelephonyIcons: getDataTypeIcon sub=0
05-26 14:57:22.612  3200  3200 D TelephonyIcons: getDataTypeIcon sub=0
05-26 14:57:22.613  3200  3200 D TelephonyIcons: getDataTypeIcon sub=0
05-26 14:57:22.616  3200  3200 D TelephonyIcons: getDataTypeIcon sub=0
05-26 14:57:22.617  3200  3200 D TelephonyIcons: getDataTypeIcon sub=0
05-26 14:57:22.619  3200  3200 D TelephonyIcons: getDataTypeIcon sub=0
05-26 14:57:22.626  3200  3200 D TelephonyIcons: getDataTypeIcon sub=0
05-26 14:57:22.638  1228  1260 I chatty  : uid=1000(system) android.bg expire 13 lines
05-26 14:57:22.655   353   417 I ThermalEngine: Mitigation:CPU[0]:800000 Khz
05-26 14:57:22.655   353   417 I ThermalEngine: Mitigation:CPU[1]:800000 Khz
05-26 14:57:22.655   353   417 I ThermalEngine: Mitigation:CPU[2]:800000 Khz
05-26 14:57:22.656   353   417 I ThermalEngine: Mitigation:CPU[3]:800000 Khz
05-26 14:57:22.722   353   417 I ThermalEngine: Mitigation:CPU[0]:533333 Khz
05-26 14:57:22.722   353   417 I ThermalEngine: Mitigation:CPU[1]:533333 Khz
05-26 14:57:22.722   353   417 I ThermalEngine: Mitigation:CPU[2]:533333 Khz
05-26 14:57:22.722   353   417 I ThermalEngine: Mitigation:CPU[3]:533333 Khz
05-26 14:57:22.789   353   417 I ThermalEngine: Mitigation:CPU[0]:400000 Khz
05-26 14:57:22.789   353   417 I ThermalEngine: Mitigation:CPU[1]:400000 Khz
05-26 14:57:22.790   353   417 I ThermalEngine: Mitigation:CPU[2]:400000 Khz
05-26 14:57:22.790   353   417 I ThermalEngine: Mitigation:CPU[3]:400000 Khz
05-26 14:57:22.802  1228  3593 I Telecom : PhoneAccountRegistrar: [ComponentInfo{com.android.phone/com.android.services.telephony.TelephonyConnectionService}, [da4b9237bacccdf19c0760cab7aec4a8359010b0], UserHandle{0}(icon: Icon(typ=BITMAP size=19x24) -> Icon(typ=BITMAP size=19x24))]
05-26 14:57:22.836  1228  3593 I Telecom : : Sending phone-account intent as user
05-26 14:57:22.857   353   417 I ThermalEngine: Mitigation:CPU[0]:533333 Khz
05-26 14:57:22.857   353   417 I ThermalEngine: Mitigation:CPU[1]:533333 Khz
05-26 14:57:22.857   353   417 I ThermalEngine: Mitigation:CPU[2]:533333 Khz
05-26 14:57:22.857   353   417 I ThermalEngine: Mitigation:CPU[3]:533333 Khz
05-26 14:57:22.880  3965  3965 I chatty  : uid=1000(system) /system/bin/ATFWD-daemon expire 1 line
05-26 14:57:22.910  1228  3588 W Telecom : : No account found for the calling user
05-26 14:57:22.912  4181  4181 I chatty  : uid=1000(system) com.ctyon.socketclient expire 8 lines
05-26 14:57:22.923   353   417 I ThermalEngine: Mitigation:CPU[0]:800000 Khz
05-26 14:57:22.923   353   417 I ThermalEngine: Mitigation:CPU[1]:800000 Khz
05-26 14:57:22.923   353   417 I ThermalEngine: Mitigation:CPU[2]:800000 Khz
05-26 14:57:22.923   353   417 I ThermalEngine: Mitigation:CPU[3]:800000 Khz
05-26 14:57:22.962  4181  4181 W ContextImpl: Calling a method in the system process without a qualified user: android.app.ContextImpl.startService:1221 android.content.ContextWrapper.startService:581 android.content.ContextWrapper.startService:581 com.ctyon.socketclient.app.receive.BootBroadcastReceiver.onReceive:30 android.app.ActivityThread.handleReceiver:2725 
05-26 14:57:22.989   353   417 I ThermalEngine: Mitigation:CPU[0]:998400 Khz
05-26 14:57:22.989   353   417 I ThermalEngine: Mitigation:CPU[1]:998400 Khz
05-26 14:57:22.989   353   417 I ThermalEngine: Mitigation:CPU[2]:998400 Khz
05-26 14:57:22.989   353   417 I ThermalEngine: Mitigation:CPU[3]:998400 Khz
05-26 14:57:23.005  1228  1243 I ActivityManager: Start proc 4298:com.qualcomm.sta:STAProxyService/1000 for broadcast com.qualcomm.sta/.STAProxyIntent
05-26 14:57:23.055   353   417 I ThermalEngine: Mitigation:CPU[0]:800000 Khz
05-26 14:57:23.055   353   417 I ThermalEngine: Mitigation:CPU[1]:800000 Khz
05-26 14:57:23.055   353   417 I ThermalEngine: Mitigation:CPU[2]:800000 Khz
05-26 14:57:23.056   353   417 I ThermalEngine: Mitigation:CPU[3]:800000 Khz
05-26 14:57:23.071  1228  3567 I Telecom : PhoneAccountRegistrar: [ComponentInfo{com.android.phone/com.android.services.telephony.TelephonyConnectionService}, [da4b9237bacccdf19c0760cab7aec4a8359010b0], UserHandle{0}(icon: Icon(typ=BITMAP size=19x24) -> Icon(typ=BITMAP size=19x24))]
05-26 14:57:23.101  1228  3567 I Telecom : : Sending phone-account intent as user
05-26 14:57:23.121   353   417 I ThermalEngine: Mitigation:CPU[0]:533333 Khz
05-26 14:57:23.122   353   417 I ThermalEngine: Mitigation:CPU[1]:533333 Khz
05-26 14:57:23.122   353   417 I ThermalEngine: Mitigation:CPU[2]:533333 Khz
05-26 14:57:23.122   353   417 I ThermalEngine: Mitigation:CPU[3]:533333 Khz
05-26 14:57:23.139  1228  1243 W Telecom : : No account found for the calling user
05-26 14:57:23.169  4298  4298 I chatty  : uid=1000(system) com.qualcomm.sta:STAProxyService expire 2 lines
05-26 14:57:23.181  4312  4312 W sh      : type=1400 audit(0.0:43): avc: denied { getattr } for path="/system/xbin/su" dev="mmcblk0p21" ino=3620 scontext=u:r:system_app:s0 tcontext=u:object_r:su_exec:s0 tclass=file permissive=0
05-26 14:57:23.188   353   417 I ThermalEngine: Mitigation:CPU[0]:400000 Khz
05-26 14:57:23.189   353   417 I ThermalEngine: Mitigation:CPU[1]:400000 Khz
05-26 14:57:23.189   353   417 I ThermalEngine: Mitigation:CPU[2]:400000 Khz
05-26 14:57:23.189   353   417 I ThermalEngine: Mitigation:CPU[3]:400000 Khz
05-26 14:57:23.214  3200  3338 D NetworkController.MobileSignalController(2): networkClass=2G showRat=true slot=0
05-26 14:57:23.218  3200  3338 D TelephonyIcons: updateDataType slot=0, type=7, inetCondition=1 showAtLeast3G=false show4GforLte=true hspaDistinguishable=false
05-26 14:57:23.249  1228  3150 D WifiService: New client listening to asynchronous messages
05-26 14:57:23.255   353   417 I ThermalEngine: Mitigation:CPU[0]:533333 Khz
05-26 14:57:23.256   353   417 I ThermalEngine: Mitigation:CPU[1]:533333 Khz
05-26 14:57:23.256   353   417 I ThermalEngine: Mitigation:CPU[2]:533333 Khz
05-26 14:57:23.256   353   417 I ThermalEngine: Mitigation:CPU[3]:533333 Khz
05-26 14:57:23.260  1228  3588 I Telecom : PhoneAccountRegistrar: [ComponentInfo{com.android.phone/com.android.services.telephony.TelephonyConnectionService}, [da4b9237bacccdf19c0760cab7aec4a8359010b0], UserHandle{0}(icon: Icon(typ=BITMAP size=19x24) -> Icon(typ=BITMAP size=19x24))]
05-26 14:57:23.264  1228  3596 I ActivityManager: Start proc 4316:com.android.dialer/u0a6 for broadcast com.android.dialer/.calllog.CallLogReceiver
05-26 14:57:23.267  3200  3338 D TelephonyIcons: data type item name: array/telephony_data_type_sim1 id:2131230726
05-26 14:57:23.269  3200  3338 D TelephonyIcons: updateDataType mSelectedDataTypeIcon[0]=2130837800, mSelectedDataActivityIndex=8
05-26 14:57:23.270  3200  3338 D TelephonyIcons: getSignalStrengthIcon: slot=0, inetCondition=1, level=0, roaming=false
05-26 14:57:23.271  3200  3338 D TelephonyIcons: signalStrengthArray.length=9
05-26 14:57:23.272  3200  3338 D TelephonyIcons: selectedTypeArray.length=2
05-26 14:57:23.274  3200  3338 D TelephonyIcons: inetArray.length=6
05-26 14:57:23.297  1228  3588 I Telecom : : Sending phone-account intent as user
05-26 14:57:23.319  3200  3338 D TelephonyIcons: getSignalStrengthIcon: slot=0, inetCondition=1, level=0, roaming=false
05-26 14:57:23.322   353   417 I ThermalEngine: Mitigation:CPU[0]:800000 Khz
05-26 14:57:23.323   353   417 I ThermalEngine: Mitigation:CPU[1]:800000 Khz
05-26 14:57:23.323   353   417 I ThermalEngine: Mitigation:CPU[2]:800000 Khz
05-26 14:57:23.323   353   417 I ThermalEngine: Mitigation:CPU[3]:800000 Khz
05-26 14:57:23.328  3200  3338 D TelephonyIcons: signalStrengthArray.length=9
05-26 14:57:23.330  1228  3237 W Telecom : : No account found for the calling user
05-26 14:57:23.330  3200  3338 D TelephonyIcons: selectedTypeArray.length=2
05-26 14:57:23.346  3200  3338 D TelephonyIcons: inetArray.length=6
05-26 14:57:23.374  3200  3338 D TelephonyIcons: null signal icon name: drawable/stat_sys_signal_null
05-26 14:57:23.376  3200  3338 D TelephonyIcons: getDataTypeIcon sub=0
05-26 14:57:23.377  3200  3200 D TelephonyIcons: getDataTypeIcon sub=0
05-26 14:57:23.380  3200  3200 D TelephonyIcons: getDataTypeIcon sub=0
05-26 14:57:23.382  3200  3200 D TelephonyIcons: getDataTypeIcon sub=0
05-26 14:57:23.388   353   417 I ThermalEngine: Mitigation:CPU[0]:998400 Khz
05-26 14:57:23.389   353   417 I ThermalEngine: Mitigation:CPU[1]:998400 Khz
05-26 14:57:23.389   353   417 I ThermalEngine: Mitigation:CPU[2]:998400 Khz
05-26 14:57:23.389   353   417 I ThermalEngine: Mitigation:CPU[3]:998400 Khz
05-26 14:57:23.390  3200  3338 D TelephonyIcons: updateDataType slot=0, type=7, inetCondition=1 showAtLeast3G=false show4GforLte=true hspaDistinguishable=false
05-26 14:57:23.391  3200  3338 D TelephonyIcons: data type item name: array/telephony_data_type_sim1 id:2131230726
05-26 14:57:23.399  3200  3338 D TelephonyIcons: updateDataType mSelectedDataTypeIcon[0]=2130837800, mSelectedDataActivityIndex=8
05-26 14:57:23.399  3200  3338 D TelephonyIcons: getSignalStrengthIcon: slot=0, inetCondition=1, level=2, roaming=false
05-26 14:57:23.404  3569  3569 D MccTable: updateMccMncConfiguration mccmnc='46011' fromServiceState=true
05-26 14:57:23.406  3200  3338 D TelephonyIcons: signalStrengthArray.length=9
05-26 14:57:23.406  3569  3569 D MccTable: updateMccMncConfiguration defaultMccMnc=46003
05-26 14:57:23.406  3569  3569 D MccTable: updateMccMncConfiguration: mcc=460, mnc=11
05-26 14:57:23.407  3200  3338 D TelephonyIcons: selectedTypeArray.length=2
05-26 14:57:23.407  3569  3569 D MccTable: WIFI_COUNTRY_CODE set to cn
05-26 14:57:23.407  1228  3621 I WifiService: WifiService trying to set country code to cn with persist set to true
05-26 14:57:23.407  3200  3338 D TelephonyIcons: inetArray.length=6
05-26 14:57:23.419  3200  3338 D TelephonyIcons: getSignalStrengthIcon: slot=0, inetCondition=1, level=2, roaming=false
05-26 14:57:23.420  3200  3338 D TelephonyIcons: signalStrengthArray.length=9
05-26 14:57:23.421  3200  3338 D TelephonyIcons: selectedTypeArray.length=2
05-26 14:57:23.422  3200  3338 D TelephonyIcons: inetArray.length=6
05-26 14:57:23.427  4316  4316 W System  : ClassLoader referenced unknown path: /system/priv-app/Dialer/lib/arm
05-26 14:57:23.455   353   417 I ThermalEngine: Mitigation:CPU[0]:800000 Khz
05-26 14:57:23.455   353   417 I ThermalEngine: Mitigation:CPU[1]:800000 Khz
05-26 14:57:23.455   353   417 I ThermalEngine: Mitigation:CPU[2]:800000 Khz
05-26 14:57:23.455   353   417 I ThermalEngine: Mitigation:CPU[3]:800000 Khz
05-26 14:57:23.472  3200  3338 D TelephonyIcons: null signal icon name: drawable/stat_sys_signal_null
05-26 14:57:23.474  3200  3338 D TelephonyIcons: getDataTypeIcon sub=0
05-26 14:57:23.478  1228  3237 I Telecom : PhoneAccountRegistrar: [ComponentInfo{com.android.phone/com.android.services.telephony.TelephonyConnectionService}, [da4b9237bacccdf19c0760cab7aec4a8359010b0], UserHandle{0}(icon: Icon(typ=BITMAP size=19x24) -> Icon(typ=BITMAP size=19x24))]
05-26 14:57:23.515  1228  3237 I Telecom : : Sending phone-account intent as user
05-26 14:57:23.520   353   417 I ThermalEngine: Mitigation:CPU[0]:533333 Khz
05-26 14:57:23.521   353   417 I ThermalEngine: Mitigation:CPU[1]:533333 Khz
05-26 14:57:23.521   353   417 I ThermalEngine: Mitigation:CPU[2]:533333 Khz
05-26 14:57:23.521   353   417 I ThermalEngine: Mitigation:CPU[3]:533333 Khz
05-26 14:57:23.533  4316  4316 D ExtensionsFactory: No custom extensions.
05-26 14:57:23.586   353   417 I ThermalEngine: Mitigation:CPU[0]:800000 Khz
05-26 14:57:23.587   353   417 I ThermalEngine: Mitigation:CPU[1]:800000 Khz
05-26 14:57:23.587   353   417 I ThermalEngine: Mitigation:CPU[2]:800000 Khz
05-26 14:57:23.587   353   417 I ThermalEngine: Mitigation:CPU[3]:800000 Khz
05-26 14:57:23.641  1228  3237 W ActivityManager: Unable to start service Intent { cmp=com.suntek.mway.rcs.app.service/.impl.ServiceApiBinder } U=0: not found
05-26 14:57:23.652   353   417 I ThermalEngine: Mitigation:CPU[0]:998400 Khz
05-26 14:57:23.653   353   417 I ThermalEngine: Mitigation:CPU[1]:998400 Khz
05-26 14:57:23.653   353   417 I ThermalEngine: Mitigation:CPU[2]:998400 Khz
05-26 14:57:23.653   353   417 I ThermalEngine: Mitigation:CPU[3]:998400 Khz
05-26 14:57:23.654  1228  1244 I Telecom : PhoneAccountRegistrar: [ComponentInfo{com.android.phone/com.android.services.telephony.TelephonyConnectionService}, [da4b9237bacccdf19c0760cab7aec4a8359010b0], UserHandle{0}(icon: Icon(typ=BITMAP size=19x24) -> Icon(typ=BITMAP size=19x24))]
05-26 14:57:23.666  4316  4316 D RCS_Service_API: com.suntek.mway.rcs.client.api.ServiceApi.init()  Line:128->bind com.suntek.mway.rcs.app.service.impl.ServiceApiBinder--> result:false
05-26 14:57:23.667  1228  3588 W ActivityManager: Unable to start service Intent { cmp=com.suntek.mway.rcs.app.service/.impl.plugin.PluginApiBinder } U=0: not found
05-26 14:57:23.673  1228  1244 I Telecom : : Sending phone-account intent as user
05-26 14:57:23.676  4316  4316 D RCS_Service_API: com.suntek.mway.rcs.client.api.PluginApi.init()  Line:124->bind com.suntek.mway.rcs.app.service.impl.plugin.PluginApiBinder--> result:false
05-26 14:57:23.683  3200  3200 D TelephonyIcons: getDataTypeIcon sub=0
05-26 14:57:23.685  3200  3200 D TelephonyIcons: getDataTypeIcon sub=0
05-26 14:57:23.688  3200  3200 D TelephonyIcons: getDataTypeIcon sub=0
05-26 14:57:23.695  1228  1284 I chatty  : uid=1000(system) android.display expire 2 lines
05-26 14:57:23.720   353   417 I ThermalEngine: Mitigation:CPU[0]:800000 Khz
05-26 14:57:23.720   353   417 I ThermalEngine: Mitigation:CPU[1]:800000 Khz
05-26 14:57:23.720   353   417 I ThermalEngine: Mitigation:CPU[2]:800000 Khz
05-26 14:57:23.720   353   417 I ThermalEngine: Mitigation:CPU[3]:800000 Khz
05-26 14:57:23.723  1228  3588 W Telecom : : No account found for the calling user
05-26 14:57:23.737  1228  3596 I Telecom : PhoneAccountRegistrar: [ComponentInfo{com.android.phone/com.android.services.telephony.TelephonyConnectionService}, [da4b9237bacccdf19c0760cab7aec4a8359010b0], UserHandle{0}(icon: Icon(typ=BITMAP size=19x24) -> Icon(typ=BITMAP size=19x24))]
05-26 14:57:23.755  1228  3596 I Telecom : : Sending phone-account intent as user
05-26 14:57:23.767  1228  3621 I Telecom : PhoneAccountRegistrar: [ComponentInfo{com.android.phone/com.android.services.telephony.TelephonyConnectionService}, [da4b9237bacccdf19c0760cab7aec4a8359010b0], UserHandle{0}(icon: Icon(typ=BITMAP size=19x24) -> Icon(typ=BITMAP size=19x24))]
05-26 14:57:23.787   353   417 I ThermalEngine: Mitigation:CPU[0]:533333 Khz
05-26 14:57:23.787   353   417 I ThermalEngine: Mitigation:CPU[1]:533333 Khz
05-26 14:57:23.787   353   417 I ThermalEngine: Mitigation:CPU[2]:533333 Khz
05-26 14:57:23.787   353   417 I ThermalEngine: Mitigation:CPU[3]:533333 Khz
05-26 14:57:23.793  1228  3621 I Telecom : : Sending phone-account intent as user
05-26 14:57:23.813  1228  1243 I Telecom : PhoneAccountRegistrar: [ComponentInfo{com.android.phone/com.android.services.telephony.TelephonyConnectionService}, [da4b9237bacccdf19c0760cab7aec4a8359010b0], UserHandle{0}(icon: Icon(typ=BITMAP size=19x24) -> Icon(typ=BITMAP size=19x24))]
05-26 14:57:23.832  3200  3338 D NetworkController.MobileSignalController(2): networkClass=2G showRat=true slot=0
05-26 14:57:23.832  3200  3338 D TelephonyIcons: updateDataType slot=0, type=7, inetCondition=1 showAtLeast3G=false show4GforLte=true hspaDistinguishable=false
05-26 14:57:23.833  3200  3338 D TelephonyIcons: data type item name: array/telephony_data_type_sim1 id:2131230726
05-26 14:57:23.847  3200  3338 D TelephonyIcons: updateDataType mSelectedDataTypeIcon[0]=2130837800, mSelectedDataActivityIndex=8
05-26 14:57:23.847  3200  3338 D TelephonyIcons: getSignalStrengthIcon: slot=0, inetCondition=1, level=2, roaming=false
05-26 14:57:23.851  3200  3338 D TelephonyIcons: signalStrengthArray.length=9
05-26 14:57:23.852  1228  1243 I Telecom : : Sending phone-account intent as user
05-26 14:57:23.853  3200  3338 D TelephonyIcons: selectedTypeArray.length=2
05-26 14:57:23.855   353   417 I ThermalEngine: Mitigation:CPU[0]:400000 Khz
05-26 14:57:23.855   353   417 I ThermalEngine: Mitigation:CPU[1]:400000 Khz
05-26 14:57:23.855   353   417 I ThermalEngine: Mitigation:CPU[2]:400000 Khz
05-26 14:57:23.855   353   417 I ThermalEngine: Mitigation:CPU[3]:400000 Khz
05-26 14:57:23.866  3200  3338 D TelephonyIcons: inetArray.length=6
05-26 14:57:23.869  3200  3338 D TelephonyIcons: getSignalStrengthIcon: slot=0, inetCondition=1, level=2, roaming=false
05-26 14:57:23.873  3200  3338 D TelephonyIcons: signalStrengthArray.length=9
05-26 14:57:23.883  3200  3338 D TelephonyIcons: selectedTypeArray.length=2
05-26 14:57:23.884  3200  3338 D TelephonyIcons: inetArray.length=6
05-26 14:57:23.923   353   417 I ThermalEngine: Mitigation:CPU[0]:533333 Khz
05-26 14:57:23.923   353   417 I ThermalEngine: Mitigation:CPU[1]:533333 Khz
05-26 14:57:23.923   353   417 I ThermalEngine: Mitigation:CPU[2]:533333 Khz
05-26 14:57:23.923   353   417 I ThermalEngine: Mitigation:CPU[3]:533333 Khz
05-26 14:57:23.947  1228  1228 I Telecom : PhoneAccountRegistrar: SimCallManager queried, returning: null
05-26 14:57:23.989   353   417 I ThermalEngine: Mitigation:CPU[0]:800000 Khz
05-26 14:57:23.989   353   417 I ThermalEngine: Mitigation:CPU[1]:800000 Khz
05-26 14:57:23.989   353   417 I ThermalEngine: Mitigation:CPU[2]:800000 Khz
05-26 14:57:23.990   353   417 I ThermalEngine: Mitigation:CPU[3]:800000 Khz
05-26 14:57:24.055   353   417 I ThermalEngine: Mitigation:CPU[0]:533333 Khz
05-26 14:57:24.055  3569  3585 I chatty  : uid=1001(radio) HeapTaskDaemon expire 1 line
05-26 14:57:24.055   353   417 I ThermalEngine: Mitigation:CPU[1]:533333 Khz
05-26 14:57:24.055   353   417 I ThermalEngine: Mitigation:CPU[2]:533333 Khz
05-26 14:57:24.055   353   417 I ThermalEngine: Mitigation:CPU[3]:533333 Khz
05-26 14:57:24.079  3200  3338 D TelephonyIcons: null signal icon name: drawable/stat_sys_signal_null
05-26 14:57:24.080  3200  3338 D TelephonyIcons: getDataTypeIcon sub=0
05-26 14:57:24.082  3200  3200 D TelephonyIcons: getDataTypeIcon sub=0
05-26 14:57:24.084  3200  3200 D TelephonyIcons: getDataTypeIcon sub=0
05-26 14:57:24.087  3200  3200 D TelephonyIcons: getDataTypeIcon sub=0
05-26 14:57:24.121   353   417 I ThermalEngine: Mitigation:CPU[0]:800000 Khz
05-26 14:57:24.121   353   417 I ThermalEngine: Mitigation:CPU[1]:800000 Khz
05-26 14:57:24.121   353   417 I ThermalEngine: Mitigation:CPU[2]:800000 Khz
05-26 14:57:24.121   353   417 I ThermalEngine: Mitigation:CPU[3]:800000 Khz
05-26 14:57:24.186   353   417 I ThermalEngine: Mitigation:CPU[0]:533333 Khz
05-26 14:57:24.187   353   417 I ThermalEngine: Mitigation:CPU[1]:533333 Khz
05-26 14:57:24.187   353   417 I ThermalEngine: Mitigation:CPU[2]:533333 Khz
05-26 14:57:24.187   353   417 I ThermalEngine: Mitigation:CPU[3]:533333 Khz
05-26 14:57:24.228  1228  3621 I Telecom : PhoneAccountRegistrar: [ComponentInfo{com.android.phone/com.android.services.telephony.TelephonyConnectionService}, [da4b9237bacccdf19c0760cab7aec4a8359010b0], UserHandle{0}(icon: Icon(typ=BITMAP size=19x24) -> Icon(typ=BITMAP size=19x24))]
05-26 14:57:24.236  3200  3338 D NetworkController.MobileSignalController(2): networkClass=4G showRat=true slot=0
05-26 14:57:24.245  3200  3338 D TelephonyIcons: updateDataType slot=0, type=13, inetCondition=1 showAtLeast3G=false show4GforLte=true hspaDistinguishable=false
05-26 14:57:24.247  3200  3338 D TelephonyIcons: data type item name: array/telephony_data_type_sim1 id:2131230726
05-26 14:57:24.251  1228  3621 I Telecom : : Sending phone-account intent as user
05-26 14:57:24.251  3200  3338 D TelephonyIcons: updateDataType mSelectedDataTypeIcon[0]=2130837803, mSelectedDataActivityIndex=5
05-26 14:57:24.251  3200  3338 D TelephonyIcons: getSignalStrengthIcon: slot=0, inetCondition=1, level=2, roaming=false
05-26 14:57:24.252   353   417 I ThermalEngine: Mitigation:CPU[0]:800000 Khz
05-26 14:57:24.252   353   417 I ThermalEngine: Mitigation:CPU[1]:800000 Khz
05-26 14:57:24.252   353   417 I ThermalEngine: Mitigation:CPU[2]:800000 Khz
05-26 14:57:24.252   353   417 I ThermalEngine: Mitigation:CPU[3]:800000 Khz
05-26 14:57:24.256  3200  3338 D TelephonyIcons: signalStrengthArray.length=9
05-26 14:57:24.257  3200  3338 D TelephonyIcons: selectedTypeArray.length=2
05-26 14:57:24.258  3200  3338 D TelephonyIcons: inetArray.length=6
05-26 14:57:24.258  3823  3823 I chatty  : uid=1001(radio) com.qualcomm.qcrilmsgtunnel expire 21 lines
05-26 14:57:24.259  3200  3338 D TelephonyIcons: getSignalStrengthIcon: slot=0, inetCondition=1, level=2, roaming=false
05-26 14:57:24.260  3200  3338 D TelephonyIcons: signalStrengthArray.length=9
05-26 14:57:24.261  3200  3338 D TelephonyIcons: selectedTypeArray.length=2
05-26 14:57:24.262  3823  3894 I chatty  : uid=1001(radio) QcRilReceiver expire 27 lines
05-26 14:57:24.262  3200  3338 D TelephonyIcons: inetArray.length=6
05-26 14:57:24.274  3569  3569 I chatty  : uid=1001(radio) com.android.phone expire 54 lines
05-26 14:57:24.274  4156  4156 I chatty  : uid=1000(system) com.android.factorymode expire 35 lines
05-26 14:57:24.289  3200  3338 D TelephonyIcons: null signal icon name: drawable/stat_sys_signal_null
05-26 14:57:24.290  3200  3338 D TelephonyIcons: getDataTypeIcon sub=0
05-26 14:57:24.291  3200  3200 D TelephonyIcons: getDataTypeIcon sub=0
05-26 14:57:24.296  3200  3200 D TelephonyIcons: getDataTypeIcon sub=0
05-26 14:57:24.299  3200  3200 D TelephonyIcons: getDataTypeIcon sub=0
05-26 14:57:24.318   353   417 I ThermalEngine: Mitigation:CPU[0]:998400 Khz
05-26 14:57:24.318   353   417 I ThermalEngine: Mitigation:CPU[1]:998400 Khz
05-26 14:57:24.318   353   417 I ThermalEngine: Mitigation:CPU[2]:998400 Khz
05-26 14:57:24.318   353   417 I ThermalEngine: Mitigation:CPU[3]:998400 Khz
05-26 14:57:24.384   353   417 I ThermalEngine: Mitigation:CPU[0]:800000 Khz
05-26 14:57:24.384   353   417 I ThermalEngine: Mitigation:CPU[1]:800000 Khz
05-26 14:57:24.384   353   417 I ThermalEngine: Mitigation:CPU[2]:800000 Khz
05-26 14:57:24.384   353   417 I ThermalEngine: Mitigation:CPU[3]:800000 Khz
05-26 14:57:24.449   353   417 I ThermalEngine: Mitigation:CPU[0]:998400 Khz
05-26 14:57:24.449   353   417 I ThermalEngine: Mitigation:CPU[1]:998400 Khz
05-26 14:57:24.450   353   417 I ThermalEngine: Mitigation:CPU[2]:998400 Khz
05-26 14:57:24.450   353   417 I ThermalEngine: Mitigation:CPU[3]:998400 Khz
05-26 14:57:24.516   353   417 I ThermalEngine: Mitigation:CPU[0]:800000 Khz
05-26 14:57:24.517   353   417 I ThermalEngine: Mitigation:CPU[1]:800000 Khz
05-26 14:57:24.517   353   417 I ThermalEngine: Mitigation:CPU[2]:800000 Khz
05-26 14:57:24.517   353   417 I ThermalEngine: Mitigation:CPU[3]:800000 Khz
05-26 14:57:24.520  1228  4238 I ActivityManager: Start proc 4343:com.qti.diagservices/1000 for broadcast com.qti.diagservices/.Diag_OnBoot
05-26 14:57:24.522  3569  3978 I chatty  : uid=1001(radio) IFMsg_Rxr expire 25 lines
05-26 14:57:24.523  3569  3980 I chatty  : uid=1001(radio) ImsConfigImplHa expire 11 lines
05-26 14:57:24.536  3569  3669 I chatty  : uid=1001(radio) pool-1-thread-1 expire 3 lines
05-26 14:57:24.583   353   417 I ThermalEngine: Mitigation:CPU[0]:533333 Khz
05-26 14:57:24.584   353   417 I ThermalEngine: Mitigation:CPU[1]:533333 Khz
05-26 14:57:24.584   353   417 I ThermalEngine: Mitigation:CPU[2]:533333 Khz
05-26 14:57:24.584   353   417 I ThermalEngine: Mitigation:CPU[3]:533333 Khz
05-26 14:57:24.650   353   417 I ThermalEngine: Mitigation:CPU[0]:400000 Khz
05-26 14:57:24.651   353   417 I ThermalEngine: Mitigation:CPU[1]:400000 Khz
05-26 14:57:24.651   353   417 I ThermalEngine: Mitigation:CPU[2]:400000 Khz
05-26 14:57:24.652   353   417 I ThermalEngine: Mitigation:CPU[3]:400000 Khz
05-26 14:57:24.669  4343  4343 I chatty  : uid=1000(system) com.qti.diagservices expire 4 lines
05-26 14:57:24.689  4343  4343 W ContextImpl: Calling a method in the system process without a qualified user: android.app.ContextImpl.startService:1221 android.content.ContextWrapper.startService:581 android.content.ContextWrapper.startService:581 com.qti.diagservices.Diag_OnBoot.onReceive:44 android.app.ActivityThread.handleReceiver:2725 
05-26 14:57:24.708  1228  3117 I chatty  : uid=1000(system) WifiStateMachin expire 4 lines
05-26 14:57:24.709  1228  3158 D ConnectivityService: Got NetworkFactory Messenger for WIFI
05-26 14:57:24.709  1228  3158 D ConnectivityService: Got NetworkFactory Messenger for WIFI_UT
05-26 14:57:24.721   353   417 I ThermalEngine: Mitigation:CPU[0]:533333 Khz
05-26 14:57:24.722   353   417 I ThermalEngine: Mitigation:CPU[1]:533333 Khz
05-26 14:57:24.723   353   417 I ThermalEngine: Mitigation:CPU[2]:533333 Khz
05-26 14:57:24.723   353   417 I ThermalEngine: Mitigation:CPU[3]:533333 Khz
05-26 14:57:24.740  3569  3941 I chatty  : uid=1001(radio) Binder_5 expire 2 lines
05-26 14:57:24.741  3517  3517 I chatty  : uid=1000(system) com.quicinc.cne.CNEService expire 1 line
05-26 14:57:24.789   353   417 I ThermalEngine: Mitigation:CPU[0]:800000 Khz
05-26 14:57:24.789   353   417 I ThermalEngine: Mitigation:CPU[1]:800000 Khz
05-26 14:57:24.790   353   417 I ThermalEngine: Mitigation:CPU[2]:800000 Khz
05-26 14:57:24.790   353   417 I ThermalEngine: Mitigation:CPU[3]:800000 Khz
05-26 14:57:24.795  3569  3940 I chatty  : uid=1001(radio) Binder_4 expire 3 lines
05-26 14:57:24.813  1228  3588 I ActivityManager: Start proc 4376:com.android.managedprovisioning/u0a11 for broadcast com.android.managedprovisioning/.BootReminder
05-26 14:57:24.839   454   454 I chatty  : uid=1000(system) /system/bin/dpmd expire 2 lines
05-26 14:57:24.855   353   417 I ThermalEngine: Mitigation:CPU[0]:533333 Khz
05-26 14:57:24.856   353   417 I ThermalEngine: Mitigation:CPU[1]:533333 Khz
05-26 14:57:24.856   353   417 I ThermalEngine: Mitigation:CPU[2]:533333 Khz
05-26 14:57:24.856   353   417 I ThermalEngine: Mitigation:CPU[3]:533333 Khz
05-26 14:57:24.883   454  4391 I chatty  : uid=1000(system) /system/bin/dpmd expire 1 line
05-26 14:57:24.885   457   457 I chatty  : uid=1001(radio) /system/bin/qmuxd expire 12 lines
05-26 14:57:24.909   454  4401 I chatty  : uid=1000(system) /system/bin/dpmd expire 1 line
05-26 14:57:24.922   353   417 I ThermalEngine: Mitigation:CPU[0]:800000 Khz
05-26 14:57:24.922   353   417 I ThermalEngine: Mitigation:CPU[1]:800000 Khz
05-26 14:57:24.922   353   417 I ThermalEngine: Mitigation:CPU[2]:800000 Khz
05-26 14:57:24.923   353   417 I ThermalEngine: Mitigation:CPU[3]:800000 Khz
05-26 14:57:24.925   454  4407 I chatty  : uid=1000(system) /system/bin/dpmd expire 1 line
05-26 14:57:24.941  3463  3463 W linker  : /data/app/IflytekInput/lib/arm/libvadLib-v5.so has text relocations. This is wasting memory and prevents security hardening. Please fix.
05-26 14:57:24.968   454  4414 I chatty  : uid=1000(system) /system/bin/dpmd expire 1 line
05-26 14:57:24.989   454  4423 I chatty  : uid=1000(system) /system/bin/dpmd expire 1 line
05-26 14:57:24.993   353   417 I ThermalEngine: Mitigation:CPU[0]:533333 Khz
05-26 14:57:24.993   353   417 I ThermalEngine: Mitigation:CPU[1]:533333 Khz
05-26 14:57:24.993   353   417 I ThermalEngine: Mitigation:CPU[2]:533333 Khz
05-26 14:57:24.994   353   417 I ThermalEngine: Mitigation:CPU[3]:533333 Khz
05-26 14:57:25.005   454  4429 I chatty  : uid=1000(system) /system/bin/dpmd expire 1 line
05-26 14:57:25.059   353   417 I ThermalEngine: Mitigation:CPU[0]:400000 Khz
05-26 14:57:25.060   353   417 I ThermalEngine: Mitigation:CPU[1]:400000 Khz
05-26 14:57:25.060   353   417 I ThermalEngine: Mitigation:CPU[2]:400000 Khz
05-26 14:57:25.061   353   417 I ThermalEngine: Mitigation:CPU[3]:400000 Khz
05-26 14:57:25.127   353   417 I ThermalEngine: Mitigation:CPU[0]:533333 Khz
05-26 14:57:25.128   353   417 I ThermalEngine: Mitigation:CPU[1]:533333 Khz
05-26 14:57:25.128   353   417 I ThermalEngine: Mitigation:CPU[2]:533333 Khz
05-26 14:57:25.128   353   417 I ThermalEngine: Mitigation:CPU[3]:533333 Khz
05-26 14:57:25.149  3569  3822 I chatty  : uid=1001(radio) Binder_3 expire 5 lines
05-26 14:57:25.156  3200  3200 D PhoneStatusBar: disable: < expand ICONS alerts SYSTEM_INFO back HOME RECENT clock SEARCH quick_settings >
05-26 14:57:25.194   353   417 I ThermalEngine: Mitigation:CPU[0]:800000 Khz
05-26 14:57:25.195   353   417 I ThermalEngine: Mitigation:CPU[1]:800000 Khz
05-26 14:57:25.195   353   417 I ThermalEngine: Mitigation:CPU[2]:800000 Khz
05-26 14:57:25.196   353   417 I ThermalEngine: Mitigation:CPU[3]:800000 Khz
05-26 14:57:25.212  3200  3200 W AudioTrack: AUDIO_OUTPUT_FLAG_FAST denied by client; transfer 4, track 44100 Hz, output 48000 Hz
05-26 14:57:25.230   332  1387 D audio_hw_primary: out_set_parameters: enter: usecase(1: low-latency-playback) kvpairs: routing=2
05-26 14:57:25.232  3200  3200 D PhoneStatusBar: disable: < expand icons* alerts system_info* back HOME RECENT clock SEARCH quick_settings >
05-26 14:57:25.241   332  1387 D audio_hw_primary: start_output_stream: enter: stream(0xb7743eb8)usecase(1: low-latency-playback) devices(0x2)
05-26 14:57:25.241   332  1387 E msm8916_platform: wcx = 2115
05-26 14:57:25.241   332  1387 D audio_hw_primary: select_devices: out_snd_device(2: speaker) in_snd_device(0: )
05-26 14:57:25.241   332  1387 D hardware_info: hw_info_append_hw_type : device_name = speaker
05-26 14:57:25.241   332  1387 D audio_hw_primary: enable_snd_device: snd_device(2: speaker)
05-26 14:57:25.242   332  1387 I soundtrigger: audio_extn_sound_trigger_update_device_status: device 0x2 of type 0 for Event 1, with Raise=0
05-26 14:57:25.252   332  1387 W audio_hw_utils: audio_extn_utils_update_stream_app_type_cfg: App type could not be selected. Falling back to default
05-26 14:57:25.252   332  1387 I audio_hw_primary: select_devices Selected apptype: 69936
05-26 14:57:25.252   332  1387 D soundtrigger: audio_extn_sound_trigger_update_stream_status: uc_id 1 of type 0 for Event 3, with Raise=0
05-26 14:57:25.252   332  1387 D ACDB-LOADER: ACDB -> send_audio_cal, acdb_id = 14, path =  0
05-26 14:57:25.252   332  1387 D ACDB-LOADER: ACDB -> send_asm_topology
05-26 14:57:25.252   332  1387 D ACDB-LOADER: ACDB -> ACDB_CMD_GET_AUDPROC_STREAM_TOPOLOGY_ID
05-26 14:57:25.252   332  1387 D ACDB-LOADER: ACDB -> send_adm_topology
05-26 14:57:25.252   332  1387 D ACDB-LOADER: ACDB -> ACDB_CMD_GET_AUDPROC_COMMON_TOPOLOGY_ID
05-26 14:57:25.252   332  1387 D ACDB-LOADER: ACDB -> send_audtable
05-26 14:57:25.252   332  1387 D ACDB-LOADER: ACDB -> ACDB_CMD_GET_AUDPROC_COMMON_TABLE_SIZE
05-26 14:57:25.252   332  1387 D ACDB-LOADER: ACDB -> ACDB_CMD_GET_AUDPROC_COMMON_TABLE
05-26 14:57:25.252   332  1387 D ACDB-LOADER: ACDB -> AUDIO_SET_AUDPROC_CAL
05-26 14:57:25.252   332  1387 D ACDB-LOADER: ACDB -> send_audvoltable
05-26 14:57:25.252   332  1387 D ACDB-LOADER: ACDB -> ACDB_CMD_GET_AUDPROC_GAIN_DEP_STEP_TABLE
05-26 14:57:25.252   332  1387 D ACDB-LOADER: ACDB -> AUDIO_SET_AUDPROC_VOL_CAL
05-26 14:57:25.253   332  1387 D ACDB-LOADER: ACDB -> send_afe_cal
05-26 14:57:25.253   332  1387 D ACDB-LOADER: ACDB -> ACDB_CMD_GET_AFE_COMMON_TABLE
05-26 14:57:25.253   332  1387 D ACDB-LOADER: ACDB -> AUDIO_SET_AFE_CAL
05-26 14:57:25.253   332  1387 D ACDB-LOADER: ACDB -> send_hw_delay : acdb_id = 14 path = 0
05-26 14:57:25.253   332  1387 D ACDB-LOADER: ACDB -> ACDB_AVSYNC_INFO: ACDB_CMD_GET_DEVICE_PROPERTY
05-26 14:57:25.253   332  1387 I audio_hw_utils: audio_extn_utils_send_app_type_cfg app_type 69936, acdb_dev_id 14, sample_rate 48000
05-26 14:57:25.253   332  1387 D audio_hw_primary: enable_audio_route: apply mixer and update path: low-latency-playback
05-26 14:57:25.255   332  1387 D audio_hw_primary: select_devices: done
05-26 14:57:25.258  4376  4376 W System  : ClassLoader referenced unknown path: /system/priv-app/ManagedProvisioning/lib/arm
05-26 14:57:25.261   353   417 I ThermalEngine: Mitigation:CPU[0]:998400 Khz
05-26 14:57:25.261   353   417 I ThermalEngine: Mitigation:CPU[1]:998400 Khz
05-26 14:57:25.261   353   417 I ThermalEngine: Mitigation:CPU[2]:998400 Khz
05-26 14:57:25.261   353   417 I ThermalEngine: Mitigation:CPU[3]:998400 Khz
05-26 14:57:25.326   332  1387 D audio_hw_primary: start_output_stream: exit
05-26 14:57:25.327   353   417 I ThermalEngine: Mitigation:CPU[0]:800000 Khz
05-26 14:57:25.327   353   417 I ThermalEngine: Mitigation:CPU[1]:800000 Khz
05-26 14:57:25.327   353   417 I ThermalEngine: Mitigation:CPU[2]:800000 Khz
05-26 14:57:25.327   353   417 I ThermalEngine: Mitigation:CPU[3]:800000 Khz
05-26 14:57:25.372  3200  3200 D PhoneStatusBar: disable: < expand icons alerts system_info back home* recent* clock search* quick_settings >
05-26 14:57:25.341  3596  3596 I chatty  : uid=1000(system) Binder_9 expire 2 lines
05-26 14:57:25.393   353   417 I ThermalEngine: Mitigation:CPU[0]:533333 Khz
05-26 14:57:25.394   353   417 I ThermalEngine: Mitigation:CPU[1]:533333 Khz
05-26 14:57:25.394   353   417 I ThermalEngine: Mitigation:CPU[2]:533333 Khz
05-26 14:57:25.394   353   417 I ThermalEngine: Mitigation:CPU[3]:533333 Khz
05-26 14:57:25.361  3546  3546 I chatty  : uid=1000(system) Binder_5 expire 2 lines
05-26 14:57:25.469   353   417 I ThermalEngine: Mitigation:CPU[0]:400000 Khz
05-26 14:57:25.469   353   417 I ThermalEngine: Mitigation:CPU[1]:400000 Khz
05-26 14:57:25.469   353   417 I ThermalEngine: Mitigation:CPU[2]:400000 Khz
05-26 14:57:25.470   353   417 I ThermalEngine: Mitigation:CPU[3]:400000 Khz
05-26 14:57:25.472  1228  4238 D ConnectivityService: setProvNotificationVisible: E visible=false networkType=0 action=com.android.internal.telephony.PROVISION0
05-26 14:57:25.473  1228  4238 D ConnectivityService: setProvNotificationVisibleIntent SIGN_IN visible=false networkType=MOBILE extraInfo=null highPriority=false
05-26 14:57:25.500  1228  3588 D ConnectivityService: registerNetworkAgent NetworkAgentInfo{ ni{[type: MOBILE[LTE], state: CONNECTED/CONNECTED, reason: connected, extra: ctnet, roaming: false, failover: false, isAvailable: true]}  network{100}  lp{{InterfaceName: rmnet_data0 LinkAddresses: [100.93.197.65/30,]  Routes: [0.0.0.0/0 -> 100.93.197.66 rmnet_data0,] DnsAddresses: [202.96.128.86,202.96.134.133,] Domains: null MTU: 1500 TcpBufferSizes: 2097152,4194304,8388608,262144,524288,1048576}}  nc{[ Transports: CELLULAR Capabilities: IA&INTERNET&NOT_RESTRICTED&TRUSTED&NOT_VPN LinkUpBandwidth>=51200Kbps LinkDnBandwidth>=102400Kbps Specifier: <2>]}  Score{10}  everValidated{false}  lastValidated{false}  created{false} lingering{false} explicitlySelected{false} acceptUnvalidated{false} everCaptivePortalDetected{false} lastCaptivePortalDetected{false} }
05-26 14:57:25.502  1228  3158 D ConnectivityService: NetworkAgentInfo [MOBILE (LTE) - 100] EVENT_NETWORK_INFO_CHANGED, going from null to CONNECTED
05-26 14:57:25.506  1228  3158 D ConnectivityService: Adding iface rmnet_data0 to network 100
05-26 14:57:25.537   353   417 I ThermalEngine: Mitigation:CPU[0]:533333 Khz
05-26 14:57:25.537   353   417 I ThermalEngine: Mitigation:CPU[1]:533333 Khz
05-26 14:57:25.537   353   417 I ThermalEngine: Mitigation:CPU[2]:533333 Khz
05-26 14:57:25.537   353   417 I ThermalEngine: Mitigation:CPU[3]:533333 Khz
05-26 14:57:25.603   353   417 I ThermalEngine: Mitigation:CPU[0]:800000 Khz
05-26 14:57:25.603   353   417 I ThermalEngine: Mitigation:CPU[1]:800000 Khz
05-26 14:57:25.603   353   417 I ThermalEngine: Mitigation:CPU[2]:800000 Khz
05-26 14:57:25.603   353   417 I ThermalEngine: Mitigation:CPU[3]:800000 Khz
05-26 14:57:25.642  3200  3338 D TelephonyIcons: updateDataType slot=0, type=13, inetCondition=1 showAtLeast3G=false show4GforLte=true hspaDistinguishable=false
05-26 14:57:25.650  3200  3338 D TelephonyIcons: data type item name: array/telephony_data_type_sim1 id:2131230726
05-26 14:57:25.657  1228  3158 D ConnectivityService: Setting MTU size: rmnet_data0, 1500
05-26 14:57:25.660  1228  3158 D ConnectivityService: Adding Route [0.0.0.0/0 -> 100.93.197.66 rmnet_data0] to network 100
05-26 14:57:25.663  1228  3158 D ConnectivityService: Setting Dns servers for network 100 to [/202.96.128.86, /202.96.134.133]
05-26 14:57:25.668   353   417 I ThermalEngine: Mitigation:CPU[0]:533333 Khz
05-26 14:57:25.669   353   417 I ThermalEngine: Mitigation:CPU[1]:533333 Khz
05-26 14:57:25.669   353   417 I ThermalEngine: Mitigation:CPU[2]:533333 Khz
05-26 14:57:25.669   353   417 I ThermalEngine: Mitigation:CPU[3]:533333 Khz
05-26 14:57:25.682  1228  3158 I chatty  : uid=1000(system) ConnectivitySer expire 5 lines
05-26 14:57:25.686  3558  3579 I chatty  : uid=1000(system) Binder_1 expire 2 lines
05-26 14:57:25.696  3200  3338 D TelephonyIcons: updateDataType mSelectedDataTypeIcon[0]=2130837803, mSelectedDataActivityIndex=5
05-26 14:57:25.697  3200  3338 D TelephonyIcons: getSignalStrengthIcon: slot=0, inetCondition=1, level=2, roaming=false
05-26 14:57:25.706  1228  3158 D ConnectivityService: notifyType IP_CHANGED for NetworkAgentInfo [MOBILE (LTE) - 100]
05-26 14:57:25.734   353   417 I ThermalEngine: Mitigation:CPU[0]:400000 Khz
05-26 14:57:25.734   353   417 I ThermalEngine: Mitigation:CPU[1]:400000 Khz
05-26 14:57:25.735   353   417 I ThermalEngine: Mitigation:CPU[2]:400000 Khz
05-26 14:57:25.735   353   417 I ThermalEngine: Mitigation:CPU[3]:400000 Khz
05-26 14:57:25.739  3558  3589 I chatty  : uid=1000(system) Binder_2 expire 1 line
05-26 14:57:25.744  1228  3158 D ConnectivityService: scheduleUnvalidatedPrompt 100
05-26 14:57:25.744  1228  3158 D ConnectivityService: updateSignalStrengthThresholds: CONNECT, sending [] to NetworkAgentInfo [MOBILE (LTE) - 100]
05-26 14:57:25.751  1228  3158 D ConnectivityService: rematch for NetworkAgentInfo [MOBILE (LTE) - 100]
05-26 14:57:25.751  1228  3158 D ConnectivityService:    accepting network in place of null
05-26 14:57:25.754  1228  3158 D ConnectivityService: Switching to new default network: NetworkAgentInfo{ ni{[type: MOBILE[LTE], state: CONNECTED/CONNECTED, reason: connected, extra: ctnet, roaming: false, failover: false, isAvailable: true]}  network{100}  lp{{InterfaceName: rmnet_data0 LinkAddresses: [100.93.197.65/30,]  Routes: [0.0.0.0/0 -> 100.93.197.66 rmnet_data0,] DnsAddresses: [202.96.128.86,202.96.134.133,] Domains: null MTU: 1500 TcpBufferSizes: 2097152,4194304,8388608,262144,524288,1048576}}  nc{[ Transports: CELLULAR Capabilities: IA&INTERNET&NOT_RESTRICTED&TRUSTED&NOT_VPN LinkUpBandwidth>=51200Kbps LinkDnBandwidth>=102400Kbps Specifier: <2>]}  Score{10}  everValidated{false}  lastValidated{false}  created{true} lingering{false} explicitlySelected{false} acceptUnvalidated{false} everCaptivePortalDetected{false} lastCaptivePortalDetected{false} }
05-26 14:57:25.800   353   417 I ThermalEngine: Mitigation:CPU[0]:533333 Khz
05-26 14:57:25.801   353   417 I ThermalEngine: Mitigation:CPU[1]:533333 Khz
05-26 14:57:25.801   353   417 I ThermalEngine: Mitigation:CPU[2]:533333 Khz
05-26 14:57:25.801   353   417 I ThermalEngine: Mitigation:CPU[3]:533333 Khz
05-26 14:57:25.845  3200  3338 D TelephonyIcons: signalStrengthArray.length=9
05-26 14:57:25.846  3200  3338 D TelephonyIcons: selectedTypeArray.length=2
05-26 14:57:25.848  3200  3338 D TelephonyIcons: inetArray.length=6
