05-26 14:58:38.614  4181  4873 I chatty  : uid=1000(system) amapLocManagerT expire 150 lines
05-26 14:58:38.806  4985  4985 I chatty  : uid=1000(system) /system/bin/dex2oat expire 2 lines
05-26 14:58:39.010  4181  4873 I chatty  : uid=1000(system) amapLocManagerT expire 388 lines
05-26 14:58:39.028  4181  4873 W art     : b590d000-b5924000 r-xp 00000000 b3:15 1731       /system/lib/libprotobuf-cpp-lite.so
05-26 14:58:39.028  4181  4873 W art     : b5924000-b5925000 ---p 00000000 00:00 0 
05-26 14:58:39.028  4181  4873 W art     : b5925000-b5926000 r--p 00017000 b3:15 1731       /system/lib/libprotobuf-cpp-lite.so
05-26 14:58:39.028  4181  4873 W art     : b5926000-b5927000 rw-p 00018000 b3:15 1731       /system/lib/libprotobuf-cpp-lite.so
05-26 14:58:39.028  4181  4873 W art     : b5927000-b5928000 r--p 00000000 00:00 0 
05-26 14:58:39.028  4181  4873 W art     : b5928000-b592f000 r-xp 00000000 b3:15 1770       /system/lib/libstagefright_avc_common.so
05-26 14:58:39.028  4181  4873 W art     : b592f000-b5930000 r--p 00006000 b3:15 1770       /system/lib/libstagefright_avc_common.so
05-26 14:58:39.028  4181  4873 W art     : b5930000-b5931000 rw-p 00007000 b3:15 1770       /system/lib/libstagefright_avc_common.so
05-26 14:58:39.028  4181  4873 W art     : b5931000-b5934000 r-xp 00000000 b3:15 1771       /system/lib/libstagefright_enc_common.so
05-26 14:58:39.028  4181  4873 W art     : b5934000-b5935000 r--p 00002000 b3:15 1771       /system/lib/libstagefright_enc_common.so
05-26 14:58:39.028  4181  4873 W art     : b5935000-b5936000 rw-p 00003000 b3:15 1771       /system/lib/libstagefright_enc_common.so
05-26 14:58:39.028  4181  4873 W art     : b5936000-b593a000 r-xp 00000000 b3:15 1728       /system/lib/libpowermanager.so
05-26 14:58:39.028  4181  4873 W art     : b593a000-b593b000 ---p 00000000 00:00 0 
05-26 14:58:39.028  4181  4873 W art     : b593b000-b593c000 r--p 00004000 b3:15 1728       /system/lib/libpowermanager.so
05-26 14:58:39.028  4181  4873 W art     : b593c000-b593d000 rw-p 00005000 b3:15 1728       /system/lib/libpowermanager.so
05-26 14:58:39.028  4181  4873 W art     : b593d000-b5959000 r-xp 00000000 b3:15 1817       /system/lib/libvorbisidec.so
05-26 14:58:39.028  4181  4873 W art     : b5959000-b595a000 r--p 0001b000 b3:15 1817       /system/lib/libvorbisidec.so
05-26 14:58:39.029  4181  4873 W art     : b595a000-b595b000 rw-p 0001c000 b3:15 1817       /system/lib/libvorbisidec.so
05-26 14:58:39.029  4181  4873 W art     : b595b000-b5960000 r-xp 00000000 b3:15 1798       /system/lib/libstagefright_yuv.so
05-26 14:58:39.029  4181  4873 W art     : b5960000-b5961000 r--p 00004000 b3:15 1798       /system/lib/libstagefright_yuv.so
05-26 14:58:39.029  4181  4873 W art     : b5961000-b5962000 rw-p 00005000 b3:15 1798       /system/lib/libstagefright_yuv.so
05-26 14:58:39.029  4181  4873 W art     : b5962000-b5990000 r-xp 00000000 b3:15 1775       /system/lib/libstagefright_omx.so
05-26 14:58:39.029  4181  4873 W art     : b5990000-b5991000 ---p 00000000 00:00 0 
05-26 14:58:39.029  4181  4873 W art     : b5991000-b5994000 r--p 0002e000 b3:15 1775       /system/lib/libstagefright_omx.so
05-26 14:58:39.029  4181  4873 W art     : b5994000-b5995000 rw-p 00031000 b3:15 1775       /system/lib/libstagefright_omx.so
05-26 14:58:39.029  4181  4873 W art     : b5995000-b59ce000 r-xp 00000000 b3:15 1719       /system/lib/libopus.so
05-26 14:58:39.029  4181  4873 W art     : b59ce000-b59cf000 r--p 00038000 b3:15 1719       /system/lib/libopus.so
05-26 14:58:39.029  4181  4873 W art     : b59cf000-b59d0000 rw-p 00039000 b3:15 1719       /system/lib/libopus.so
05-26 14:58:39.029  4181  4873 W art     : b59d0000-b59d7000 r-xp 00000000 b3:15 1701       /system/lib/libmediautils.so
05-26 14:58:39.029  4181  4873 W art     : b59d7000-b59d8000 ---p 00000000 00:00 0 
05-26 14:58:39.029  4181  4873 W art     : b59d8000-b59d9000 r--p 00007000 b3:15 1701       /system/lib/libmediautils.so
05-26 14:58:39.029  4181  4873 W art     : b59d9000-b59da000 rw-p 00008000 b3:15 1701       /system/lib/libmediautils.so
05-26 14:58:39.029  4181  4873 W art     : b59da000-b59db000 r--p 00000000 00:00 0          [anon:linker_alloc]
05-26 14:58:39.029  4181  4873 W art     : b59db000-b59f1000 r-xp 00000000 b3:15 1612       /system/lib/libdrmframework.so
05-26 14:58:39.029  4181  4873 W art     : b59f1000-b59f4000 r--p 00015000 b3:15 1612       /system/lib/libdrmframework.so
05-26 14:58:39.029  4181  4873 W art     : b59f4000-b59f5000 rw-p 00018000 b3:15 1612       /system/lib/libdrmframework.so
05-26 14:58:39.029  4181  4873 W art     : b59f5000-b5a13000 r-xp 00000000 b3:15 1559       /system/lib/libRScpp.so
05-26 14:58:39.029  4181  4873 W art     : b5a13000-b5a14000 ---p 00000000 00:00 0 
05-26 14:58:39.029  4181  4873 W art     : b5a14000-b5a15000 r--p 0001e000 b3:15 1559       /system/lib/libRScpp.so
05-26 14:58:39.030  4181  4873 W art     : b5a15000-b5a16000 rw-p 0001f000 b3:15 1559       /system/lib/libRScpp.so
05-26 14:58:39.030  4181  4873 W art     : b5a16000-b5a54000 r-xp 00000000 b3:15 1556       /system/lib/libRS.so
05-26 14:58:39.030  4181  4873 W art     : b5a54000-b5a55000 ---p 00000000 00:00 0 
05-26 14:58:39.030  4181  4873 W art     : b5a55000-b5a57000 r--p 0003e000 b3:15 1556       /system/lib/libRS.so
05-26 14:58:39.030  4181  4873 W art     : b5a57000-b5a58000 rw-p 00040000 b3:15 1556       /system/lib/libRS.so
05-26 14:58:39.030  4181  4873 W art     : b5a58000-b5a5e000 r-xp 00000000 b3:15 1764       /system/lib/libspeexresampler.so
05-26 14:58:39.030  4181  4873 W art     : b5a5e000-b5a5f000 ---p 00000000 00:00 0 
05-26 14:58:39.030  4181  4873 W art     : b5a5f000-b5a60000 r--p 00006000 b3:15 1764       /system/lib/libspeexresampler.so
05-26 14:58:39.030  4181  4873 W art     : b5a60000-b5a61000 rw-p 00007000 b3:15 1764       /system/lib/libspeexresampler.so
05-26 14:58:39.030  4181  4873 W art     : b5a61000-b5a6a000 r-xp 00000000 b3:15 1713       /system/lib/libnbaio.so
05-26 14:58:39.030  4181  4873 W art     : b5a6a000-b5a6b000 r--p 00008000 b3:15 1713       /system/lib/libnbaio.so
05-26 14:58:39.030  4181  4873 W art     : b5a6b000-b5a6c000 rw-p 00009000 b3:15 1713       /system/lib/libnbaio.so
05-26 14:58:39.030  4181  4873 W art     : b5a6c000-b5a7e000 r-xp 00000000 b3:15 1723       /system/lib/libpcre.so
05-26 14:58:39.030  4181  4873 W art     : b5a7e000-b5a7f000 r--p 00011000 b3:15 1723       /system/lib/libpcre.so
05-26 14:58:39.030  4181  4873 W art     : b5a7f000-b5a80000 rw-p 00012000 b3:15 1723       /system/lib/libpcre.so
05-26 14:58:39.030  4181  4873 W art     : b5a80000-b5a85000 r-xp 00000000 b3:15 1825       /system/lib/libwpa_client.so
05-26 14:58:39.030  4181  4873 W art     : b5a85000-b5a86000 r--p 00004000 b3:15 1825       /system/lib/libwpa_client.so
05-26 14:58:39.030  4181  4873 W art     : b5a86000-b5a87000 rw-p 00005000 b3:15 1825       /system/lib/libwpa_client.so
05-26 14:58:39.030  4181  4873 W art     : b5a87000-b5a88000 r--p 00000000 00:00 0          [anon:linker_alloc]
05-26 14:58:39.030  4181  4873 W art     : b5a88000-b5af5000 r-xp 00000000 b3:15 1538       /system/lib/libGLES_trace.so
05-26 14:58:38.991  4873  4873 W amapLocManagerT: type=1400 audit(0.0:60): avc: denied { execute } for path="/data/data/com.ctyon.socketclient/files/pngex/62acd9c6420a6ff6807834943f1cf35f.jar.o" dev="mmcblk0p29" ino=65493 scontext=u:r:system_app:s0 tcontext=u:object_r:system_app_data_file:s0 tclass=file permissive=0
05-26 14:58:39.030  4181  4873 W art     : b5af5000-b5af7000 r--p 0006c000 b3:15 1538       /system/lib/libGLES_trace.so
05-26 14:58:39.030  4181  4873 W art     : b5af7000-b5af8000 rw-p 0006e000 b3:15 1538       /system/lib/libGLES_trace.so
05-26 14:58:39.031  4181  4873 W art     : b5af8000-b5b2e000 r-xp 00000000 b3:15 3479       /system/vendor/lib/libqc-opt.so
05-26 14:58:39.031  4181  4873 W art     : b5b2e000-b5b2f000 r--p 00035000 b3:15 3479       /system/vendor/lib/libqc-opt.so
05-26 14:58:39.031  4181  4873 W art     : b5b2f000-b5b30000 rw-p 00036000 b3:15 3479       /system/vendor/lib/libqc-opt.so
05-26 14:58:39.031  4181  4873 W art     : b5b30000-b5b31000 r--p 00000000 00:00 0          [anon:linker_alloc]
05-26 14:58:39.031  4181  4873 W art     : b5b31000-b5b91000 r-xp 00000000 b3:15 1652       /system/lib/libft2.so
05-26 14:58:39.031  4181  4873 W art     : b5b91000-b5b92000 ---p 00000000 00:00 0 
05-26 14:58:39.031  4181  4873 W art     : b5b92000-b5b94000 r--p 00060000 b3:15 1652       /system/lib/libft2.so
05-26 14:58:39.031  4181  4873 W art     : b5b94000-b5b95000 rw-p 00062000 b3:15 1652       /system/lib/libft2.so
05-26 14:58:39.031  4181  4873 W art     : b5b95000-b5bba000 r-xp 00000000 b3:15 1726       /system/lib/libpng.so
05-26 14:58:39.031  4181  4873 W art     : b5bba000-b5bbb000 r--p 00024000 b3:15 1726       /system/lib/libpng.so
05-26 14:58:39.031  4181  4873 W art     : b5bbb000-b5bbc000 rw-p 00025000 b3:15 1726       /system/lib/libpng.so
05-26 14:58:39.031  4181  4873 W art     : b5bbc000-b5bbf000 r-xp 00000000 b3:15 1804       /system/lib/libsync.so
05-26 14:58:39.031  4181  4873 W art     : b5bbf000-b5bc0000 r--p 00002000 b3:15 1804       /system/lib/libsync.so
05-26 14:58:39.031  4181  4873 W art     : b5bc0000-b5bc1000 rw-p 00003000 b3:15 1804       /system/lib/libsync.so
05-26 14:58:39.031  4181  4873 W art     : b5bc1000-b5bc6000 r-xp 00000000 b3:15 1800       /system/lib/libstdc++.so
05-26 14:58:39.031  4181  4873 W art     : b5bc6000-b5bc7000 r--p 00004000 b3:15 1800       /system/lib/libstdc++.so
05-26 14:58:39.031  4181  4873 W art     : b5bc7000-b5bc8000 rw-p 00005000 b3:15 1800       /system/lib/libstdc++.so
05-26 14:58:39.032  4181  4873 W art     : b5bc8000-b5bd8000 r-xp 00000000 b3:15 1813       /system/lib/libunwind.so
05-26 14:58:39.032  4181  4873 W art     : b5bd8000-b5bd9000 r--p 0000f000 b3:15 1813       /system/lib/libunwind.so
05-26 14:58:39.032  4181  4873 W art     : b5bd9000-b5bda000 rw-p 00010000 b3:15 1813       /system/lib/libunwind.so
05-26 14:58:39.032  4181  4873 W art     : b5bda000-b5c20000 rw-p 00000000 00:00 0 
05-26 14:58:39.032  4181  4873 W art     : b5c20000-b5c29000 r-xp 00000000 b3:15 1584       /system/lib/libbase.so
05-26 14:58:39.032  4181  4873 W art     : b5c29000-b5c2a000 r--p 00008000 b3:15 1584       /system/lib/libbase.so
05-26 14:58:39.032  4181  4873 W art     : b5c2a000-b5c2b000 rw-p 00009000 b3:15 1584       /system/lib/libbase.so
05-26 14:58:39.032  4181  4873 W art     : b5c2b000-b5c30000 r-xp 00000000 b3:15 1636       /system/lib/libeffects.so
05-26 14:58:39.032  4181  4873 W art     : b5c30000-b5c31000 r--p 00004000 b3:15 1636       /system/lib/libeffects.so
05-26 14:58:39.032  4181  4873 W art     : b5c31000-b5c32000 rw-p 00005000 b3:15 1636       /system/lib/libeffects.so
05-26 14:58:39.032  4181  4873 W art     : b5c32000-b5c35000 r-xp 00000000 b3:15 1773       /system/lib/libstagefright_http_support.so
05-26 14:58:39.032  4181  4873 W art     : b5c35000-b5c36000 ---p 00000000 00:00 0 
05-26 14:58:39.032  4181  4873 W art     : b5c36000-b5c37000 r--p 00003000 b3:15 1773       /system/lib/libstagefright_http_support.so
05-26 14:58:39.032  4181  4873 W art     : b5c37000-b5c38000 rw-p 00004000 b3:15 1773       /system/lib/libstagefright_http_support.so
05-26 14:58:39.032  4181  4873 W art     : b5c38000-b5c50000 r-xp 00000000 b3:15 1772       /system/lib/libstagefright_foundation.so
05-26 14:58:39.032  4181  4873 W art     : b5c50000-b5c51000 ---p 00000000 00:00 0 
05-26 14:58:39.032  4181  4873 W art     : b5c51000-b5c52000 r--p 00018000 b3:15 1772       /system/lib/libstagefright_foundation.so
05-26 14:58:39.032  4181  4873 W art     : b5c52000-b5c53000 rw-p 00019000 b3:15 1772       /system/lib/libstagefright_foundation.so
05-26 14:58:39.032  4181  4873 W art     : b5c53000-b5c54000 r--p 00000000 00:00 0          [anon:linker_alloc]
05-26 14:58:39.032  4181  4873 W art     : b5c54000-b5da8000 r-xp 00000000 b3:15 1768       /system/lib/libstagefright.so
05-26 14:58:39.032  4181  4873 W art     : b5da8000-b5db4000 r--p 00153000 b3:15 1768       /system/lib/libstagefright.so
05-26 14:58:39.033  4181  4873 W art     : b5db4000-b5db5000 rw-p 0015f000 b3:15 1768       /system/lib/libstagefright.so
05-26 14:58:39.033  4181  4873 W art     : b5db5000-b5db9000 r-xp 00000000 b3:15 1744       /system/lib/libregionalization.so
05-26 14:58:39.033  4181  4873 W art     : b5db9000-b5dba000 r--p 00003000 b3:15 1744       /system/lib/libregionalization.so
05-26 14:58:39.033  4181  4873 W art     : b5dba000-b5dbb000 rw-p 00004000 b3:15 1744       /system/lib/libregionalization.so
05-26 14:58:39.033  4181  4873 W art     : b5dbb000-b5e22000 r-xp 00000000 b3:15 1662       /system/lib/libhwui.so
05-26 14:58:39.033  4181  4873 W art     : b5e22000-b5e25000 r--p 00066000 b3:15 1662       /system/lib/libhwui.so
05-26 14:58:39.033  4181  4873 W art     : b5e25000-b5e26000 rw-p 00069000 b3:15 1662       /system/lib/libhwui.so
05-26 14:58:39.033  4181  4873 W art     : b5e26000-b5e29000 r-xp 00000000 b3:15 1741       /system/lib/libradio_metadata.so
05-26 14:58:39.033  4181  4873 W art     : b5e29000-b5e2a000 r--p 00002000 b3:15 1741       /system/lib/libradio_metadata.so
05-26 14:58:39.033  4181  4873 W art     : b5e2a000-b5e2b000 rw-p 00003000 b3:15 1741       /system/lib/libradio_metadata.so
05-26 14:58:39.033  4181  4873 W art     : b5e2b000-b5e2f000 r-xp 00000000 b3:15 1711       /system/lib/libnativebridge.so
05-26 14:58:39.033  4181  4873 W art     : b5e2f000-b5e30000 r--p 00003000 b3:15 1711       /system/lib/libnativebridge.so
05-26 14:58:39.033  4181  4873 W art     : b5e30000-b5e31000 rw-p 00004000 b3:15 1711       /system/lib/libnativebridge.so
05-26 14:58:39.033  4181  4873 W art     : b5e31000-b5e35000 r-xp 00000000 b3:15 1730       /system/lib/libprocessgroup.so
05-26 14:58:39.033  4181  4873 W art     : b5e35000-b5e36000 r--p 00003000 b3:15 1730       /system/lib/libprocessgroup.so
05-26 14:58:39.033  4181  4873 W art     : b5e36000-b5e37000 rw-p 00004000 b3:15 1730       /system/lib/libprocessgroup.so
05-26 14:58:39.033  4181  4873 W art     : b5e37000-b5e45000 r-xp 00000000 b3:15 1704       /system/lib/libminikin.so
05-26 14:58:39.033  4181  4873 W art     : b5e45000-b5e46000 ---p 00000000 00:00 0 
05-26 14:58:39.033  4181  4873 W art     : b5e46000-b5e47000 r--p 0000e000 b3:15 1704       /system/lib/libminikin.so
05-26 14:58:39.033  4181  4873 W art     : b5e47000-b5e48000 rw-p 0000f000 b3:15 1704       /system/lib/libminikin.so
05-26 14:58:39.033  4181  4873 W art     : b5e48000-b5e52000 r-xp 00000000 b3:15 1761       /system/lib/libsoundtrigger.so
05-26 14:58:39.033  4181  4873 W art     : b5e52000-b5e55000 r--p 00009000 b3:15 1761       /system/lib/libsoundtrigger.so
05-26 14:58:39.034  4181  4873 W art     : b5e55000-b5e56000 rw-p 0000c000 b3:15 1761       /system/lib/libsoundtrigger.so
05-26 14:58:39.034  4181  4873 W art     : b5e56000-b5e60000 r-xp 00000000 b3:15 1740       /system/lib/libradio.so
05-26 14:58:39.034  4181  4873 W art     : b5e60000-b5e63000 r--p 00009000 b3:15 1740       /system/lib/libradio.so
05-26 14:58:39.034  4181  4873 W art     : b5e63000-b5e64000 rw-p 0000c000 b3:15 1740       /system/lib/libradio.so
05-26 14:58:39.034  4181  4873 W art     : b5e64000-b5e65000 r--p 00000000 00:00 0          [anon:linker_alloc]
05-26 14:58:39.034  4181  4873 W art     : b5e65000-b5e69000 r-xp 00000000 b3:15 1714       /system/lib/libnetd_client.so
05-26 14:58:39.034  4181  4873 W art     : b5e69000-b5e6a000 r--p 00003000 b3:15 1714       /system/lib/libnetd_client.so
05-26 14:58:39.034  4181  4873 W art     : b5e6a000-b5e6b000 rw-p 00004000 b3:15 1714       /system/lib/libnetd_client.so
05-26 14:58:39.034  4181  4873 W art     : b5e6b000-b5e79000 r-xp 00000000 b3:15 1665       /system/lib/libimg_utils.so
05-26 14:58:39.034  4181  4873 W art     : b5e79000-b5e7b000 r--p 0000d000 b3:15 1665       /system/lib/libimg_utils.so
05-26 14:58:39.034  4181  4873 W art     : b5e7b000-b5e7c000 rw-p 0000f000 b3:15 1665       /system/lib/libimg_utils.so
05-26 14:58:39.034  4181  4873 W art     : b5e7c000-b6277000 r-xp 00000000 b3:15 1724       /system/lib/libpdfium.so
05-26 14:58:39.034  4181  4873 W art     : b6277000-b6278000 ---p 00000000 00:00 0 
05-26 14:58:39.034  4181  4873 W art     : b6278000-b6281000 r--p 003fb000 b3:15 1724       /system/lib/libpdfium.so
05-26 14:58:39.034  4181  4873 W art     : b6281000-b6285000 rw-p 00404000 b3:15 1724       /system/lib/libpdfium.so
05-26 14:58:39.034  4181  4873 W art     : b6285000-b6286000 rw-p 00000000 00:00 0 
05-26 14:58:39.034  4181  4873 W art     : b6286000-b628d000 r-xp 00000000 b3:15 1581       /system/lib/libaudioutils.so
05-26 14:58:39.034  4181  4873 W art     : b628d000-b628e000 r--p 00006000 b3:15 1581       /system/lib/libaudioutils.so
05-26 14:58:39.034  4181  4873 W art     : b628e000-b628f000 rw-p 00007000 b3:15 1581       /system/lib/libaudioutils.so
05-26 14:58:39.034  4181  4873 W art     : b628f000-b62a9000 r-xp 00000000 b3:15 1827       /system/lib/libz.so
05-26 14:58:39.035  4181  4873 W art     : b62a9000-b62aa000 r--p 00019000 b3:15 1827       /system/lib/libz.so
05-26 14:58:39.035  4181  4873 W art     : b62aa000-b62ab000 rw-p 0001a000 b3:15 1827       /system/lib/libz.so
05-26 14:58:39.035  4181  4873 W art     : b62ab000-b6300000 r-xp 00000000 b3:15 1659       /system/lib/libharfbuzz_ng.so
05-26 14:58:39.035  4181  4873 W art     : b6300000-b6301000 r--p 00054000 b3:15 1659       /system/lib/libharfbuzz_ng.so
05-26 14:58:39.035  4181  4873 W art     : b6301000-b6302000 rw-p 00055000 b3:15 1659       /system/lib/libharfbuzz_ng.so
05-26 14:58:39.035  4181  4873 W art     : b6302000-b6303000 rw-p 00000000 00:00 0          [anon:linker_alloc]
05-26 14:58:39.035  4181  4873 W art     : b6303000-b6307000 r-xp 00000000 b3:15 1814       /system/lib/libusbhost.so
05-26 14:58:39.035  4181  4873 W art     : b6307000-b6308000 ---p 00000000 00:00 0 
05-26 14:58:39.035  4181  4873 W art     : b6308000-b6309000 r--p 00004000 b3:15 1814       /system/lib/libusbhost.so
05-26 14:58:39.035  4181  4873 W art     : b6309000-b630a000 rw-p 00005000 b3:15 1814       /system/lib/libusbhost.so
05-26 14:58:39.035  4181  4873 W art     : b630a000-b6340000 r-xp 00000000 b3:15 1683       /system/lib/libjpeg.so
05-26 14:58:39.035  4181  4873 W art     : b6340000-b6341000 r--p 00035000 b3:15 1683       /system/lib/libjpeg.so
05-26 14:58:39.035  4181  4873 W art     : b6341000-b6342000 rw-p 00036000 b3:15 1683       /system/lib/libjpeg.so
05-26 14:58:39.035  4181  4873 W art     : b6342000-b63d3000 r-xp 00000000 b3:15 1696       /system/lib/libmedia.so
05-26 14:58:39.035  4181  4873 W art     : b63d3000-b63d4000 ---p 00000000 00:00 0 
05-26 14:58:39.035  4181  4873 W art     : b63d4000-b63f0000 r--p 00091000 b3:15 1696       /system/lib/libmedia.so
05-26 14:58:39.035  4181  4873 W art     : b63f0000-b63f1000 rw-p 000ad000 b3:15 1696       /system/lib/libmedia.so
05-26 14:58:39.036  4181  4873 W art     : b63f1000-b63f2000 r--p 00000000 00:00 0          [anon:linker_alloc]
05-26 14:58:39.036  4181  4873 W art     : b63f2000-b6556000 r-xp 00000000 b3:15 1663       /system/lib/libicui18n.so
05-26 14:58:39.036  4181  4873 W art     : b6556000-b6561000 r--p 00163000 b3:15 1663       /system/lib/libicui18n.so
05-26 14:58:39.036  4181  4873 W art     : b6561000-b6562000 rw-p 0016e000 b3:15 1663       /system/lib/libicui18n.so
05-26 14:58:39.036  4181  4873 W art     : b6562000-b6670000 r-xp 00000000 b3:15 1664       /system/lib/libicuuc.so
05-26 14:58:39.036  4181  4873 W art     : b6670000-b667b000 r--p 0010d000 b3:15 1664       /system/lib/libicuuc.so
05-26 14:58:39.036  4181  4873 W art     : b667b000-b667c000 rw-p 00118000 b3:15 1664       /system/lib/libicuuc.so
05-26 14:58:39.036  4181  4873 W art     : b667c000-b6680000 rw-p 00000000 00:00 0 
05-26 14:58:39.036  4181  4873 W art     : b6680000-b66a3000 r-xp 00000000 b3:15 1767       /system/lib/libssl.so
05-26 14:58:39.036  4181  4873 W art     : b66a3000-b66a5000 r--p 00022000 b3:15 1767       /system/lib/libssl.so
05-26 14:58:39.036  4181  4873 W art     : b66a5000-b66a6000 rw-p 00024000 b3:15 1767       /system/lib/libssl.so
05-26 14:58:39.036  4181  4873 W art     : b66a6000-b6736000 r-xp 00000000 b3:15 1605       /system/lib/libcrypto.so
05-26 14:58:39.036  4181  4873 W art     : b6736000-b6737000 ---p 00000000 00:00 0 
05-26 14:58:39.036  4181  4873 W art     : b6737000-b6742000 r--p 00090000 b3:15 1605       /system/lib/libcrypto.so
05-26 14:58:39.036  4181  4873 W art     : b6742000-b6743000 rw-p 0009b000 b3:15 1605       /system/lib/libcrypto.so
05-26 14:58:39.036  4181  4873 W art     : b6743000-b6795000 r-xp 00000000 b3:15 1759       /system/lib/libsonivox.so
05-26 14:58:39.036  4181  4873 W art     : b6795000-b6796000 r--p 00051000 b3:15 1759       /system/lib/libsonivox.so
05-26 14:58:39.036  4181  4873 W art     : b6796000-b6797000 rw-p 00052000 b3:15 1759       /system/lib/libsonivox.so
05-26 14:58:39.036  4181  4873 W art     : b6797000-b679c000 rw-p 00000000 00:00 0 
05-26 14:58:39.036  4181  4873 W art     : b679c000-b67aa000 r-xp 00000000 b3:15 1751       /system/lib/libselinux.so
05-26 14:58:39.036  4181  4873 W art     : b67aa000-b67ab000 ---p 00000000 00:00 0 
05-26 14:58:39.036  4181  4873 W art     : b67ab000-b67ac000 r--p 0000e000 b3:15 1751       /system/lib/libselinux.so
05-26 14:58:39.036  4181  4873 W art     : b67ac000-b67ad000 rw-p 0000f000 b3:15 1751       /system/lib/libselinux.so
05-26 14:58:39.037  4181  4873 W art     : b67ad000-b67b4000 r-xp 00000000 b3:15 1658       /system/lib/libhardware_legacy.so
05-26 14:58:39.037  4181  4873 W art     : b67b4000-b67b5000 r--p 00006000 b3:15 1658       /system/lib/libhardware_legacy.so
05-26 14:58:39.037  4181  4873 W art     : b67b5000-b67b6000 rw-p 00007000 b3:15 1658       /system/lib/libhardware_legacy.so
05-26 14:58:39.037  4181  4873 W art     : b67b6000-b67b7000 rw-p 00000000 00:00 0 
05-26 14:58:39.037  4181  4873 W art     : b67b7000-b67ba000 r-xp 00000000 b3:15 1657       /system/lib/libhardware.so
05-26 14:58:39.037  4181  4873 W art     : b67ba000-b67bb000 r--p 00002000 b3:15 1657       /system/lib/libhardware.so
05-26 14:58:39.037  4181  4873 W art     : b67bb000-b67bc000 rw-p 00003000 b3:15 1657       /system/lib/libhardware.so
05-26 14:58:39.037  4181  4873 W art     : b67bc000-b67c0000 r-xp 00000000 b3:15 1536       /system/lib/libETC1.so
05-26 14:58:39.037  4181  4873 W art     : b67c0000-b67c1000 r--p 00003000 b3:15 1536       /system/lib/libETC1.so
05-26 14:58:39.037  4181  4873 W art     : b67c1000-b67c2000 rw-p 00004000 b3:15 1536       /system/lib/libETC1.so
05-26 14:58:39.037  4181  4873 W art     : b67c2000-b67cf000 r-xp 00000000 b3:15 1540       /system/lib/libGLESv2.so
05-26 14:58:39.037  4181  4873 W art     : b67cf000-b67d0000 r--p 0000c000 b3:15 1540       /system/lib/libGLESv2.so
05-26 14:58:39.037  4181  4873 W art     : b67d0000-b67d1000 rw-p 0000d000 b3:15 1540       /system/lib/libGLESv2.so
05-26 14:58:39.037  4181  4873 W art     : b67d1000-b67d9000 r-xp 00000000 b3:15 1539       /system/lib/libGLESv1_CM.so
05-26 14:58:39.037  4181  4873 W art     : b67d9000-b67da000 r--p 00007000 b3:15 1539       /system/lib/libGLESv1_CM.so
05-26 14:58:39.037  4181  4873 W art     : b67da000-b67db000 rw-p 00008000 b3:15 1539       /system/lib/libGLESv1_CM.so
05-26 14:58:39.037  4181  4873 W art     : b67db000-b6837000 r-xp 00000000 b3:15 1535       /system/lib/libEGL.so
05-26 14:58:39.037  4181  4873 W art     : b6837000-b6838000 ---p 00000000 00:00 0 
05-26 14:58:39.037  4181  4873 W art     : b6838000-b683a000 r--p 0005c000 b3:15 1535       /system/lib/libEGL.so
05-26 14:58:39.037  4181  4873 W art     : b683a000-b6843000 rw-p 0005e000 b3:15 1535       /system/lib/libEGL.so
05-26 14:58:39.037  4181  4873 W art     : b6843000-b6846000 rw-p 00000000 00:00 0 
05-26 14:58:39.037  4181  4873 W art     : b6846000-b68a8000 r-xp 00000000 b3:15 1765       /system/lib/libsqlite.so
05-26 14:58:39.038  4181  4873 W art     : b68a8000-b68aa000 r--p 00061000 b3:15 1765       /system/lib/libsqlite.so
05-26 14:58:39.038  4181  4873 W art     : b68aa000-b68ab000 rw-p 00063000 b3:15 1765       /system/lib/libsqlite.so
05-26 14:58:39.038  4181  4873 W art     : b68ab000-b68ac000 rw-p 00000000 00:00 0 
05-26 14:58:39.038  4181  4873 W art     : b68ac000-b6b05000 r-xp 00000000 b3:15 1755       /system/lib/libskia.so
05-26 14:58:39.038  4181  4873 W art     : b6b05000-b6b06000 ---p 00000000 00:00 0 
05-26 14:58:39.038  4181  4873 W art     : b6b06000-b6b20000 r--p 00259000 b3:15 1755       /system/lib/libskia.so
05-26 14:58:39.038  4181  4873 W art     : b6b20000-b6b22000 rw-p 00273000 b3:15 1755       /system/lib/libskia.so
05-26 14:58:39.038  4181  4873 W art     : b6b22000-b6b27000 rw-p 00000000 00:00 0 
05-26 14:58:39.038  4181  4873 W art     : b6b27000-b6b2f000 r-xp 00000000 b3:15 1596       /system/lib/libcamera_metadata.so
05-26 14:58:39.038  4181  4873 W art     : b6b2f000-b6b30000 ---p 00000000 00:00 0 
05-26 14:58:39.038  4181  4873 W art     : b6b30000-b6b31000 r--p 00008000 b3:15 1596       /system/lib/libcamera_metadata.so
05-26 14:58:39.038  4181  4873 W art     : b6b31000-b6b32000 rw-p 00009000 b3:15 1596       /system/lib/libcamera_metadata.so
05-26 14:58:39.038  4181  4873 W art     : b6b32000-b6b56000 r-xp 00000000 b3:15 1595       /system/lib/libcamera_client.so
05-26 14:58:39.038  4181  4873 W art     : b6b56000-b6b57000 ---p 00000000 00:00 0 
05-26 14:58:39.038  4181  4873 W art     : b6b57000-b6b5e000 r--p 00024000 b3:15 1595       /system/lib/libcamera_client.so
05-26 14:58:39.038  4181  4873 W art     : b6b5e000-b6b5f000 rw-p 0002b000 b3:15 1595       /system/lib/libcamera_client.so
05-26 14:58:39.038  4181  4873 W art     : b6b5f000-b6b9a000 r-xp 00000000 b3:15 1669       /system/lib/libinputflinger.so
05-26 14:58:39.038  4181  4873 W art     : b6b9a000-b6b9b000 ---p 00000000 00:00 0 
05-26 14:58:39.038  4181  4873 W art     : b6b9b000-b6b9e000 r--p 0003b000 b3:15 1669       /system/lib/libinputflinger.so
05-26 14:58:39.038  4181  4873 W art     : b6b9e000-b6b9f000 rw-p 0003e000 b3:15 1669       /system/lib/libinputflinger.so
05-26 14:58:39.038  4181  4873 W art     : b6b9f000-b6bb9000 r-xp 00000000 b3:15 1668       /system/lib/libinput.so
05-26 14:58:39.039  4181  4873 W art     : b6bb9000-b6bbd000 r--p 00019000 b3:15 1668       /system/lib/libinput.so
05-26 14:58:39.039  4181  4873 W art     : b6bbd000-b6bbe000 rw-p 0001d000 b3:15 1668       /system/lib/libinput.so
05-26 14:58:39.039  4181  4873 W art     : b6bbe000-b6c0a000 r-xp 00000000 b3:15 1656       /system/lib/libgui.so
05-26 14:58:39.039  4181  4873 W art     : b6c0a000-b6c0b000 ---p 00000000 00:00 0 
05-26 14:58:39.039  4181  4873 W art     : b6c0b000-b6c17000 r--p 0004c000 b3:15 1656       /system/lib/libgui.so
05-26 14:58:39.039  4181  4873 W art     : b6c17000-b6c18000 rw-p 00058000 b3:15 1656       /system/lib/libgui.so
05-26 14:58:39.039  4181  4873 W art     : b6c18000-b6c25000 r-xp 00000000 b3:15 1812       /system/lib/libui.so
05-26 14:58:39.039  4181  4873 W art     : b6c25000-b6c26000 ---p 00000000 00:00 0 
05-26 14:58:39.039  4181  4873 W art     : b6c26000-b6c27000 r--p 0000d000 b3:15 1812       /system/lib/libui.so
05-26 14:58:39.039  4181  4873 W art     : b6c27000-b6c28000 rw-p 0000e000 b3:15 1812       /system/lib/libui.so
05-26 14:58:39.039  4181  4873 W art     : b6c28000-b6c2f000 r-xp 00000000 b3:15 1716       /system/lib/libnetutils.so
05-26 14:58:39.039  4181  4873 W art     : b6c2f000-b6c30000 r--p 00006000 b3:15 1716       /system/lib/libnetutils.so
05-26 14:58:39.039  4181  4873 W art     : b6c30000-b6c31000 rw-p 00007000 b3:15 1716       /system/lib/libnetutils.so
05-26 14:58:39.039  4181  4873 W art     : b6c31000-b6c38000 r-xp 00000000 b3:15 1712       /system/lib/libnativehelper.so
05-26 14:58:39.039  4181  4873 W art     : b6c38000-b6c39000 r--p 00006000 b3:15 1712       /system/lib/libnativehelper.so
05-26 14:58:39.039  4181  4873 W art     : b6c39000-b6c3a000 rw-p 00007000 b3:15 1712       /system/lib/libnativehelper.so
05-26 14:58:39.039  4181  4873 W art     : b6c3a000-b6c4e000 r-xp 00000000 b3:15 1638       /system/lib/libexpat.so
05-26 14:58:39.039  4181  4873 W art     : b6c4e000-b6c50000 r--p 00013000 b3:15 1638       /system/lib/libexpat.so
05-26 14:58:39.039  4181  4873 W art     : b6c50000-b6c51000 rw-p 00015000 b3:15 1638       /system/lib/libexpat.so
05-26 14:58:39.039  4181  4873 W art     : b6c51000-b6c78000 r-xp 00000000 b3:15 1566       /system/lib/libandroidfw.so
05-26 14:58:39.039  4181  4873 W art     : b6c78000-b6c79000 ---p 00000000 00:00 0 
05-26 14:58:39.040  4181  4873 W art     : b6c79000-b6c7a000 r--p 00027000 b3:15 1566       /system/lib/libandroidfw.so
05-26 14:58:39.040  4181  4873 W art     : b6c7a000-b6c7b000 rw-p 00028000 b3:15 1566       /system/lib/libandroidfw.so
05-26 14:58:39.040  4181  4873 W art     : b6c7b000-b6c7e000 r-xp 00000000 b3:15 1703       /system/lib/libmemtrack.so
05-26 14:58:39.040  4181  4873 W art     : b6c7e000-b6c7f000 r--p 00002000 b3:15 1703       /system/lib/libmemtrack.so
05-26 14:58:39.040  4181  4873 W art     : b6c7f000-b6c80000 rw-p 00003000 b3:15 1703       /system/lib/libmemtrack.so
05-26 14:58:39.040  4181  4873 W art     : b6c80000-b6c89000 r-xp 00000000 b3:15 1582       /system/lib/libbacktrace.so
05-26 14:58:39.040  4181  4873 W art     : b6c89000-b6c8a000 r--p 00008000 b3:15 1582       /system/lib/libbacktrace.so
05-26 14:58:39.040  4181  4873 W art     : b6c8a000-b6c8b000 rw-p 00009000 b3:15 1582       /system/lib/libbacktrace.so
05-26 14:58:39.040  4181  4873 W art     : b6c8b000-b6caa000 r-xp 00000000 b3:15 1694       /system/lib/libm.so
05-26 14:58:39.040  4181  4873 W art     : b6caa000-b6cab000 ---p 00000000 00:00 0 
05-26 14:58:39.040  4181  4873 W art     : b6cab000-b6cac000 r--p 0001f000 b3:15 1694       /system/lib/libm.so
05-26 14:58:39.040  4181  4873 W art     : b6cac000-b6cad000 rw-p 00020000 b3:15 1694       /system/lib/libm.so
05-26 14:58:39.040  4181  4873 W art     : b6cad000-b6d0a000 r-xp 00000000 b3:15 1591       /system/lib/libc.so
05-26 14:58:39.040  4181  4873 W art     : b6d0a000-b6d0d000 r--p 0005c000 b3:15 1591       /system/lib/libc.so
05-26 14:58:39.040  4181  4873 W art     : b6d0d000-b6d10000 rw-p 0005f000 b3:15 1591       /system/lib/libc.so
05-26 14:58:39.040  4181  4873 W art     : b6d10000-b6d19000 rw-p 00000000 00:00 0 
05-26 14:58:39.040  4181  4873 W art     : b6d19000-b6da1000 r-xp 00000000 b3:15 1590       /system/lib/libc++.so
05-26 14:58:39.040  4181  4873 W art     : b6da1000-b6da2000 ---p 00000000 00:00 0 
05-26 14:58:39.040  4181  4873 W art     : b6da2000-b6da6000 r--p 00088000 b3:15 1590       /system/lib/libc++.so
05-26 14:58:39.040  4181  4873 W art     : b6da6000-b6da7000 rw-p 0008c000 b3:15 1590       /system/lib/libc++.so
05-26 14:58:39.040  4181  4873 W art     : b6da7000-b6da8000 rw-p 00000000 00:00 0 
05-26 14:58:39.040  4181  4873 W art     : b6da8000-b6dd0000 r-xp 00000000 b3:15 1823       /system/lib/libwilhelm.s
05-26 14:58:39.040  4181  4873 W art     : o
05-26 14:58:39.040  4181  4873 W art     : b6dd0000-b6dd1000 ---p 00000000 00:00 0 
05-26 14:58:39.041  4181  4873 W art     : b6dd1000-b6dd4000 r--p 00028000 b3:15 1823       /system/lib/libwilhelm.so
05-26 14:58:39.041  4181  4873 W art     : b6dd4000-b6dd5000 rw-p 0002b000 b3:15 1823       /system/lib/libwilhelm.so
05-26 14:58:39.041  4181  4873 W art     : b6dd5000-b6ea6000 r-xp 00000000 b3:15 1564       /system/lib/liba
05-26 14:58:39.041  4181  4873 W art     : ndroid_runtime.so
05-26 14:58:39.041  4181  4873 W art     : b6ea6000-b6ead000 r--p 000d0000 b3:15 1564       /system/lib/libandroid_runtime.so
05-26 14:58:39.041  4181  4873 W art     : b6ead000-b6eb5000 rw-p 000d7000 b3:15 1564       /system/lib/libandroid_runtime.so
05-26 14:58:39.041  4181  4873 W art     : b6eb5000-b6eb6000 rw-p 00000000 00:00 0 
05-26 14:58:39.041  4181  4873 W art     : b6eb6000-b6edb000 r-xp 00000000 b3:15 1587       
05-26 14:58:39.041  4181  4873 W art     : /system/lib/libbinder.so
05-26 14:58:39.041  4181  4873 W art     : b6edb000-b6edc000 ---p 00000000 00:00 0 
05-26 14:58:39.041  4181  4873 W art     : b6edc000-b6ee3000 r--p 00025000 b3:15 1587       /system/lib/libbinder.so
05-26 14:58:39.041  4181  4873 W art     : b6ee3000-b6ee4000 rw-p 0002c000 b3:15 1587       /system/lib/libbinder.so
05-26 14:58:39.041  4181  4873 W art     : b6ee4000-b6eec000 r-xp 00000000 b3:15 1692       /system/lib/liblog
05-26 14:58:39.041  4181  4873 W art     : .so
05-26 14:58:39.041  4181  4873 W art     : b6eec000-b6eed000 r--p 00007000 b3:15 1692       /system/lib/liblog.so
05-26 14:58:39.041  4181  4873 W art     : b6eed000-b6eee000 rw-p 00008000 b3:15 1692       /system/lib/liblog.so
05-26 14:58:39.041  4181  4873 W art     : b6eee000-b6f06000 r-xp 00000000 b3:15 1815       /system/lib/libutils.so
05-26 14:58:39.041  4181  4873 W art     : b6f06000-b6f07000 ---p 00000000 00:00 0 
05-26 14:58:39.041  4181  4873 W art     : b6f07000-b6f08000 r--p 00018000 b3:15 1815       /system/lib/libutils.so
05-26 14:58:39.041  4181  4873 W art     : b6f08000-b6f09000 rw-p 00019000 b3:15 1815       /system/lib/libutils.so
05-26 14:58:39.041  4181  4873 W art     : b6f09000-b6f17000 r-xp 00000000 b3:15 1607       /system/lib/libcutils.so
05-26 14:58:39.041  4181  4873 W art     : b6f17000-b6f18000 ---p 00000000 00:00 0 
05-26 14:58:39.041  4181  4873 W art     : b6f18000-b6f19000 r--p 0000e000 b3:15 1607       /system/lib/libcutils.so
05-26 14:58:39.041  4181  4873 W art     : b6f19000-b6f1a000 rw-p 0000f000 b3:15 1607       /system/lib/libcutils.so
05-26 14:58:39.041  4181  4873 W art     : b6f1a000-b6f1e000 r-xp 00000000 b3:15 2923       /system/vendor/lib/libNimsWrap.so
05-26 14:58:39.042  4181  4873 W art     : b6f1e000-b6f1f000 r--p 00003000 b3:15 2923       /system/vendor/lib/libNimsWrap.so
05-26 14:58:39.042  4181  4873 W art     : b6f1f000-b6f20000 rw-p 00004000 b3:15 2923       /system/vendor/lib/libNimsWrap.so
05-26 14:58:39.042  4181  4873 W art     : b6f20000-b6f21000 rw-p 00000000 00:00 0          [anon:linker_alloc_vector]
05-26 14:58:39.042  4181  4873 W art     : b6f21000-b6f22000 rw-p 00000000 00:00 0          [anon:linker_alloc_64]
05-26 14:58:39.042  4181  4873 W art     : b6f22000-b6f26000 r--p 00000000 00:00 0          [anon:linker_alloc]
05-26 14:58:39.042  4181  4873 W art     : b6f26000-b6f27000 r--p 00000000 00:00 0          [anon:linker_alloc]
05-26 14:58:39.042  4181  4873 W art     : b6f27000-b6f28000 rw-p 00000000 00:00 0          [anon:linker_alloc]
05-26 14:58:39.042  4181  4873 W art     : b6f28000-b6f29000 rw-p 00000000 00:00 0          [anon:linker_alloc_vector]
05-26 14:58:39.042  4181  4873 W art     : b6f29000-b6f2a000 rw-p 00000000 00:00 0          [anon:linker_alloc_16]
05-26 14:58:39.042  4181  4873 W art     : b6f2a000-b6f2b000 rw-p 00000000 00:00 0          [anon:linker_alloc_vector]
05-26 14:58:39.042  4181  4873 W art     : b6f2b000-b6f2c000 rw-p 00000000 00:00 0          [anon:linker_alloc_32]
05-26 14:58:39.042  4181  4873 W art     : b6f2c000-b6f2d000 r--p 00000000 00:00 0          [anon:linker_alloc]
05-26 14:58:39.042  4181  4873 W art     : b6f2d000-b6f4d000 r--s 00000000 00:0c 7631       /dev/__properties__
05-26 14:58:39.042  4181  4873 W art     : b6f4d000-b6f4e000 r--p 00000000 00:00 0 
05-26 14:58:39.042  4181  4873 W art     : b6f4e000-b6f4f000 ---p 00000000 00:00 0 
05-26 14:58:39.042  4181  4873 W art     : b6f4f000-b6f51000 rw-p 00000000 00:00 0          [anon:thread signal stack]
05-26 14:58:39.042  4181  4873 W art     : b6f51000-b6f52000 r-xp 00000000 00:00 0          [sigpage]
05-26 14:58:39.042  4181  4873 W art     : b6f52000-b6f6f000 r-xp 00000000 b3:15 560        /system/bin/linker
05-26 14:58:39.042  4181  4873 W art     : b6f6f000-b6f70000 r--p 0001c000 b3:15 560        /system/bin/linker
05-26 14:58:39.043  4181  4873 W art     : b6f70000-b6f72000 rw-p 0001d000 b3:15 560        /system/bin/linker
05-26 14:58:39.043  4181  4873 W art     : b6f72000-b6f74000 rw-p 00000000 00:00 0 
05-26 14:58:39.043  4181  4873 W art     : b6f74000-b6f79000 r-xp 00000000 b3:15 424        /system/bin/app_process32
05-26 14:58:39.043  4181  4873 W art     : b6f79000-b6f7a000 r--p 00004000 b3:15 424        /system/bin/app_process
05-26 14:58:39.043  4181  4873 W art     : 32
05-26 14:58:39.043  4181  4873 W art     : b6f7a000-b6f7b000 rw-p 00000000 00:00 0 
05-26 14:58:39.043  4181  4873 W art     : b8143000-b836e000 rw-p 00000000 00:00 0          [heap]
05-26 14:58:39.043  4181  4873 W art     : b836e000-b8419000 rw-p 00000000 00:00 0          [heap]
05-26 14:58:39.043  4181  4873 W art     : be6a6000-be6a6000 ---p 00000000 00:00 0 
05-26 14:58:39.043  4181  4873 W art     : be6a6000-beea5000 rw-p 00000000 00:00 0          [stack]
05-26 14:58:39.043  4181  4873 W art     : ffff0
05-26 14:58:39.043  4181  4873 W art     : 000-ffff1000 r-xp 00000000 00:00 0          [vectors]
05-26 14:58:38.991  4873  4873 W amapLocManagerT: type=1400 audit(0.0:61): avc: denied { execute } for path="/data/data/com.ctyon.socketclient/files/pngex/62acd9c6420a6ff6807834943f1cf35f.jar.o" dev="mmcblk0p29" ino=65493 scontext=u:r:system_app:s0 tcontext=u:object_r:system_app_data_file:s0 tclass=file permissive=0
05-26 14:58:39.174   317  1546 E NetlinkEvent: NetlinkEvent::FindParam(): Parameter 'UID' not found
05-26 14:58:39.729  4181  4181 D shipeixian: 定位成功: 定位成功
05-26 14:58:39.729  4181  4181 D shipeixian: 定位类型: 6
05-26 14:58:39.729  4181  4181 D shipeixian: 经    度    : 113.921934
05-26 14:58:39.729  4181  4181 D shipeixian: 纬    度    : 22.572019
05-26 14:58:39.729  4181  4181 D shipeixian: 精    度    : 550.0米
05-26 14:58:39.729  4181  4181 D shipeixian: 提供者    : lbs
05-26 14:58:39.729  4181  4181 D shipeixian: 速    度    : 0.0米/秒
05-26 14:58:39.729  4181  4181 D shipeixian: 角    度    : 0.0
05-26 14:58:39.729  4181  4181 D shipeixian: 星    数    : 0
05-26 14:58:39.729  4181  4181 D shipeixian: 国    家    : 中国
05-26 14:58:39.729  4181  4181 D shipeixian: 省            : 广东省
05-26 14:58:39.729  4181  4181 D shipeixian: 市            : 深圳市
05-26 14:58:39.729  4181  4181 D shipeixian: 城市编码 : 0755
05-26 14:58:39.729  4181  4181 D shipeixian: 区            : 宝安区
05-26 14:58:39.729  4181  4181 D shipeixian: 区域 码   : 440306
05-26 14:58:39.729  4181  4181 D shipeixian: 地    址    : 广东省深圳市宝安区留仙一路67区靠近甲岸科技园
05-26 14:58:39.729  4181  4181 D shipeixian: 兴趣点    : 甲岸科技园
05-26 14:58:39.729  4181  4181 D shipeixian: 定位时间: 2018-05-26 14:58:40
05-26 14:58:39.729  4181  4181 D shipeixian: ***定位质量报告***
05-26 14:58:39.729  4181  4181 D shipeixian: * WIFI开关：开启
05-26 14:58:39.729  4181  4181 D shipeixian: * GPS状态：GPS关闭，建议开启GPS，提高定位质量
05-26 14:58:39.729  4181  4181 D shipeixian: * GPS星数：0
05-26 14:58:39.729  4181  4181 D shipeixian: ****************
05-26 14:58:39.729  4181  4181 D shipeixian: 回调时间: 2018-05-26 14:58:39
05-26 14:58:39.838  4181  4181 I ModemUtils:  获取邻区基站信息:总数 : 0
05-26 14:58:39.838  4181  4181 I ModemUtils: getDetailedState=CONNECTED
05-26 14:58:39.838  4181  4181 I ModemUtils: getReason=connected
05-26 14:58:39.838  4181  4181 I ModemUtils: getSubtype=13
05-26 14:58:39.838  4181  4181 I ModemUtils: getSubtypeName=LTE
05-26 14:58:39.838  4181  4181 I ModemUtils: getExtraInfo=ctnet
05-26 14:58:39.838  4181  4181 I ModemUtils: getTypeName=MOBILE
05-26 14:58:39.838  4181  4181 I ModemUtils: getType=0
05-26 14:58:39.841  4181  4181 I shipeixian: handler 上传定位数据包
05-26 14:58:39.841  4181  4505 D SendData: parse: 208
05-26 14:58:39.843  4181  4505 I Socket  : write bytes: 00 07 00 d0 7b 22 74 79 70 65 22 3a 37 2c 22 69 64 65 6e 74 22 3a 31 33 39 32 32 2c 22 67 70 73 22 3a 7b 22 6c 6f 6e 22 3a 22 31 31 33 2e 39 32 31 39 33 34 22 2c 22 6c 61 74 22 3a 22 32 32 2e 35 37 32 30 31 39 22 2c 22 68 65 69 67 68 74 22 3a 30 2c 22 73 70 65 65 64 22 3a 30 2c 22 64 69 72 65 63 74 69 6f 6e 22 3a 30 7d 2c 22 63 65 6c 6c 73 22 3a 5b 7b 22 6d 63 63 22 3a 34 36 30 2c 22 6d 6e 63 22 3a 31 31 2c 22 6c 61 63 22 3a 31 30 33 34 32 2c 22 63 69 22 3a 34 35 37 33 36 39 36 32 2c 22 72 78 6c 65 76 22 3a 38 7d 5d 2c 22 74 69 6d 65 73 74 61 6d 70 22 3a 35 39 39 2c 22 73 6f 73 22 3a 30 2c 22 66 65 65 64 62 61 63 6b 22 3a 31 7d 
05-26 14:58:39.843  4181  4505 I Socket  : bytes write length:212
05-26 14:58:39.844  4181  4181 D SendData: parse: 208
05-26 14:58:39.844  4181  4181 I shipeixian: onSocketWriteResponse: �{"type":7,"ident":13922,"gps":{"lon":"113.921934","lat":"22.572019","height":0,"speed":0,"direction":0},"cells":[{"mcc":460,"mnc":11,"lac":10342,"ci":45736962,"rxlev":8}],"timestamp":599,"sos":0,"feedback":1}
05-26 14:58:39.845  4181  4181 I shipeixian: type = 7
05-26 14:58:39.988  4181  4506 I Socket  : read head: 00 07 00 18 
05-26 14:58:39.988  4181  4506 I Socket  : need read body length: 24
05-26 14:58:39.988  4181  4506 I Socket  : read total bytes: 7b 22 69 64 65 6e 74 22 3a 31 33 39 32 32 2c 22 74 79 70 65 22 3a 37 7d 
05-26 14:58:39.988  4181  4506 I Socket  : read total length:24
05-26 14:58:39.989  4181  4181 I shipeixian: 24onSocketReadResponse: {"ident":13922,"type":7}
05-26 14:58:39.990  4181  4181 I shipeixian: 终端上传定位
05-26 14:58:40.106  3200  3338 D TelephonyIcons: updateDataType slot=0, type=13, inetCondition=1 showAtLeast3G=false show4GforLte=true hspaDistinguishable=false
05-26 14:58:40.107  3200  3338 D TelephonyIcons: data type item name: array/telephony_data_type_sim1 id:2131230726
05-26 14:58:40.109  3200  3338 D TelephonyIcons: updateDataType mSelectedDataTypeIcon[0]=2130837803, mSelectedDataActivityIndex=5
05-26 14:58:40.109  3200  3338 D TelephonyIcons: getSignalStrengthIcon: slot=0, inetCondition=1, level=2, roaming=false
05-26 14:58:40.110  3200  3338 D TelephonyIcons: signalStrengthArray.length=9
05-26 14:58:40.111  3200  3338 D TelephonyIcons: selectedTypeArray.length=2
05-26 14:58:40.111  3200  3338 D TelephonyIcons: inetArray.length=6
05-26 14:58:40.112  3200  3338 D TelephonyIcons: getSignalStrengthIcon: slot=0, inetCondition=1, level=2, roaming=false
05-26 14:58:40.113  3200  3338 D TelephonyIcons: signalStrengthArray.length=9
05-26 14:58:40.113  3200  3338 D TelephonyIcons: selectedTypeArray.length=2
05-26 14:58:40.114  3200  3338 D TelephonyIcons: inetArray.length=6
05-26 14:58:40.116  3200  3338 D TelephonyIcons: getDataActivity, slot=0, activity=3
05-26 14:58:40.132  3200  3338 D TelephonyIcons: null signal icon name: drawable/stat_sys_signal_null
05-26 14:58:40.133  3200  3338 D TelephonyIcons: getDataTypeIcon sub=0
05-26 14:58:40.564  1228  1283 D BluetoothManagerService: Message: 20
05-26 14:58:40.564  1228  1283 D BluetoothManagerService: Added callback: android.bluetooth.IBluetoothManagerCallback$Stub$Proxy@611918b:true
05-26 14:58:40.717  3200  3338 D TelephonyIcons: updateDataType slot=0, type=13, inetCondition=1 showAtLeast3G=false show4GforLte=true hspaDistinguishable=false
05-26 14:58:40.718  3200  3338 D TelephonyIcons: data type item name: array/telephony_data_type_sim1 id:2131230726
05-26 14:58:40.721  3200  3338 D TelephonyIcons: updateDataType mSelectedDataTypeIcon[0]=2130837803, mSelectedDataActivityIndex=5
05-26 14:58:40.721  3200  3338 D TelephonyIcons: getSignalStrengthIcon: slot=0, inetCondition=1, level=1, roaming=false
05-26 14:58:40.722  3200  3338 D TelephonyIcons: signalStrengthArray.length=9
05-26 14:58:40.723  3200  3338 D TelephonyIcons: selectedTypeArray.length=2
05-26 14:58:40.724  3200  3338 D TelephonyIcons: inetArray.length=6
05-26 14:58:40.725  3200  3338 D TelephonyIcons: getSignalStrengthIcon: slot=0, inetCondition=1, level=2, roaming=false
05-26 14:58:40.726  3200  3338 D TelephonyIcons: signalStrengthArray.length=9
05-26 14:58:40.728  3200  3338 D TelephonyIcons: selectedTypeArray.length=2
05-26 14:58:40.729  3200  3338 D TelephonyIcons: inetArray.length=6
05-26 14:58:40.730  3200  3338 D TelephonyIcons: getDataActivity, slot=0, activity=3
05-26 14:58:40.757  3200  3338 D TelephonyIcons: null signal icon name: drawable/stat_sys_signal_null
05-26 14:58:40.757  3200  3338 D TelephonyIcons: getDataTypeIcon sub=0
05-26 14:58:40.857  4181  4875 W ActivityThread: ClassLoader.loadClass: The class loader returned by Thread.getContextClassLoader() may fail for processes that host multiple applications. You should explicitly specify a context class loader. For example: Thread.setContextClassLoader(getClass().getClassLoader());
05-26 14:58:40.876  4181  4506 I Socket  : read head: 00 26 00 68 
05-26 14:58:40.876  4181  4506 I Socket  : need read body length: 104
05-26 14:58:40.876  4181  4506 I Socket  : read total bytes: 7b 22 69 64 65 6e 74 22 3a 38 31 39 32 39 31 2c 22 69 6d 65 69 22 3a 22 43 35 42 32 30 31 38 30 32 30 30 30 33 30 22 2c 22 69 64 22 3a 22 35 62 30 39 30 35 61 31 65 65 36 66 31 38 32 36 66 31 61 31 30 35 63 34 22 2c 22 74 79 70 65 22 3a 33 38 2c 22 63 6f 6e 74 65 6e 74 22 3a 22 e5 a4 a7 e5 82 bb e9 80 bc 22 7d 
05-26 14:58:40.876  4181  4506 I Socket  : read total length:104
05-26 14:58:40.877  4181  4181 I shipeixian: 98onSocketReadResponse: {"ident":819291,"imei":"C5B20180200030","id":"5b0905a1ee6f1826f1a105c4","type":38,"content":"大傻逼"}
05-26 14:58:40.877  4181  4181 I shipeixian: 您有一条新消息(文字)
05-26 14:58:40.879  4181  4505 D SendData: parse: 26
05-26 14:58:40.879  4181  4505 I Socket  : write bytes: 00 26 00 1a 7b 22 74 79 70 65 22 3a 33 38 2c 22 69 64 65 6e 74 22 3a 38 31 39 32 39 31 7d 
05-26 14:58:40.880  4181  4505 I Socket  : bytes write length:30
05-26 14:58:40.883  4181  4181 D SendData: parse: 26
05-26 14:58:40.883  4181  4181 I shipeixian: onSocketWriteResponse: &{"type":38,"ident":819291}
05-26 14:58:40.883  4181  4181 I shipeixian: type = 38
05-26 14:58:41.390  3594  3594 E Watch   : onDown-----ACTION_DOWN
05-26 14:58:41.463  3594  3594 E Watch   : onScroll-----ACTION_MOVE,(193.19502,116.51453) ,(103.56847,89.62656)
05-26 14:58:41.464  3594  3594 I com.ctyon.watch.ui.activity.HomeFragment$GestureListener: onFling-----ACTION_UP,(193.19502,116.51453) ,(103.56847,89.62656)
05-26 14:58:41.464  3594  3594 E Watch   : onFling----- 向左滑动
05-26 14:58:41.466  3594  3594 E Watch   : 纵向1---16379
05-26 14:58:41.486  3594  3594 E Watch   : isClickfalse
05-26 14:58:41.501   332  1387 D audio_hw_primary: start_output_stream: enter: stream(0xb7743eb8)usecase(1: low-latency-playback) devices(0x2)
05-26 14:58:41.501   332  1387 E msm8916_platform: wcx = 2115
05-26 14:58:41.501   332  1387 D audio_hw_primary: select_devices: out_snd_device(2: speaker) in_snd_device(0: )
05-26 14:58:41.501   332  1387 D hardware_info: hw_info_append_hw_type : device_name = speaker
05-26 14:58:41.501   332  1387 D audio_hw_primary: enable_snd_device: snd_device(2: speaker)
05-26 14:58:41.501   332  1387 I soundtrigger: audio_extn_sound_trigger_update_device_status: device 0x2 of type 0 for Event 1, with Raise=0
05-26 14:58:41.511   332  1387 W audio_hw_utils: audio_extn_utils_update_stream_app_type_cfg: App type could not be selected. Falling back to default
05-26 14:58:41.511   332  1387 I audio_hw_primary: select_devices Selected apptype: 69936
05-26 14:58:41.511   332  1387 D soundtrigger: audio_extn_sound_trigger_update_stream_status: uc_id 1 of type 0 for Event 3, with Raise=0
05-26 14:58:41.511   332  1387 D ACDB-LOADER: ACDB -> send_audio_cal, acdb_id = 14, path =  0
05-26 14:58:41.511   332  1387 D ACDB-LOADER: ACDB -> send_asm_topology
05-26 14:58:41.511   332  1387 D ACDB-LOADER: ACDB -> ACDB_CMD_GET_AUDPROC_STREAM_TOPOLOGY_ID
05-26 14:58:41.511   332  1387 D ACDB-LOADER: ACDB -> send_adm_topology
05-26 14:58:41.511   332  1387 D ACDB-LOADER: ACDB -> ACDB_CMD_GET_AUDPROC_COMMON_TOPOLOGY_ID
05-26 14:58:41.511   332  1387 D ACDB-LOADER: ACDB -> send_audtable
05-26 14:58:41.511   332  1387 D ACDB-LOADER: ACDB -> ACDB_CMD_GET_AUDPROC_COMMON_TABLE_SIZE
05-26 14:58:41.511   332  1387 D ACDB-LOADER: ACDB -> ACDB_CMD_GET_AUDPROC_COMMON_TABLE
05-26 14:58:41.511   332  1387 D ACDB-LOADER: ACDB -> AUDIO_SET_AUDPROC_CAL
05-26 14:58:41.511   332  1387 D ACDB-LOADER: ACDB -> send_audvoltable
05-26 14:58:41.511   332  1387 D ACDB-LOADER: ACDB -> ACDB_CMD_GET_AUDPROC_GAIN_DEP_STEP_TABLE
05-26 14:58:41.511   332  1387 D ACDB-LOADER: ACDB -> AUDIO_SET_AUDPROC_VOL_CAL
05-26 14:58:41.511   332  1387 D ACDB-LOADER: ACDB -> send_afe_cal
05-26 14:58:41.511   332  1387 D ACDB-LOADER: ACDB -> ACDB_CMD_GET_AFE_COMMON_TABLE
05-26 14:58:41.511   332  1387 D ACDB-LOADER: ACDB -> AUDIO_SET_AFE_CAL
05-26 14:58:41.511   332  1387 D ACDB-LOADER: ACDB -> send_hw_delay : acdb_id = 14 path = 0
05-26 14:58:41.511   332  1387 D ACDB-LOADER: ACDB -> ACDB_AVSYNC_INFO: ACDB_CMD_GET_DEVICE_PROPERTY
05-26 14:58:41.512   332  1387 I audio_hw_utils: audio_extn_utils_send_app_type_cfg app_type 69936, acdb_dev_id 14, sample_rate 48000
05-26 14:58:41.512   332  1387 D audio_hw_primary: enable_audio_route: apply mixer and update path: low-latency-playback
05-26 14:58:41.514   332  1387 D audio_hw_primary: select_devices: done
05-26 14:58:41.571   332  1387 D audio_hw_primary: start_output_stream: exit
05-26 14:58:41.940  3594  3594 E Watch   : onDown-----ACTION_DOWN
05-26 14:58:42.014  3594  3594 E Watch   : onScroll-----ACTION_MOVE,(194.19087,99.58506) ,(69.70954,73.69295)
05-26 14:58:42.016  3594  3594 I com.ctyon.watch.ui.activity.HomeFragment$GestureListener: onFling-----ACTION_UP,(194.19087,99.58506) ,(69.70954,73.69295)
05-26 14:58:42.016  3594  3594 E Watch   : onFling----- 向左滑动
05-26 14:58:42.016  3594  3594 E Watch   : 纵向1---16380
05-26 14:58:42.032  3594  3594 E Watch   : isClickfalse
05-26 14:58:42.071   332  1387 D AudioFlinger: mixer(0xb3aa9008) throttle end: throttle time(1)
05-26 14:58:42.480  3594  3594 E Watch   : onDown-----ACTION_DOWN
05-26 14:58:42.518  3594  3594 E Watch   : onScroll-----ACTION_MOVE,(186.22406,87.63486) ,(142.92412,83.34817)
05-26 14:58:42.555  3594  3594 E Watch   : onScroll-----ACTION_MOVE,(186.22406,87.63486) ,(63.73444,76.6805)
